Archive member included to satisfy reference by file (symbol)

C:/ST/STM32CubeIDE_1.13.1/STM32CubeIDE/plugins/com.st.stm32cube.ide.mcu.externaltools.gnu-tools-for-stm32.11.3.rel1.win32_1.1.100.202309141235/tools/bin/../lib/gcc/arm-none-eabi/11.3.1/../../../../arm-none-eabi/lib/thumb/v7e-m+dp/hard\libc_nano.a(libc_a-exit.o)
                              C:/ST/STM32CubeIDE_1.13.1/STM32CubeIDE/plugins/com.st.stm32cube.ide.mcu.externaltools.gnu-tools-for-stm32.11.3.rel1.win32_1.1.100.202309141235/tools/bin/../lib/gcc/arm-none-eabi/11.3.1/../../../../arm-none-eabi/lib/thumb/v7e-m+dp/hard/crt0.o (exit)
C:/ST/STM32CubeIDE_1.13.1/STM32CubeIDE/plugins/com.st.stm32cube.ide.mcu.externaltools.gnu-tools-for-stm32.11.3.rel1.win32_1.1.100.202309141235/tools/bin/../lib/gcc/arm-none-eabi/11.3.1/../../../../arm-none-eabi/lib/thumb/v7e-m+dp/hard\libc_nano.a(libc_a-malloc.o)
                              ./Core/Src/cubemonitor.o (malloc)
C:/ST/STM32CubeIDE_1.13.1/STM32CubeIDE/plugins/com.st.stm32cube.ide.mcu.externaltools.gnu-tools-for-stm32.11.3.rel1.win32_1.1.100.202309141235/tools/bin/../lib/gcc/arm-none-eabi/11.3.1/../../../../arm-none-eabi/lib/thumb/v7e-m+dp/hard\libc_nano.a(libc_a-mallocr.o)
                              C:/ST/STM32CubeIDE_1.13.1/STM32CubeIDE/plugins/com.st.stm32cube.ide.mcu.externaltools.gnu-tools-for-stm32.11.3.rel1.win32_1.1.100.202309141235/tools/bin/../lib/gcc/arm-none-eabi/11.3.1/../../../../arm-none-eabi/lib/thumb/v7e-m+dp/hard\libc_nano.a(libc_a-malloc.o) (_malloc_r)
C:/ST/STM32CubeIDE_1.13.1/STM32CubeIDE/plugins/com.st.stm32cube.ide.mcu.externaltools.gnu-tools-for-stm32.11.3.rel1.win32_1.1.100.202309141235/tools/bin/../lib/gcc/arm-none-eabi/11.3.1/../../../../arm-none-eabi/lib/thumb/v7e-m+dp/hard\libc_nano.a(libc_a-mlock.o)
                              C:/ST/STM32CubeIDE_1.13.1/STM32CubeIDE/plugins/com.st.stm32cube.ide.mcu.externaltools.gnu-tools-for-stm32.11.3.rel1.win32_1.1.100.202309141235/tools/bin/../lib/gcc/arm-none-eabi/11.3.1/../../../../arm-none-eabi/lib/thumb/v7e-m+dp/hard\libc_nano.a(libc_a-mallocr.o) (__malloc_lock)
C:/ST/STM32CubeIDE_1.13.1/STM32CubeIDE/plugins/com.st.stm32cube.ide.mcu.externaltools.gnu-tools-for-stm32.11.3.rel1.win32_1.1.100.202309141235/tools/bin/../lib/gcc/arm-none-eabi/11.3.1/../../../../arm-none-eabi/lib/thumb/v7e-m+dp/hard\libc_nano.a(libc_a-nano-vfprintf_float.o)
                              (_printf_float)
C:/ST/STM32CubeIDE_1.13.1/STM32CubeIDE/plugins/com.st.stm32cube.ide.mcu.externaltools.gnu-tools-for-stm32.11.3.rel1.win32_1.1.100.202309141235/tools/bin/../lib/gcc/arm-none-eabi/11.3.1/../../../../arm-none-eabi/lib/thumb/v7e-m+dp/hard\libc_nano.a(libc_a-nano-vfprintf_i.o)
                              C:/ST/STM32CubeIDE_1.13.1/STM32CubeIDE/plugins/com.st.stm32cube.ide.mcu.externaltools.gnu-tools-for-stm32.11.3.rel1.win32_1.1.100.202309141235/tools/bin/../lib/gcc/arm-none-eabi/11.3.1/../../../../arm-none-eabi/lib/thumb/v7e-m+dp/hard\libc_nano.a(libc_a-nano-vfprintf_float.o) (_printf_common)
C:/ST/STM32CubeIDE_1.13.1/STM32CubeIDE/plugins/com.st.stm32cube.ide.mcu.externaltools.gnu-tools-for-stm32.11.3.rel1.win32_1.1.100.202309141235/tools/bin/../lib/gcc/arm-none-eabi/11.3.1/../../../../arm-none-eabi/lib/thumb/v7e-m+dp/hard\libc_nano.a(libc_a-findfp.o)
                              C:/ST/STM32CubeIDE_1.13.1/STM32CubeIDE/plugins/com.st.stm32cube.ide.mcu.externaltools.gnu-tools-for-stm32.11.3.rel1.win32_1.1.100.202309141235/tools/bin/../lib/gcc/arm-none-eabi/11.3.1/../../../../arm-none-eabi/lib/thumb/v7e-m+dp/hard\libc_nano.a(libc_a-exit.o) (__stdio_exit_handler)
C:/ST/STM32CubeIDE_1.13.1/STM32CubeIDE/plugins/com.st.stm32cube.ide.mcu.externaltools.gnu-tools-for-stm32.11.3.rel1.win32_1.1.100.202309141235/tools/bin/../lib/gcc/arm-none-eabi/11.3.1/../../../../arm-none-eabi/lib/thumb/v7e-m+dp/hard\libc_nano.a(libc_a-fwalk.o)
                              C:/ST/STM32CubeIDE_1.13.1/STM32CubeIDE/plugins/com.st.stm32cube.ide.mcu.externaltools.gnu-tools-for-stm32.11.3.rel1.win32_1.1.100.202309141235/tools/bin/../lib/gcc/arm-none-eabi/11.3.1/../../../../arm-none-eabi/lib/thumb/v7e-m+dp/hard\libc_nano.a(libc_a-findfp.o) (_fwalk_sglue)
C:/ST/STM32CubeIDE_1.13.1/STM32CubeIDE/plugins/com.st.stm32cube.ide.mcu.externaltools.gnu-tools-for-stm32.11.3.rel1.win32_1.1.100.202309141235/tools/bin/../lib/gcc/arm-none-eabi/11.3.1/../../../../arm-none-eabi/lib/thumb/v7e-m+dp/hard\libc_nano.a(libc_a-sprintf.o)
                              ./Core/Src/cubemonitor.o (sprintf)
C:/ST/STM32CubeIDE_1.13.1/STM32CubeIDE/plugins/com.st.stm32cube.ide.mcu.externaltools.gnu-tools-for-stm32.11.3.rel1.win32_1.1.100.202309141235/tools/bin/../lib/gcc/arm-none-eabi/11.3.1/../../../../arm-none-eabi/lib/thumb/v7e-m+dp/hard\libc_nano.a(libc_a-stdio.o)
[...]
Memory Configuration

Name             Origin             Length             Attributes
FLASH            0x0000000008000000 0x0000000000020000 xr
DTCMRAM          0x0000000020000000 0x0000000000020000 xrw
RAM_D1           0x0000000024000000 0x0000000000080000 xrw
RAM_D2           0x0000000030000000 0x0000000000048000 xrw
RAM_D3           0x0000000038000000 0x0000000000010000 xrw
ITCMRAM          0x0000000000000000 0x0000000000010000 xrw
*default*        0x0000000000000000 0xffffffffffffffff

Linker script and memory map

LOAD C:/ST/STM32CubeIDE_1.13.1/STM32CubeIDE/plugins/com.st.stm32cube.ide.mcu.externaltools.gnu-tools-for-stm32.11.3.rel1.win32_1.1.100.202309141235/tools/bin/../lib/gcc/arm-none-eabi/11.3.1/thumb/v7e-m+dp/hard/crti.o
LOAD C:/ST/STM32CubeIDE_1.13.1/STM32CubeIDE/plugins/com.st.stm32cube.ide.mcu.externaltools.gnu-tools-for-stm32.11.3.rel1.win32_1.1.100.202309141235/tools/bin/../lib/gcc/arm-none-eabi/11.3.1/thumb/v7e-m+dp/hard/crtbegin.o
LOAD C:/ST/STM32CubeIDE_1.13.1/STM32CubeIDE/plugins/com.st.stm32cube.ide.mcu.externaltools.gnu-tools-for-stm32.11.3.rel1.win32_1.1.100.202309141235/tools/bin/../lib/gcc/arm-none-eabi/11.3.1/../../../../arm-none-eabi/lib/thumb/v7e-m+dp/hard/crt0.o
LOAD ./Core/Src/cubemonitor.o
LOAD ./Core/Src/main.o
LOAD ./Core/Src/stm32h7xx_hal_msp.o
LOAD ./Core/Src/stm32h7xx_it.o
LOAD ./Core/Src/syscalls.o
LOAD ./Core/Src/sysmem.o
LOAD ./Core/Src/system_stm32h7xx.o
LOAD ./Core/Startup/startup_stm32h750vbtx.o
LOAD ./Drivers/STM32H7xx_HAL_Driver/Src/stm32h7xx_hal.o
LOAD ./Drivers/STM32H7xx_HAL_Driver/Src/stm32h7xx_hal_adc.o
LOAD ./Drivers/STM32H7xx_HAL_Driver/Src/stm32h7xx_hal_adc_ex.o
LOAD ./Drivers/STM32H7xx_HAL_Driver/Src/stm32h7xx_hal_cortex.o
LOAD ./Drivers/STM32H7xx_HAL_Driver/Src/stm32h7xx_hal_dma.o
LOAD ./Drivers/STM32H7xx_HAL_Driver/Src/stm32h7xx_hal_dma_ex.o
LOAD ./Drivers/STM32H7xx_HAL_Driver/Src/stm32h7xx_hal_exti.o
LOAD ./Drivers/STM32H7xx_HAL_Driver/Src/stm32h7xx_hal_flash.o
LOAD ./Drivers/STM32H7xx_HAL_Driver/Src/stm32h7xx_hal_flash_ex.o
LOAD ./Drivers/STM32H7xx_HAL_Driver/Src/stm32h7xx_hal_gpio.o
LOAD ./Drivers/STM32H7xx_HAL_Driver/Src/stm32h7xx_hal_hsem.o
LOAD ./Drivers/STM32H7xx_HAL_Driver/Src/stm32h7xx_hal_i2c.o
LOAD ./Drivers/STM32H7xx_HAL_Driver/Src/stm32h7xx_hal_i2c_ex.o
LOAD ./Drivers/STM32H7xx_HAL_Driver/Src/stm32h7xx_hal_mdma.o
LOAD ./Drivers/STM32H7xx_HAL_Driver/Src/stm32h7xx_hal_pcd.o
LOAD ./Drivers/STM32H7xx_HAL_Driver/Src/stm32h7xx_hal_pcd_ex.o
LOAD ./Drivers/STM32H7xx_HAL_Driver/Src/stm32h7xx_hal_pwr.o
LOAD ./Drivers/STM32H7xx_HAL_Driver/Src/stm32h7xx_hal_pwr_ex.o
LOAD ./Drivers/STM32H7xx_HAL_Driver/Src/stm32h7xx_hal_rcc.o
LOAD ./Drivers/STM32H7xx_HAL_Driver/Src/stm32h7xx_hal_rcc_ex.o
LOAD ./Drivers/STM32H7xx_HAL_Driver/Src/stm32h7xx_hal_tim.o
LOAD ./Drivers/STM32H7xx_HAL_Driver/Src/stm32h7xx_hal_tim_ex.o
LOAD ./Drivers/STM32H7xx_HAL_Driver/Src/stm32h7xx_ll_usb.o
LOAD ./Middlewares/ST/STM32_USB_Device_Library/Class/CDC/Src/usbd_cdc.o
LOAD ./Middlewares/ST/STM32_USB_Device_Library/Core/Src/usbd_core.o
LOAD ./Middlewares/ST/STM32_USB_Device_Library/Core/Src/usbd_ctlreq.o
LOAD ./Middlewares/ST/STM32_USB_Device_Library/Core/Src/usbd_ioreq.o
LOAD ./USB_DEVICE/App/usb_device.o
LOAD ./USB_DEVICE/App/usbd_cdc_if.o
LOAD ./USB_DEVICE/App/usbd_desc.o
LOAD ./USB_DEVICE/Target/usbd_conf.o
START GROUP
LOAD C:/ST/STM32CubeIDE_1.13.1/STM32CubeIDE/plugins/com.st.stm32cube.ide.mcu.externaltools.gnu-tools-for-stm32.11.3.rel1.win32_1.1.100.202309141235/tools/bin/../lib/gcc/arm-none-eabi/11.3.1/../../../../arm-none-eabi/lib/thumb/v7e-m+dp/hard\libc_nano.a
LOAD C:/ST/STM32CubeIDE_1.13.1/STM32CubeIDE/plugins/com.st.stm32cube.ide.mcu.externaltools.gnu-tools-for-stm32.11.3.rel1.win32_1.1.100.202309141235/tools/bin/../lib/gcc/arm-none-eabi/11.3.1/../../../../arm-none-eabi/lib/thumb/v7e-m+dp/hard\libm.a
END GROUP
START GROUP
LOAD C:/ST/STM32CubeIDE_1.13.1/STM32CubeIDE/plugins/com.st.stm32cube.ide.mcu.externaltools.gnu-tools-for-stm32.11.3.rel1.win32_1.1.100.202309141235/tools/bin/../lib/gcc/arm-none-eabi/11.3.1/thumb/v7e-m+dp/hard\libgcc.a
LOAD C:/ST/STM32CubeIDE_1.13.1/STM32CubeIDE/plugins/com.st.stm32cube.ide.mcu.externaltools.gnu-tools-for-stm32.11.3.rel1.win32_1.1.100.202309141235/tools/bin/../lib/gcc/arm-none-eabi/11.3.1/../../../../arm-none-eabi/lib/thumb/v7e-m+dp/hard\libc_nano.a
END GROUP
START GROUP
LOAD C:/ST/STM32CubeIDE_1.13.1/STM32CubeIDE/plugins/com.st.stm32cube.ide.mcu.externaltools.gnu-tools-for-stm32.11.3.rel1.win32_1.1.100.202309141235/tools/bin/../lib/gcc/arm-none-eabi/11.3.1/thumb/v7e-m+dp/hard\libgcc.a
LOAD C:/ST/STM32CubeIDE_1.13.1/STM32CubeIDE/plugins/com.st.stm32cube.ide.mcu.externaltools.gnu-tools-for-stm32.11.3.rel1.win32_1.1.100.202309141235/tools/bin/../lib/gcc/arm-none-eabi/11.3.1/../../../../arm-none-eabi/lib/thumb/v7e-m+dp/hard\libc_nano.a
LOAD C:/ST/STM32CubeIDE_1.13.1/STM32CubeIDE/plugins/com.st.stm32cube.ide.mcu.externaltools.gnu-tools-for-stm32.11.3.rel1.win32_1.1.100.202309141235/tools/bin/../lib/gcc/arm-none-eabi/11.3.1/../../../../arm-none-eabi/lib/thumb/v7e-m+dp/hard\libnosys.a
END GROUP
START GROUP
LOAD C:/ST/STM32CubeIDE_1.13.1/STM32CubeIDE/plugins/com.st.stm32cube.ide.mcu.externaltools.gnu-tools-for-stm32.11.3.rel1.win32_1.1.100.202309141235/tools/bin/../lib/gcc/arm-none-eabi/11.3.1/thumb/v7e-m+dp/hard\libgcc.a
LOAD C:/ST/STM32CubeIDE_1.13.1/STM32CubeIDE/plugins/com.st.stm32cube.ide.mcu.externaltools.gnu-tools-for-stm32.11.3.rel1.win32_1.1.100.202309141235/tools/bin/../lib/gcc/arm-none-eabi/11.3.1/../../../../arm-none-eabi/lib/thumb/v7e-m+dp/hard\libc_nano.a
LOAD C:/ST/STM32CubeIDE_1.13.1/STM32CubeIDE/plugins/com.st.stm32cube.ide.mcu.externaltools.gnu-tools-for-stm32.11.3.rel1.win32_1.1.100.202309141235/tools/bin/../lib/gcc/arm-none-eabi/11.3.1/../../../../arm-none-eabi/lib/thumb/v7e-m+dp/hard\libnosys.a
END GROUP
LOAD C:/ST/STM32CubeIDE_1.13.1/STM32CubeIDE/plugins/com.st.stm32cube.ide.mcu.externaltools.gnu-tools-for-stm32.11.3.rel1.win32_1.1.100.202309141235/tools/bin/../lib/gcc/arm-none-eabi/11.3.1/thumb/v7e-m+dp/hard/crtend.o
LOAD C:/ST/STM32CubeIDE_1.13.1/STM32CubeIDE/plugins/com.st.stm32cube.ide.mcu.externaltools.gnu-tools-for-stm32.11.3.rel1.win32_1.1.100.202309141235/tools/bin/../lib/gcc/arm-none-eabi/11.3.1/thumb/v7e-m+dp/hard/crtn.o
                0x0000000024080000                _estack = (ORIGIN (RAM_D1) + LENGTH (RAM_D1))
                0x0000000000000200                _Min_Heap_Size = 0x200
                0x0000000000000400                _Min_Stack_Size = 0x400

.isr_vector     0x0000000008000000      0x298
                0x0000000008000000                . = ALIGN (0x4)
 *(.isr_vector)
 .isr_vector    0x0000000008000000      0x298 ./Core/Startup/startup_stm32h750vbtx.o
                0x0000000008000000                g_pfnVectors
                0x0000000008000298                . = ALIGN (0x4)

.text           0x00000000080002a0     0xe464
                0x00000000080002a0                . = ALIGN (0x4)
 *(.text)
 .text          0x00000000080002a0       0x40 C:/ST/STM32CubeIDE_1.13.1/STM32CubeIDE/plugins/com.st.stm32cube.ide.mcu.externaltools.gnu-tools-for-stm32.11.3.rel1.win32_1.1.100.202309141235/tools/bin/../lib/gcc/arm-none-eabi/11.3.1/thumb/v7e-m+dp/hard/crtbegin.o
 .text          0x00000000080002e0       0xa0 C:/ST/STM32CubeIDE_1.13.1/STM32CubeIDE/plugins/com.st.stm32cube.ide.mcu.externaltools.gnu-tools-for-stm32.11.3.rel1.win32_1.1.100.202309141235/tools/bin/../lib/gcc/arm-none-eabi/11.3.1/../../../../arm-none-eabi/lib/thumb/v7e-m+dp/hard\libc_nano.a(libc_a-memchr.o)
                0x00000000080002e0                memchr
 .text          0x0000000008000380       0x10 C:/ST/STM32CubeIDE_1.13.1/STM32CubeIDE/plugins/com.st.stm32cube.ide.mcu.externaltools.gnu-tools-for-stm32.11.3.rel1.win32_1.1.100.202309141235/tools/bin/../lib/gcc/arm-none-eabi/11.3.1/../../../../arm-none-eabi/lib/thumb/v7e-m+dp/hard\libc_nano.a(libc_a-strlen.o)
                0x0000000008000380                strlen
 *(.text*)
 .text.CubeM_DefChNamesInit
                0x0000000008000390       0x44 ./Core/Src/cubemonitor.o
                0x0000000008000390                CubeM_DefChNamesInit
 .text.CubeM_init
                0x00000000080003d4       0x28 ./Core/Src/cubemonitor.o
                0x00000000080003d4                CubeM_init
 .text.CubeM_checkIsSent
                0x00000000080003fc       0x3c ./Core/Src/cubemonitor.o
                0x00000000080003fc                CubeM_checkIsSent
 .text.CubeM_checkFirstValue
                0x0000000008000438       0x28 ./Core/Src/cubemonitor.o
                0x0000000008000438                CubeM_checkFirstValue
 .text.CubeM_setBufferSize
                0x0000000008000460       0x4c ./Core/Src/cubemonitor.o
                0x0000000008000460                CubeM_setBufferSize
 .text.CubeM_setChannelname
                0x00000000080004ac       0x50 ./Core/Src/cubemonitor.o
                0x00000000080004ac                CubeM_setChannelname
 .text.CubeM_attendUIntValue
                0x00000000080004fc       0xc8 ./Core/Src/cubemonitor.o
                0x00000000080004fc                CubeM_attendUIntValue
 .text.CubeM_attendIntValue
                0x00000000080005c4       0xcc ./Core/Src/cubemonitor.o
                0x00000000080005c4                CubeM_attendIntValue
 .text.CubeM_attendFloatValue
                0x0000000008000690       0xec ./Core/Src/cubemonitor.o
                0x0000000008000690                CubeM_attendFloatValue
 .text.CubeM_sendBuffer
                0x000000000800077c       0x48 ./Core/Src/cubemonitor.o
                0x000000000800077c                CubeM_sendBuffer
 .text.main     0x00000000080007c4       0x68 ./Core/Src/main.o
                0x00000000080007c4                main
 .text.SystemClock_Config
                0x000000000800082c      0x15c ./Core/Src/main.o
                0x000000000800082c                SystemClock_Config
 .text.PeriphCommonClock_Config
                0x0000000008000988       0x5e ./Core/Src/main.o
                0x0000000008000988                PeriphCommonClock_Config
 *fill*         0x00000000080009e6        0x2 
 .text.MX_ADC1_Init
                0x00000000080009e8       0xf4 ./Core/Src/main.o
 .text.MX_ADC2_Init
                0x0000000008000adc       0xd0 ./Core/Src/main.o
 .text.MX_ADC3_Init
                0x0000000008000bac       0xd0 ./Core/Src/main.o
 .text.MX_GPIO_Init
                0x0000000008000c7c       0x70 ./Core/Src/main.o
 .text.Error_Handler
                0x0000000008000cec        0xa ./Core/Src/main.o
                0x0000000008000cec                Error_Handler
 *fill*         0x0000000008000cf6        0x2 
 .text.HAL_MspInit
                0x0000000008000cf8       0x34 ./Core/Src/stm32h7xx_hal_msp.o
                0x0000000008000cf8                HAL_MspInit
 .text.HAL_ADC_MspInit
                0x0000000008000d2c      0x180 ./Core/Src/stm32h7xx_hal_msp.o
                0x0000000008000d2c                HAL_ADC_MspInit
 .text.NMI_Handler
                0x0000000008000eac        0x6 ./Core/Src/stm32h7xx_it.o
                0x0000000008000eac                NMI_Handler
 .text.HardFault_Handler
                0x0000000008000eb2        0x6 ./Core/Src/stm32h7xx_it.o
                0x0000000008000eb2                HardFault_Handler
 .text.MemManage_Handler
                0x0000000008000eb8        0x6 ./Core/Src/stm32h7xx_it.o
                0x0000000008000eb8                MemManage_Handler
 .text.BusFault_Handler
                0x0000000008000ebe        0x6 ./Core/Src/stm32h7xx_it.o
                0x0000000008000ebe                BusFault_Handler
 .text.UsageFault_Handler
                0x0000000008000ec4        0x6 ./Core/Src/stm32h7xx_it.o
                0x0000000008000ec4                UsageFault_Handler
 .text.SVC_Handler
                0x0000000008000eca        0xe ./Core/Src/stm32h7xx_it.o
                0x0000000008000eca                SVC_Handler
 .text.DebugMon_Handler
                0x0000000008000ed8        0xe ./Core/Src/stm32h7xx_it.o
                0x0000000008000ed8                DebugMon_Handler
 .text.PendSV_Handler
                0x0000000008000ee6        0xe ./Core/Src/stm32h7xx_it.o
                0x0000000008000ee6                PendSV_Handler
 .text.SysTick_Handler
                0x0000000008000ef4        0xc ./Core/Src/stm32h7xx_it.o
                0x0000000008000ef4                SysTick_Handler
 .text.OTG_FS_IRQHandler
                0x0000000008000f00       0x14 ./Core/Src/stm32h7xx_it.o
                0x0000000008000f00                OTG_FS_IRQHandler
 .text._getpid  0x0000000008000f14       0x10 ./Core/Src/syscalls.o
                0x0000000008000f14                _getpid
 .text._kill    0x0000000008000f24       0x20 ./Core/Src/syscalls.o
                0x0000000008000f24                _kill
 .text._exit    0x0000000008000f44       0x14 ./Core/Src/syscalls.o
                0x0000000008000f44                _exit
 .text._read    0x0000000008000f58       0x3a ./Core/Src/syscalls.o
                0x0000000008000f58                _read
 .text._write   0x0000000008000f92       0x38 ./Core/Src/syscalls.o
                0x0000000008000f92                _write
 .text._close   0x0000000008000fca       0x18 ./Core/Src/syscalls.o
                0x0000000008000fca                _close
 .text._fstat   0x0000000008000fe2       0x20 ./Core/Src/syscalls.o
                0x0000000008000fe2                _fstat
 .text._isatty  0x0000000008001002       0x16 ./Core/Src/syscalls.o
                0x0000000008001002                _isatty
 .text._lseek   0x0000000008001018       0x1a ./Core/Src/syscalls.o
                0x0000000008001018                _lseek
 *fill*         0x0000000008001032        0x2 
 .text._sbrk    0x0000000008001034       0x6c ./Core/Src/sysmem.o
                0x0000000008001034                _sbrk
 .text.SystemInit
                0x00000000080010a0      0x110 ./Core/Src/system_stm32h7xx.o
                0x00000000080010a0                SystemInit
 .text.Reset_Handler
                0x00000000080011b0       0x50 ./Core/Startup/startup_stm32h750vbtx.o
                0x00000000080011b0                Reset_Handler
 .text.Default_Handler
                0x0000000008001200        0x2 ./Core/Startup/startup_stm32h750vbtx.o
                0x0000000008001200                RTC_Alarm_IRQHandler
                0x0000000008001200                HASH_RNG_IRQHandler
                0x0000000008001200                EXTI2_IRQHandler
                0x0000000008001200                TIM8_CC_IRQHandler
                0x0000000008001200                HRTIM1_Master_IRQHandler
                0x0000000008001200                UART8_IRQHandler
                0x0000000008001200                SPI4_IRQHandler
                0x0000000008001200                TIM1_CC_IRQHandler
                0x0000000008001200                BDMA_Channel6_IRQHandler
                0x0000000008001200                DMA2_Stream5_IRQHandler
                0x0000000008001200                HRTIM1_FLT_IRQHandler
                0x0000000008001200                JPEG_IRQHandler
                0x0000000008001200                DMA1_Stream5_IRQHandler
                0x0000000008001200                BDMA_Channel1_IRQHandler
                0x0000000008001200                HRTIM1_TIMD_IRQHandler
                0x0000000008001200                TAMP_STAMP_IRQHandler
                0x0000000008001200                EXTI3_IRQHandler
                0x0000000008001200                LPTIM4_IRQHandler
                0x0000000008001200                TIM8_TRG_COM_TIM14_IRQHandler
                0x0000000008001200                LPTIM2_IRQHandler
                0x0000000008001200                DFSDM1_FLT1_IRQHandler
                0x0000000008001200                DMAMUX2_OVR_IRQHandler
                0x0000000008001200                TIM8_UP_TIM13_IRQHandler
                0x0000000008001200                I2C3_ER_IRQHandler
                0x0000000008001200                DFSDM1_FLT2_IRQHandler
                0x0000000008001200                MDMA_IRQHandler
                0x0000000008001200                LPTIM3_IRQHandler
                0x0000000008001200                HSEM1_IRQHandler
                0x0000000008001200                EXTI0_IRQHandler
                0x0000000008001200                I2C2_EV_IRQHandler
                0x0000000008001200                DMA1_Stream2_IRQHandler
                0x0000000008001200                FPU_IRQHandler
                0x0000000008001200                OTG_HS_WKUP_IRQHandler
                0x0000000008001200                FDCAN1_IT1_IRQHandler
                0x0000000008001200                LTDC_ER_IRQHandler
                0x0000000008001200                DMA2_Stream2_IRQHandler
                0x0000000008001200                HRTIM1_TIME_IRQHandler
                0x0000000008001200                SPI1_IRQHandler
                0x0000000008001200                TIM6_DAC_IRQHandler
                0x0000000008001200                DCMI_IRQHandler
                0x0000000008001200                HRTIM1_TIMC_IRQHandler
                0x0000000008001200                DMA2_Stream3_IRQHandler
                0x0000000008001200                SAI2_IRQHandler
                0x0000000008001200                DFSDM1_FLT3_IRQHandler
                0x0000000008001200                USART6_IRQHandler
                0x0000000008001200                TIM17_IRQHandler
                0x0000000008001200                USART3_IRQHandler
                0x0000000008001200                BDMA_Channel7_IRQHandler
                0x0000000008001200                CRYP_IRQHandler
                0x0000000008001200                LPTIM5_IRQHandler
                0x0000000008001200                UART5_IRQHandler
                0x0000000008001200                ADC3_IRQHandler
                0x0000000008001200                DMA2_Stream0_IRQHandler
                0x0000000008001200                TIM4_IRQHandler
                0x0000000008001200                BDMA_Channel2_IRQHandler
                0x0000000008001200                QUADSPI_IRQHandler
                0x0000000008001200                I2C1_EV_IRQHandler
                0x0000000008001200                DMA1_Stream6_IRQHandler
                0x0000000008001200                DMAMUX1_OVR_IRQHandler
                0x0000000008001200                DMA1_Stream1_IRQHandler
                0x0000000008001200                TIM16_IRQHandler
                0x0000000008001200                UART4_IRQHandler
                0x0000000008001200                BDMA_Channel5_IRQHandler
                0x0000000008001200                TIM3_IRQHandler
                0x0000000008001200                RCC_IRQHandler
                0x0000000008001200                TIM8_BRK_TIM12_IRQHandler
                0x0000000008001200                TIM1_TRG_COM_IRQHandler
                0x0000000008001200                Default_Handler
                0x0000000008001200                ECC_IRQHandler
                0x0000000008001200                CEC_IRQHandler
                0x0000000008001200                EXTI15_10_IRQHandler
                0x0000000008001200                BDMA_Channel0_IRQHandler
                0x0000000008001200                ADC_IRQHandler
                0x0000000008001200                DMA1_Stream7_IRQHandler
                0x0000000008001200                HRTIM1_TIMA_IRQHandler
                0x0000000008001200                SPI5_IRQHandler
                0x0000000008001200                TIM7_IRQHandler
                0x0000000008001200                SDMMC1_IRQHandler
                0x0000000008001200                TIM5_IRQHandler
                0x0000000008001200                DMA2_Stream7_IRQHandler
                0x0000000008001200                TIM15_IRQHandler
                0x0000000008001200                PVD_AVD_IRQHandler
                0x0000000008001200                I2C3_EV_IRQHandler
                0x0000000008001200                EXTI9_5_IRQHandler
                0x0000000008001200                RTC_WKUP_IRQHandler
                0x0000000008001200                LTDC_IRQHandler
                0x0000000008001200                SAI3_IRQHandler
                0x0000000008001200                ETH_WKUP_IRQHandler
                0x0000000008001200                SPDIF_RX_IRQHandler
                0x0000000008001200                SPI2_IRQHandler
                0x0000000008001200                OTG_HS_EP1_IN_IRQHandler
                0x0000000008001200                DMA1_Stream0_IRQHandler
                0x0000000008001200                CRS_IRQHandler
                0x0000000008001200                EXTI4_IRQHandler
                0x0000000008001200                HRTIM1_TIMB_IRQHandler
                0x0000000008001200                FDCAN2_IT1_IRQHandler
                0x0000000008001200                ETH_IRQHandler
                0x0000000008001200                TIM1_UP_IRQHandler
                0x0000000008001200                BDMA_Channel4_IRQHandler
                0x0000000008001200                OTG_HS_EP1_OUT_IRQHandler
                0x0000000008001200                WWDG_IRQHandler
                0x0000000008001200                SPI6_IRQHandler
                0x0000000008001200                MDIOS_IRQHandler
                0x0000000008001200                I2C4_EV_IRQHandler
                0x0000000008001200                FDCAN2_IT0_IRQHandler
                0x0000000008001200                LPUART1_IRQHandler
                0x0000000008001200                FDCAN1_IT0_IRQHandler
                0x0000000008001200                TIM2_IRQHandler
                0x0000000008001200                OTG_FS_WKUP_IRQHandler
                0x0000000008001200                OTG_HS_IRQHandler
                0x0000000008001200                DMA2D_IRQHandler
                0x0000000008001200                TIM1_BRK_IRQHandler
                0x0000000008001200                EXTI1_IRQHandler
                0x0000000008001200                SDMMC2_IRQHandler
                0x0000000008001200                OTG_FS_EP1_OUT_IRQHandler
                0x0000000008001200                BDMA_Channel3_IRQHandler
                0x0000000008001200                UART7_IRQHandler
                0x0000000008001200                MDIOS_WKUP_IRQHandler
                0x0000000008001200                USART2_IRQHandler
                0x0000000008001200                DFSDM1_FLT0_IRQHandler
                0x0000000008001200                SAI4_IRQHandler
                0x0000000008001200                I2C2_ER_IRQHandler
                0x0000000008001200                DMA2_Stream1_IRQHandler
                0x0000000008001200                FLASH_IRQHandler
                0x0000000008001200                DMA2_Stream4_IRQHandler
                0x0000000008001200                USART1_IRQHandler
                0x0000000008001200                SPI3_IRQHandler
                0x0000000008001200                WAKEUP_PIN_IRQHandler
                0x0000000008001200                DMA1_Stream4_IRQHandler
                0x0000000008001200                OTG_FS_EP1_IN_IRQHandler
                0x0000000008001200                I2C1_ER_IRQHandler
                0x0000000008001200                FMC_IRQHandler
                0x0000000008001200                FDCAN_CAL_IRQHandler
                0x0000000008001200                SWPMI1_IRQHandler
                0x0000000008001200                COMP1_IRQHandler
                0x0000000008001200                LPTIM1_IRQHandler
                0x0000000008001200                I2C4_ER_IRQHandler
                0x0000000008001200                DMA2_Stream6_IRQHandler
                0x0000000008001200                SAI1_IRQHandler
                0x0000000008001200                DMA1_Stream3_IRQHandler
 *fill*         0x0000000008001202        0x2 
 .text.HAL_Init
                0x0000000008001204       0x78 ./Drivers/STM32H7xx_HAL_Driver/Src/stm32h7xx_hal.o
                0x0000000008001204                HAL_Init
 .text.HAL_InitTick
                0x000000000800127c       0x6c ./Drivers/STM32H7xx_HAL_Driver/Src/stm32h7xx_hal.o
                0x000000000800127c                HAL_InitTick
 .text.HAL_IncTick
                0x00000000080012e8       0x28 ./Drivers/STM32H7xx_HAL_Driver/Src/stm32h7xx_hal.o
                0x00000000080012e8                HAL_IncTick
 .text.HAL_GetTick
                0x0000000008001310       0x18 ./Drivers/STM32H7xx_HAL_Driver/Src/stm32h7xx_hal.o
                0x0000000008001310                HAL_GetTick
 .text.HAL_Delay
                0x0000000008001328       0x48 ./Drivers/STM32H7xx_HAL_Driver/Src/stm32h7xx_hal.o
                0x0000000008001328                HAL_Delay
 .text.HAL_GetREVID
                0x0000000008001370       0x18 ./Drivers/STM32H7xx_HAL_Driver/Src/stm32h7xx_hal.o
                0x0000000008001370                HAL_GetREVID
 .text.HAL_SYSCFG_AnalogSwitchConfig
                0x0000000008001388       0x2c ./Drivers/STM32H7xx_HAL_Driver/Src/stm32h7xx_hal.o
                0x0000000008001388                HAL_SYSCFG_AnalogSwitchConfig
 .text.LL_ADC_SetCommonClock
                0x00000000080013b4       0x26 ./Drivers/STM32H7xx_HAL_Driver/Src/stm32h7xx_hal_adc.o
 .text.LL_ADC_SetCommonPathInternalCh
                0x00000000080013da       0x26 ./Drivers/STM32H7xx_HAL_Driver/Src/stm32h7xx_hal_adc.o
 .text.LL_ADC_GetCommonPathInternalCh
                0x0000000008001400       0x1c ./Drivers/STM32H7xx_HAL_Driver/Src/stm32h7xx_hal_adc.o
 .text.LL_ADC_SetOffset
                0x000000000800141c       0x40 ./Drivers/STM32H7xx_HAL_Driver/Src/stm32h7xx_hal_adc.o
 .text.LL_ADC_SetDataRightShift
                0x000000000800145c       0x32 ./Drivers/STM32H7xx_HAL_Driver/Src/stm32h7xx_hal_adc.o
 .text.LL_ADC_SetOffsetSignedSaturation
                0x000000000800148e       0x36 ./Drivers/STM32H7xx_HAL_Driver/Src/stm32h7xx_hal_adc.o
 .text.LL_ADC_REG_SetSequencerRanks
                0x00000000080014c4       0x58 ./Drivers/STM32H7xx_HAL_Driver/Src/stm32h7xx_hal_adc.o
 .text.LL_ADC_SetChannelSamplingTime
                0x000000000800151c       0x56 ./Drivers/STM32H7xx_HAL_Driver/Src/stm32h7xx_hal_adc.o
 *fill*         0x0000000008001572        0x2 
 .text.LL_ADC_SetChannelSingleDiff
                0x0000000008001574       0x48 ./Drivers/STM32H7xx_HAL_Driver/Src/stm32h7xx_hal_adc.o
 .text.LL_ADC_DisableDeepPowerDown
                0x00000000080015bc       0x24 ./Drivers/STM32H7xx_HAL_Driver/Src/stm32h7xx_hal_adc.o
 .text.LL_ADC_IsDeepPowerDownEnabled
                0x00000000080015e0       0x28 ./Drivers/STM32H7xx_HAL_Driver/Src/stm32h7xx_hal_adc.o
 .text.LL_ADC_EnableInternalRegulator
                0x0000000008001608       0x28 ./Drivers/STM32H7xx_HAL_Driver/Src/stm32h7xx_hal_adc.o
 .text.LL_ADC_IsInternalRegulatorEnabled
                0x0000000008001630       0x28 ./Drivers/STM32H7xx_HAL_Driver/Src/stm32h7xx_hal_adc.o
 .text.LL_ADC_IsEnabled
                0x0000000008001658       0x26 ./Drivers/STM32H7xx_HAL_Driver/Src/stm32h7xx_hal_adc.o
 .text.LL_ADC_REG_IsConversionOngoing
                0x000000000800167e       0x26 ./Drivers/STM32H7xx_HAL_Driver/Src/stm32h7xx_hal_adc.o
 .text.LL_ADC_INJ_IsConversionOngoing
                0x00000000080016a4       0x26 ./Drivers/STM32H7xx_HAL_Driver/Src/stm32h7xx_hal_adc.o
 *fill*         0x00000000080016ca        0x2 
 .text.HAL_ADC_Init
                0x00000000080016cc      0x344 ./Drivers/STM32H7xx_HAL_Driver/Src/stm32h7xx_hal_adc.o
                0x00000000080016cc                HAL_ADC_Init
 .text.HAL_ADC_ConfigChannel
                0x0000000008001a10      0x6a0 ./Drivers/STM32H7xx_HAL_Driver/Src/stm32h7xx_hal_adc.o
                0x0000000008001a10                HAL_ADC_ConfigChannel
 .text.ADC_ConfigureBoostMode
                0x00000000080020b0      0x218 ./Drivers/STM32H7xx_HAL_Driver/Src/stm32h7xx_hal_adc.o
                0x00000000080020b0                ADC_ConfigureBoostMode
 .text.LL_ADC_IsEnabled
                0x00000000080022c8       0x26 ./Drivers/STM32H7xx_HAL_Driver/Src/stm32h7xx_hal_adc_ex.o
 .text.LL_ADC_REG_IsConversionOngoing
                0x00000000080022ee       0x26 ./Drivers/STM32H7xx_HAL_Driver/Src/stm32h7xx_hal_adc_ex.o
 .text.HAL_ADCEx_MultiModeConfigChannel
                0x0000000008002314      0x1bc ./Drivers/STM32H7xx_HAL_Driver/Src/stm32h7xx_hal_adc_ex.o
                0x0000000008002314                HAL_ADCEx_MultiModeConfigChannel
 .text.__NVIC_SetPriorityGrouping
                0x00000000080024d0       0x48 ./Drivers/STM32H7xx_HAL_Driver/Src/stm32h7xx_hal_cortex.o
 .text.__NVIC_GetPriorityGrouping
                0x0000000008002518       0x1c ./Drivers/STM32H7xx_HAL_Driver/Src/stm32h7xx_hal_cortex.o
 .text.__NVIC_EnableIRQ
                0x0000000008002534       0x3c ./Drivers/STM32H7xx_HAL_Driver/Src/stm32h7xx_hal_cortex.o
 .text.__NVIC_SetPriority
                0x0000000008002570       0x54 ./Drivers/STM32H7xx_HAL_Driver/Src/stm32h7xx_hal_cortex.o
 .text.NVIC_EncodePriority
                0x00000000080025c4       0x66 ./Drivers/STM32H7xx_HAL_Driver/Src/stm32h7xx_hal_cortex.o
 *fill*         0x000000000800262a        0x2 
 .text.SysTick_Config
                0x000000000800262c       0x44 ./Drivers/STM32H7xx_HAL_Driver/Src/stm32h7xx_hal_cortex.o
 .text.HAL_NVIC_SetPriorityGrouping
                0x0000000008002670       0x16 ./Drivers/STM32H7xx_HAL_Driver/Src/stm32h7xx_hal_cortex.o
                0x0000000008002670                HAL_NVIC_SetPriorityGrouping
 .text.HAL_NVIC_SetPriority
                0x0000000008002686       0x34 ./Drivers/STM32H7xx_HAL_Driver/Src/stm32h7xx_hal_cortex.o
                0x0000000008002686                HAL_NVIC_SetPriority
 .text.HAL_NVIC_EnableIRQ
                0x00000000080026ba       0x1c ./Drivers/STM32H7xx_HAL_Driver/Src/stm32h7xx_hal_cortex.o
                0x00000000080026ba                HAL_NVIC_EnableIRQ
 .text.HAL_SYSTICK_Config
                0x00000000080026d6       0x18 ./Drivers/STM32H7xx_HAL_Driver/Src/stm32h7xx_hal_cortex.o
                0x00000000080026d6                HAL_SYSTICK_Config
 *fill*         0x00000000080026ee        0x2 
 .text.HAL_GPIO_Init
                0x00000000080026f0      0x360 ./Drivers/STM32H7xx_HAL_Driver/Src/stm32h7xx_hal_gpio.o
                0x00000000080026f0                HAL_GPIO_Init
 .text.HAL_PCD_Init
                0x0000000008002a50      0x248 ./Drivers/STM32H7xx_HAL_Driver/Src/stm32h7xx_hal_pcd.o
                0x0000000008002a50                HAL_PCD_Init
 .text.HAL_PCD_Start
                0x0000000008002c98       0x6a ./Drivers/STM32H7xx_HAL_Driver/Src/stm32h7xx_hal_pcd.o
                0x0000000008002c98                HAL_PCD_Start
 .text.HAL_PCD_IRQHandler
                0x0000000008002d02      0x998 ./Drivers/STM32H7xx_HAL_Driver/Src/stm32h7xx_hal_pcd.o
                0x0000000008002d02                HAL_PCD_IRQHandler
 .text.HAL_PCD_SetAddress
                0x000000000800369a       0x4a ./Drivers/STM32H7xx_HAL_Driver/Src/stm32h7xx_hal_pcd.o
                0x000000000800369a                HAL_PCD_SetAddress
 .text.HAL_PCD_EP_Open
                0x00000000080036e4       0xd0 ./Drivers/STM32H7xx_HAL_Driver/Src/stm32h7xx_hal_pcd.o
                0x00000000080036e4                HAL_PCD_EP_Open
 .text.HAL_PCD_EP_Close
                0x00000000080037b4       0x94 ./Drivers/STM32H7xx_HAL_Driver/Src/stm32h7xx_hal_pcd.o
                0x00000000080037b4                HAL_PCD_EP_Close
 .text.HAL_PCD_EP_Receive
                0x0000000008003848       0x78 ./Drivers/STM32H7xx_HAL_Driver/Src/stm32h7xx_hal_pcd.o
                0x0000000008003848                HAL_PCD_EP_Receive
 .text.HAL_PCD_EP_GetRxCount
                0x00000000080038c0       0x30 ./Drivers/STM32H7xx_HAL_Driver/Src/stm32h7xx_hal_pcd.o
                0x00000000080038c0                HAL_PCD_EP_GetRxCount
 .text.HAL_PCD_EP_Transmit
                0x00000000080038f0       0x76 ./Drivers/STM32H7xx_HAL_Driver/Src/stm32h7xx_hal_pcd.o
                0x00000000080038f0                HAL_PCD_EP_Transmit
 .text.HAL_PCD_EP_SetStall
                0x0000000008003966       0xc8 ./Drivers/STM32H7xx_HAL_Driver/Src/stm32h7xx_hal_pcd.o
                0x0000000008003966                HAL_PCD_EP_SetStall
 .text.HAL_PCD_EP_ClrStall
                0x0000000008003a2e       0xac ./Drivers/STM32H7xx_HAL_Driver/Src/stm32h7xx_hal_pcd.o
                0x0000000008003a2e                HAL_PCD_EP_ClrStall
 .text.HAL_PCD_EP_Abort
                0x0000000008003ada       0x62 ./Drivers/STM32H7xx_HAL_Driver/Src/stm32h7xx_hal_pcd.o
                0x0000000008003ada                HAL_PCD_EP_Abort
 .text.PCD_WriteEmptyTxFifo
                0x0000000008003b3c      0x11a ./Drivers/STM32H7xx_HAL_Driver/Src/stm32h7xx_hal_pcd.o
 *fill*         0x0000000008003c56        0x2 
 .text.PCD_EP_OutXfrComplete_int
                0x0000000008003c58      0x1d0 ./Drivers/STM32H7xx_HAL_Driver/Src/stm32h7xx_hal_pcd.o
 .text.PCD_EP_OutSetupPacket_int
                0x0000000008003e28       0x8c ./Drivers/STM32H7xx_HAL_Driver/Src/stm32h7xx_hal_pcd.o
 .text.HAL_PCDEx_SetTxFiFo
                0x0000000008003eb4       0x8e ./Drivers/STM32H7xx_HAL_Driver/Src/stm32h7xx_hal_pcd_ex.o
                0x0000000008003eb4                HAL_PCDEx_SetTxFiFo
 .text.HAL_PCDEx_SetRxFiFo
                0x0000000008003f42       0x22 ./Drivers/STM32H7xx_HAL_Driver/Src/stm32h7xx_hal_pcd_ex.o
                0x0000000008003f42                HAL_PCDEx_SetRxFiFo
 .text.HAL_PCDEx_ActivateLPM
                0x0000000008003f64       0x48 ./Drivers/STM32H7xx_HAL_Driver/Src/stm32h7xx_hal_pcd_ex.o
                0x0000000008003f64                HAL_PCDEx_ActivateLPM
 .text.HAL_PCDEx_LPM_Callback
                0x0000000008003fac       0x18 ./Drivers/STM32H7xx_HAL_Driver/Src/stm32h7xx_hal_pcd_ex.o
                0x0000000008003fac                HAL_PCDEx_LPM_Callback
 .text.HAL_PWREx_ConfigSupply
                0x0000000008003fc4       0x74 ./Drivers/STM32H7xx_HAL_Driver/Src/stm32h7xx_hal_pwr_ex.o
                0x0000000008003fc4                HAL_PWREx_ConfigSupply
 .text.HAL_PWREx_EnableUSBVoltageDetector
                0x0000000008004038       0x20 ./Drivers/STM32H7xx_HAL_Driver/Src/stm32h7xx_hal_pwr_ex.o
                0x0000000008004038                HAL_PWREx_EnableUSBVoltageDetector
 .text.HAL_RCC_OscConfig
                0x0000000008004058      0x8b4 ./Drivers/STM32H7xx_HAL_Driver/Src/stm32h7xx_hal_rcc.o
                0x0000000008004058                HAL_RCC_OscConfig
 .text.HAL_RCC_ClockConfig
                0x000000000800490c      0x36c ./Drivers/STM32H7xx_HAL_Driver/Src/stm32h7xx_hal_rcc.o
                0x000000000800490c                HAL_RCC_ClockConfig
 .text.HAL_RCC_GetSysClockFreq
                0x0000000008004c78      0x2f4 ./Drivers/STM32H7xx_HAL_Driver/Src/stm32h7xx_hal_rcc.o
                0x0000000008004c78                HAL_RCC_GetSysClockFreq
 .text.HAL_RCC_GetHCLKFreq
                0x0000000008004f6c       0x60 ./Drivers/STM32H7xx_HAL_Driver/Src/stm32h7xx_hal_rcc.o
                0x0000000008004f6c                HAL_RCC_GetHCLKFreq
 .text.HAL_RCC_GetPCLK1Freq
                0x0000000008004fcc       0x2c ./Drivers/STM32H7xx_HAL_Driver/Src/stm32h7xx_hal_rcc.o
                0x0000000008004fcc                HAL_RCC_GetPCLK1Freq
 .text.HAL_RCCEx_PeriphCLKConfig
                0x0000000008004ff8     0x1414 ./Drivers/STM32H7xx_HAL_Driver/Src/stm32h7xx_hal_rcc_ex.o
                0x0000000008004ff8                HAL_RCCEx_PeriphCLKConfig
 .text.HAL_RCCEx_GetPeriphCLKFreq
                0x000000000800640c      0xb00 ./Drivers/STM32H7xx_HAL_Driver/Src/stm32h7xx_hal_rcc_ex.o
                0x000000000800640c                HAL_RCCEx_GetPeriphCLKFreq
 .text.HAL_RCCEx_GetD3PCLK1Freq
                0x0000000008006f0c       0x2c ./Drivers/STM32H7xx_HAL_Driver/Src/stm32h7xx_hal_rcc_ex.o
                0x0000000008006f0c                HAL_RCCEx_GetD3PCLK1Freq
 .text.HAL_RCCEx_GetPLL2ClockFreq
                0x0000000008006f38      0x2a8 ./Drivers/STM32H7xx_HAL_Driver/Src/stm32h7xx_hal_rcc_ex.o
                0x0000000008006f38                HAL_RCCEx_GetPLL2ClockFreq
 .text.HAL_RCCEx_GetPLL3ClockFreq
                0x00000000080071e0      0x2a8 ./Drivers/STM32H7xx_HAL_Driver/Src/stm32h7xx_hal_rcc_ex.o
                0x00000000080071e0                HAL_RCCEx_GetPLL3ClockFreq
 .text.HAL_RCCEx_GetPLL1ClockFreq
                0x0000000008007488      0x2a4 ./Drivers/STM32H7xx_HAL_Driver/Src/stm32h7xx_hal_rcc_ex.o
                0x0000000008007488                HAL_RCCEx_GetPLL1ClockFreq
 .text.RCCEx_PLL2_Config
                0x000000000800772c      0x164 ./Drivers/STM32H7xx_HAL_Driver/Src/stm32h7xx_hal_rcc_ex.o
 .text.RCCEx_PLL3_Config
                0x0000000008007890      0x164 ./Drivers/STM32H7xx_HAL_Driver/Src/stm32h7xx_hal_rcc_ex.o
 .text.USB_CoreInit
                0x00000000080079f4       0xdc ./Drivers/STM32H7xx_HAL_Driver/Src/stm32h7xx_ll_usb.o
                0x00000000080079f4                USB_CoreInit
 .text.USB_SetTurnaroundTime
                0x0000000008007ad0      0x144 ./Drivers/STM32H7xx_HAL_Driver/Src/stm32h7xx_ll_usb.o
                0x0000000008007ad0                USB_SetTurnaroundTime
 .text.USB_EnableGlobalInt
                0x0000000008007c14       0x22 ./Drivers/STM32H7xx_HAL_Driver/Src/stm32h7xx_ll_usb.o
                0x0000000008007c14                USB_EnableGlobalInt
 .text.USB_DisableGlobalInt
                0x0000000008007c36       0x22 ./Drivers/STM32H7xx_HAL_Driver/Src/stm32h7xx_ll_usb.o
                0x0000000008007c36                USB_DisableGlobalInt
 .text.USB_SetCurrentMode
                0x0000000008007c58       0x98 ./Drivers/STM32H7xx_HAL_Driver/Src/stm32h7xx_ll_usb.o
                0x0000000008007c58                USB_SetCurrentMode
 .text.USB_DevInit
                0x0000000008007cf0      0x2bc ./Drivers/STM32H7xx_HAL_Driver/Src/stm32h7xx_ll_usb.o
                0x0000000008007cf0                USB_DevInit
 .text.USB_FlushTxFifo
                0x0000000008007fac       0x68 ./Drivers/STM32H7xx_HAL_Driver/Src/stm32h7xx_ll_usb.o
                0x0000000008007fac                USB_FlushTxFifo
 .text.USB_FlushRxFifo
                0x0000000008008014       0x60 ./Drivers/STM32H7xx_HAL_Driver/Src/stm32h7xx_ll_usb.o
                0x0000000008008014                USB_FlushRxFifo
 .text.USB_SetDevSpeed
                0x0000000008008074       0x32 ./Drivers/STM32H7xx_HAL_Driver/Src/stm32h7xx_ll_usb.o
                0x0000000008008074                USB_SetDevSpeed
 .text.USB_GetDevSpeed
                0x00000000080080a6       0x4a ./Drivers/STM32H7xx_HAL_Driver/Src/stm32h7xx_ll_usb.o
                0x00000000080080a6                USB_GetDevSpeed
 .text.USB_ActivateEndpoint
                0x00000000080080f0      0x110 ./Drivers/STM32H7xx_HAL_Driver/Src/stm32h7xx_ll_usb.o
                0x00000000080080f0                USB_ActivateEndpoint
 .text.USB_DeactivateEndpoint
                0x0000000008008200      0x1b8 ./Drivers/STM32H7xx_HAL_Driver/Src/stm32h7xx_ll_usb.o
                0x0000000008008200                USB_DeactivateEndpoint
 .text.USB_EPStartXfer
                0x00000000080083b8      0x540 ./Drivers/STM32H7xx_HAL_Driver/Src/stm32h7xx_ll_usb.o
                0x00000000080083b8                USB_EPStartXfer
 .text.USB_EPStopXfer
                0x00000000080088f8      0x154 ./Drivers/STM32H7xx_HAL_Driver/Src/stm32h7xx_ll_usb.o
                0x00000000080088f8                USB_EPStopXfer
 .text.USB_WritePacket
                0x0000000008008a4c       0x7c ./Drivers/STM32H7xx_HAL_Driver/Src/stm32h7xx_ll_usb.o
                0x0000000008008a4c                USB_WritePacket
 .text.USB_ReadPacket
                0x0000000008008ac8       0xb0 ./Drivers/STM32H7xx_HAL_Driver/Src/stm32h7xx_ll_usb.o
                0x0000000008008ac8                USB_ReadPacket
 .text.USB_EPSetStall
                0x0000000008008b78       0xdc ./Drivers/STM32H7xx_HAL_Driver/Src/stm32h7xx_ll_usb.o
                0x0000000008008b78                USB_EPSetStall
 .text.USB_EPClearStall
                0x0000000008008c54       0xcc ./Drivers/STM32H7xx_HAL_Driver/Src/stm32h7xx_ll_usb.o
                0x0000000008008c54                USB_EPClearStall
 .text.USB_SetDevAddress
                0x0000000008008d20       0x4c ./Drivers/STM32H7xx_HAL_Driver/Src/stm32h7xx_ll_usb.o
                0x0000000008008d20                USB_SetDevAddress
 .text.USB_DevConnect
                0x0000000008008d6c       0x42 ./Drivers/STM32H7xx_HAL_Driver/Src/stm32h7xx_ll_usb.o
                0x0000000008008d6c                USB_DevConnect
 .text.USB_DevDisconnect
                0x0000000008008dae       0x42 ./Drivers/STM32H7xx_HAL_Driver/Src/stm32h7xx_ll_usb.o
                0x0000000008008dae                USB_DevDisconnect
 .text.USB_ReadInterrupts
                0x0000000008008df0       0x26 ./Drivers/STM32H7xx_HAL_Driver/Src/stm32h7xx_ll_usb.o
                0x0000000008008df0                USB_ReadInterrupts
 .text.USB_ReadDevAllOutEpInterrupt
                0x0000000008008e16       0x34 ./Drivers/STM32H7xx_HAL_Driver/Src/stm32h7xx_ll_usb.o
                0x0000000008008e16                USB_ReadDevAllOutEpInterrupt
 .text.USB_ReadDevAllInEpInterrupt
                0x0000000008008e4a       0x34 ./Drivers/STM32H7xx_HAL_Driver/Src/stm32h7xx_ll_usb.o
                0x0000000008008e4a                USB_ReadDevAllInEpInterrupt
 .text.USB_ReadDevOutEPInterrupt
                0x0000000008008e7e       0x3c ./Drivers/STM32H7xx_HAL_Driver/Src/stm32h7xx_ll_usb.o
                0x0000000008008e7e                USB_ReadDevOutEPInterrupt
 .text.USB_ReadDevInEPInterrupt
                0x0000000008008eba       0x5c ./Drivers/STM32H7xx_HAL_Driver/Src/stm32h7xx_ll_usb.o
                0x0000000008008eba                USB_ReadDevInEPInterrupt
 .text.USB_GetMode
                0x0000000008008f16       0x1c ./Drivers/STM32H7xx_HAL_Driver/Src/stm32h7xx_ll_usb.o
                0x0000000008008f16                USB_GetMode
 *fill*         0x0000000008008f32        0x2 
 .text.USB_ActivateSetup
                0x0000000008008f34       0x48 ./Drivers/STM32H7xx_HAL_Driver/Src/stm32h7xx_ll_usb.o
                0x0000000008008f34                USB_ActivateSetup
 .text.USB_EP0_OutStart
                0x0000000008008f7c       0xbc ./Drivers/STM32H7xx_HAL_Driver/Src/stm32h7xx_ll_usb.o
                0x0000000008008f7c                USB_EP0_OutStart
 .text.USB_CoreReset
                0x0000000008009038       0x68 ./Drivers/STM32H7xx_HAL_Driver/Src/stm32h7xx_ll_usb.o
 .text.USBD_CDC_Init
                0x00000000080090a0      0x1f0 ./Middlewares/ST/STM32_USB_Device_Library/Class/CDC/Src/usbd_cdc.o
 .text.USBD_CDC_DeInit
                0x0000000008009290      0x104 ./Middlewares/ST/STM32_USB_Device_Library/Class/CDC/Src/usbd_cdc.o
 .text.USBD_CDC_Setup
                0x0000000008009394      0x1b8 ./Middlewares/ST/STM32_USB_Device_Library/Class/CDC/Src/usbd_cdc.o
 .text.USBD_CDC_DataIn
                0x000000000800954c       0xfe ./Middlewares/ST/STM32_USB_Device_Library/Class/CDC/Src/usbd_cdc.o
 .text.USBD_CDC_DataOut
                0x000000000800964a       0x70 ./Middlewares/ST/STM32_USB_Device_Library/Class/CDC/Src/usbd_cdc.o
 .text.USBD_CDC_EP0_RxReady
                0x00000000080096ba       0x76 ./Middlewares/ST/STM32_USB_Device_Library/Class/CDC/Src/usbd_cdc.o
 .text.USBD_CDC_GetFSCfgDesc
                0x0000000008009730       0x70 ./Middlewares/ST/STM32_USB_Device_Library/Class/CDC/Src/usbd_cdc.o
 .text.USBD_CDC_GetHSCfgDesc
                0x00000000080097a0       0x70 ./Middlewares/ST/STM32_USB_Device_Library/Class/CDC/Src/usbd_cdc.o
 .text.USBD_CDC_GetOtherSpeedCfgDesc
                0x0000000008009810       0x70 ./Middlewares/ST/STM32_USB_Device_Library/Class/CDC/Src/usbd_cdc.o
 .text.USBD_CDC_GetDeviceQualifierDescriptor
                0x0000000008009880       0x20 ./Middlewares/ST/STM32_USB_Device_Library/Class/CDC/Src/usbd_cdc.o
                0x0000000008009880                USBD_CDC_GetDeviceQualifierDescriptor
 .text.USBD_CDC_RegisterInterface
                0x00000000080098a0       0x34 ./Middlewares/ST/STM32_USB_Device_Library/Class/CDC/Src/usbd_cdc.o
                0x00000000080098a0                USBD_CDC_RegisterInterface
 .text.USBD_CDC_SetTxBuffer
                0x00000000080098d4       0x44 ./Middlewares/ST/STM32_USB_Device_Library/Class/CDC/Src/usbd_cdc.o
                0x00000000080098d4                USBD_CDC_SetTxBuffer
 .text.USBD_CDC_SetRxBuffer
                0x0000000008009918       0x3a ./Middlewares/ST/STM32_USB_Device_Library/Class/CDC/Src/usbd_cdc.o
                0x0000000008009918                USBD_CDC_SetRxBuffer
 *fill*         0x0000000008009952        0x2 
 .text.USBD_CDC_TransmitPacket
                0x0000000008009954       0x80 ./Middlewares/ST/STM32_USB_Device_Library/Class/CDC/Src/usbd_cdc.o
                0x0000000008009954                USBD_CDC_TransmitPacket
 .text.USBD_CDC_ReceivePacket
                0x00000000080099d4       0x6c ./Middlewares/ST/STM32_USB_Device_Library/Class/CDC/Src/usbd_cdc.o
                0x00000000080099d4                USBD_CDC_ReceivePacket
 .text.USBD_Init
                0x0000000008009a40       0x60 ./Middlewares/ST/STM32_USB_Device_Library/Core/Src/usbd_core.o
                0x0000000008009a40                USBD_Init
 .text.USBD_RegisterClass
                0x0000000008009aa0       0x6c ./Middlewares/ST/STM32_USB_Device_Library/Core/Src/usbd_core.o
                0x0000000008009aa0                USBD_RegisterClass
 .text.USBD_Start
                0x0000000008009b0c       0x18 ./Middlewares/ST/STM32_USB_Device_Library/Core/Src/usbd_core.o
                0x0000000008009b0c                USBD_Start
 .text.USBD_RunTestMode
                0x0000000008009b24       0x16 ./Middlewares/ST/STM32_USB_Device_Library/Core/Src/usbd_core.o
                0x0000000008009b24                USBD_RunTestMode
 .text.USBD_SetClassConfig
                0x0000000008009b3a       0x38 ./Middlewares/ST/STM32_USB_Device_Library/Core/Src/usbd_core.o
                0x0000000008009b3a                USBD_SetClassConfig
 .text.USBD_ClrClassConfig
                0x0000000008009b72       0x34 ./Middlewares/ST/STM32_USB_Device_Library/Core/Src/usbd_core.o
                0x0000000008009b72                USBD_ClrClassConfig
 .text.USBD_LL_SetupStage
                0x0000000008009ba6       0xaa ./Middlewares/ST/STM32_USB_Device_Library/Core/Src/usbd_core.o
                0x0000000008009ba6                USBD_LL_SetupStage
 .text.USBD_LL_DataOutStage
                0x0000000008009c50      0x166 ./Middlewares/ST/STM32_USB_Device_Library/Core/Src/usbd_core.o
                0x0000000008009c50                USBD_LL_DataOutStage
 .text.USBD_LL_DataInStage
                0x0000000008009db6      0x164 ./Middlewares/ST/STM32_USB_Device_Library/Core/Src/usbd_core.o
                0x0000000008009db6                USBD_LL_DataInStage
 .text.USBD_LL_Reset
                0x0000000008009f1a       0xa4 ./Middlewares/ST/STM32_USB_Device_Library/Core/Src/usbd_core.o
                0x0000000008009f1a                USBD_LL_Reset
 .text.USBD_LL_SetSpeed
                0x0000000008009fbe       0x20 ./Middlewares/ST/STM32_USB_Device_Library/Core/Src/usbd_core.o
                0x0000000008009fbe                USBD_LL_SetSpeed
 .text.USBD_LL_Suspend
                0x0000000008009fde       0x38 ./Middlewares/ST/STM32_USB_Device_Library/Core/Src/usbd_core.o
                0x0000000008009fde                USBD_LL_Suspend
 .text.USBD_LL_Resume
                0x000000000800a016       0x30 ./Middlewares/ST/STM32_USB_Device_Library/Core/Src/usbd_core.o
                0x000000000800a016                USBD_LL_Resume
 .text.USBD_LL_SOF
                0x000000000800a046       0x40 ./Middlewares/ST/STM32_USB_Device_Library/Core/Src/usbd_core.o
                0x000000000800a046                USBD_LL_SOF
 .text.USBD_LL_IsoINIncomplete
                0x000000000800a086       0x64 ./Middlewares/ST/STM32_USB_Device_Library/Core/Src/usbd_core.o
                0x000000000800a086                USBD_LL_IsoINIncomplete
 .text.USBD_LL_IsoOUTIncomplete
                0x000000000800a0ea       0x64 ./Middlewares/ST/STM32_USB_Device_Library/Core/Src/usbd_core.o
                0x000000000800a0ea                USBD_LL_IsoOUTIncomplete
 .text.USBD_LL_DevConnected
                0x000000000800a14e       0x16 ./Middlewares/ST/STM32_USB_Device_Library/Core/Src/usbd_core.o
                0x000000000800a14e                USBD_LL_DevConnected
 .text.USBD_LL_DevDisconnected
                0x000000000800a164       0x46 ./Middlewares/ST/STM32_USB_Device_Library/Core/Src/usbd_core.o
                0x000000000800a164                USBD_LL_DevDisconnected
 .text.USBD_CoreFindIF
                0x000000000800a1aa       0x1a ./Middlewares/ST/STM32_USB_Device_Library/Core/Src/usbd_core.o
                0x000000000800a1aa                USBD_CoreFindIF
 .text.USBD_CoreFindEP
                0x000000000800a1c4       0x1a ./Middlewares/ST/STM32_USB_Device_Library/Core/Src/usbd_core.o
                0x000000000800a1c4                USBD_CoreFindEP
 .text.USBD_GetEpDesc
                0x000000000800a1de       0x74 ./Middlewares/ST/STM32_USB_Device_Library/Core/Src/usbd_core.o
                0x000000000800a1de                USBD_GetEpDesc
 .text.USBD_GetNextDesc
                0x000000000800a252       0x3a ./Middlewares/ST/STM32_USB_Device_Library/Core/Src/usbd_core.o
                0x000000000800a252                USBD_GetNextDesc
 .text.SWAPBYTE
                0x000000000800a28c       0x3c ./Middlewares/ST/STM32_USB_Device_Library/Core/Src/usbd_ctlreq.o
 .text.USBD_StdDevReq
                0x000000000800a2c8       0xe4 ./Middlewares/ST/STM32_USB_Device_Library/Core/Src/usbd_ctlreq.o
                0x000000000800a2c8                USBD_StdDevReq
 .text.USBD_StdItfReq
                0x000000000800a3ac       0xd8 ./Middlewares/ST/STM32_USB_Device_Library/Core/Src/usbd_ctlreq.o
                0x000000000800a3ac                USBD_StdItfReq
 .text.USBD_StdEPReq
                0x000000000800a484      0x33a ./Middlewares/ST/STM32_USB_Device_Library/Core/Src/usbd_ctlreq.o
                0x000000000800a484                USBD_StdEPReq
 *fill*         0x000000000800a7be        0x2 
 .text.USBD_GetDescriptor
                0x000000000800a7c0      0x328 ./Middlewares/ST/STM32_USB_Device_Library/Core/Src/usbd_ctlreq.o
 .text.USBD_SetAddress
                0x000000000800aae8       0x88 ./Middlewares/ST/STM32_USB_Device_Library/Core/Src/usbd_ctlreq.o
 .text.USBD_SetConfig
                0x000000000800ab70      0x154 ./Middlewares/ST/STM32_USB_Device_Library/Core/Src/usbd_ctlreq.o
 .text.USBD_GetConfig
                0x000000000800acc4       0x6c ./Middlewares/ST/STM32_USB_Device_Library/Core/Src/usbd_ctlreq.o
 .text.USBD_GetStatus
                0x000000000800ad30       0x68 ./Middlewares/ST/STM32_USB_Device_Library/Core/Src/usbd_ctlreq.o
 .text.USBD_SetFeature
                0x000000000800ad98       0x52 ./Middlewares/ST/STM32_USB_Device_Library/Core/Src/usbd_ctlreq.o
 .text.USBD_ClrFeature
                0x000000000800adea       0x44 ./Middlewares/ST/STM32_USB_Device_Library/Core/Src/usbd_ctlreq.o
 .text.USBD_ParseSetupRequest
                0x000000000800ae2e       0x74 ./Middlewares/ST/STM32_USB_Device_Library/Core/Src/usbd_ctlreq.o
                0x000000000800ae2e                USBD_ParseSetupRequest
 .text.USBD_CtlError
                0x000000000800aea2       0x22 ./Middlewares/ST/STM32_USB_Device_Library/Core/Src/usbd_ctlreq.o
                0x000000000800aea2                USBD_CtlError
 .text.USBD_GetString
                0x000000000800aec4       0x8c ./Middlewares/ST/STM32_USB_Device_Library/Core/Src/usbd_ctlreq.o
                0x000000000800aec4                USBD_GetString
 .text.USBD_GetLen
                0x000000000800af50       0x34 ./Middlewares/ST/STM32_USB_Device_Library/Core/Src/usbd_ctlreq.o
 .text.USBD_CtlSendData
                0x000000000800af84       0x36 ./Middlewares/ST/STM32_USB_Device_Library/Core/Src/usbd_ioreq.o
                0x000000000800af84                USBD_CtlSendData
 .text.USBD_CtlContinueSendData
                0x000000000800afba       0x22 ./Middlewares/ST/STM32_USB_Device_Library/Core/Src/usbd_ioreq.o
                0x000000000800afba                USBD_CtlContinueSendData
 .text.USBD_CtlPrepareRx
                0x000000000800afdc       0x3a ./Middlewares/ST/STM32_USB_Device_Library/Core/Src/usbd_ioreq.o
                0x000000000800afdc                USBD_CtlPrepareRx
 .text.USBD_CtlContinueRx
                0x000000000800b016       0x22 ./Middlewares/ST/STM32_USB_Device_Library/Core/Src/usbd_ioreq.o
                0x000000000800b016                USBD_CtlContinueRx
 .text.USBD_CtlSendStatus
                0x000000000800b038       0x26 ./Middlewares/ST/STM32_USB_Device_Library/Core/Src/usbd_ioreq.o
                0x000000000800b038                USBD_CtlSendStatus
 .text.USBD_CtlReceiveStatus
                0x000000000800b05e       0x26 ./Middlewares/ST/STM32_USB_Device_Library/Core/Src/usbd_ioreq.o
                0x000000000800b05e                USBD_CtlReceiveStatus
 .text.MX_USB_DEVICE_Init
                0x000000000800b084       0x64 ./USB_DEVICE/App/usb_device.o
                0x000000000800b084                MX_USB_DEVICE_Init
 .text.CDC_Init_FS
                0x000000000800b0e8       0x28 ./USB_DEVICE/App/usbd_cdc_if.o
 .text.CDC_DeInit_FS
                0x000000000800b110       0x10 ./USB_DEVICE/App/usbd_cdc_if.o
 .text.CDC_Control_FS
                0x000000000800b120       0xbc ./USB_DEVICE/App/usbd_cdc_if.o
 .text.CDC_Receive_FS
                0x000000000800b1dc       0x28 ./USB_DEVICE/App/usbd_cdc_if.o
 .text.CDC_Transmit_FS
                0x000000000800b204       0x4c ./USB_DEVICE/App/usbd_cdc_if.o
                0x000000000800b204                CDC_Transmit_FS
 .text.CDC_TransmitCplt_FS
                0x000000000800b250       0x22 ./USB_DEVICE/App/usbd_cdc_if.o
 *fill*         0x000000000800b272        0x2 
 .text.USBD_FS_DeviceDescriptor
                0x000000000800b274       0x24 ./USB_DEVICE/App/usbd_desc.o
                0x000000000800b274                USBD_FS_DeviceDescriptor
 .text.USBD_FS_LangIDStrDescriptor
                0x000000000800b298       0x24 ./USB_DEVICE/App/usbd_desc.o
                0x000000000800b298                USBD_FS_LangIDStrDescriptor
 .text.USBD_FS_ProductStrDescriptor
                0x000000000800b2bc       0x3c ./USB_DEVICE/App/usbd_desc.o
                0x000000000800b2bc                USBD_FS_ProductStrDescriptor
 .text.USBD_FS_ManufacturerStrDescriptor
                0x000000000800b2f8       0x28 ./USB_DEVICE/App/usbd_desc.o
                0x000000000800b2f8                USBD_FS_ManufacturerStrDescriptor
 .text.USBD_FS_SerialStrDescriptor
                0x000000000800b320       0x24 ./USB_DEVICE/App/usbd_desc.o
                0x000000000800b320                USBD_FS_SerialStrDescriptor
 .text.USBD_FS_ConfigStrDescriptor
                0x000000000800b344       0x3c ./USB_DEVICE/App/usbd_desc.o
                0x000000000800b344                USBD_FS_ConfigStrDescriptor
 .text.USBD_FS_InterfaceStrDescriptor
                0x000000000800b380       0x3c ./USB_DEVICE/App/usbd_desc.o
                0x000000000800b380                USBD_FS_InterfaceStrDescriptor
 .text.Get_SerialNum
                0x000000000800b3bc       0x58 ./USB_DEVICE/App/usbd_desc.o
 .text.IntToUnicode
                0x000000000800b414       0x7e ./USB_DEVICE/App/usbd_desc.o
 *fill*         0x000000000800b492        0x2 
 .text.HAL_PCD_MspInit
                0x000000000800b494       0xe8 ./USB_DEVICE/Target/usbd_conf.o
                0x000000000800b494                HAL_PCD_MspInit
 .text.HAL_PCD_SetupStageCallback
                0x000000000800b57c       0x24 ./USB_DEVICE/Target/usbd_conf.o
                0x000000000800b57c                HAL_PCD_SetupStageCallback
 .text.HAL_PCD_DataOutStageCallback
                0x000000000800b5a0       0x36 ./USB_DEVICE/Target/usbd_conf.o
                0x000000000800b5a0                HAL_PCD_DataOutStageCallback
 .text.HAL_PCD_DataInStageCallback
                0x000000000800b5d6       0x34 ./USB_DEVICE/Target/usbd_conf.o
                0x000000000800b5d6                HAL_PCD_DataInStageCallback
 .text.HAL_PCD_SOFCallback
                0x000000000800b60a       0x1c ./USB_DEVICE/Target/usbd_conf.o
                0x000000000800b60a                HAL_PCD_SOFCallback
 .text.HAL_PCD_ResetCallback
                0x000000000800b626       0x50 ./USB_DEVICE/Target/usbd_conf.o
                0x000000000800b626                HAL_PCD_ResetCallback
 *fill*         0x000000000800b676        0x2 
 .text.HAL_PCD_SuspendCallback
                0x000000000800b678       0x4c ./USB_DEVICE/Target/usbd_conf.o
                0x000000000800b678                HAL_PCD_SuspendCallback
 .text.HAL_PCD_ResumeCallback
                0x000000000800b6c4       0x1c ./USB_DEVICE/Target/usbd_conf.o
                0x000000000800b6c4                HAL_PCD_ResumeCallback
 .text.HAL_PCD_ISOOUTIncompleteCallback
                0x000000000800b6e0       0x24 ./USB_DEVICE/Target/usbd_conf.o
                0x000000000800b6e0                HAL_PCD_ISOOUTIncompleteCallback
 .text.HAL_PCD_ISOINIncompleteCallback
                0x000000000800b704       0x24 ./USB_DEVICE/Target/usbd_conf.o
                0x000000000800b704                HAL_PCD_ISOINIncompleteCallback
 .text.HAL_PCD_ConnectCallback
                0x000000000800b728       0x1c ./USB_DEVICE/Target/usbd_conf.o
                0x000000000800b728                HAL_PCD_ConnectCallback
 .text.HAL_PCD_DisconnectCallback
                0x000000000800b744       0x1c ./USB_DEVICE/Target/usbd_conf.o
                0x000000000800b744                HAL_PCD_DisconnectCallback
 .text.USBD_LL_Init
                0x000000000800b760       0xa0 ./USB_DEVICE/Target/usbd_conf.o
                0x000000000800b760                USBD_LL_Init
 .text.USBD_LL_Start
                0x000000000800b800       0x36 ./USB_DEVICE/Target/usbd_conf.o
                0x000000000800b800                USBD_LL_Start
 .text.USBD_LL_OpenEP
                0x000000000800b836       0x4c ./USB_DEVICE/Target/usbd_conf.o
                0x000000000800b836                USBD_LL_OpenEP
 .text.USBD_LL_CloseEP
                0x000000000800b882       0x3e ./USB_DEVICE/Target/usbd_conf.o
                0x000000000800b882                USBD_LL_CloseEP
 .text.USBD_LL_StallEP
                0x000000000800b8c0       0x3e ./USB_DEVICE/Target/usbd_conf.o
                0x000000000800b8c0                USBD_LL_StallEP
 .text.USBD_LL_ClearStallEP
                0x000000000800b8fe       0x3e ./USB_DEVICE/Target/usbd_conf.o
                0x000000000800b8fe                USBD_LL_ClearStallEP
 .text.USBD_LL_IsStallEP
                0x000000000800b93c       0x58 ./USB_DEVICE/Target/usbd_conf.o
                0x000000000800b93c                USBD_LL_IsStallEP
 .text.USBD_LL_SetUSBAddress
                0x000000000800b994       0x3e ./USB_DEVICE/Target/usbd_conf.o
                0x000000000800b994                USBD_LL_SetUSBAddress
 .text.USBD_LL_Transmit
                0x000000000800b9d2       0x42 ./USB_DEVICE/Target/usbd_conf.o
                0x000000000800b9d2                USBD_LL_Transmit
 .text.USBD_LL_PrepareReceive
                0x000000000800ba14       0x42 ./USB_DEVICE/Target/usbd_conf.o
                0x000000000800ba14                USBD_LL_PrepareReceive
 .text.USBD_LL_GetRxDataSize
                0x000000000800ba56       0x26 ./USB_DEVICE/Target/usbd_conf.o
                0x000000000800ba56                USBD_LL_GetRxDataSize
 .text.USBD_static_malloc
                0x000000000800ba7c       0x1c ./USB_DEVICE/Target/usbd_conf.o
                0x000000000800ba7c                USBD_static_malloc
 .text.USBD_static_free
                0x000000000800ba98       0x14 ./USB_DEVICE/Target/usbd_conf.o
                0x000000000800ba98                USBD_static_free
 .text.USBD_Get_USB_Status
                0x000000000800baac       0x58 ./USB_DEVICE/Target/usbd_conf.o
                0x000000000800baac                USBD_Get_USB_Status
 .text.malloc   0x000000000800bb04       0x10 C:/ST/STM32CubeIDE_1.13.1/STM32CubeIDE/plugins/com.st.stm32cube.ide.mcu.externaltools.gnu-tools-for-stm32.11.3.rel1.win32_1.1.100.202309141235/tools/bin/../lib/gcc/arm-none-eabi/11.3.1/../../../../arm-none-eabi/lib/thumb/v7e-m+dp/hard\libc_nano.a(libc_a-malloc.o)
                0x000000000800bb04                malloc
 .text.free     0x000000000800bb14       0x10 C:/ST/STM32CubeIDE_1.13.1/STM32CubeIDE/plugins/com.st.stm32cube.ide.mcu.externaltools.gnu-tools-for-stm32.11.3.rel1.win32_1.1.100.202309141235/tools/bin/../lib/gcc/arm-none-eabi/11.3.1/../../../../arm-none-eabi/lib/thumb/v7e-m+dp/hard\libc_nano.a(libc_a-malloc.o)
                0x000000000800bb14                free
 .text.sbrk_aligned
                0x000000000800bb24       0x40 C:/ST/STM32CubeIDE_1.13.1/STM32CubeIDE/plugins/com.st.stm32cube.ide.mcu.externaltools.gnu-tools-for-stm32.11.3.rel1.win32_1.1.100.202309141235/tools/bin/../lib/gcc/arm-none-eabi/11.3.1/../../../../arm-none-eabi/lib/thumb/v7e-m+dp/hard\libc_nano.a(libc_a-mallocr.o)
 .text._malloc_r
                0x000000000800bb64      0x100 C:/ST/STM32CubeIDE_1.13.1/STM32CubeIDE/plugins/com.st.stm32cube.ide.mcu.externaltools.gnu-tools-for-stm32.11.3.rel1.win32_1.1.100.202309141235/tools/bin/../lib/gcc/arm-none-eabi/11.3.1/../../../../arm-none-eabi/lib/thumb/v7e-m+dp/hard\libc_nano.a(libc_a-mallocr.o)
                0x000000000800bb64                _malloc_r
 .text.__malloc_lock
                0x000000000800bc64        0xc C:/ST/STM32CubeIDE_1.13.1/STM32CubeIDE/plugins/com.st.stm32cube.ide.mcu.externaltools.gnu-tools-for-stm32.11.3.rel1.win32_1.1.100.202309141235/tools/bin/../lib/gcc/arm-none-eabi/11.3.1/../../../../arm-none-eabi/lib/thumb/v7e-m+dp/hard\libc_nano.a(libc_a-mlock.o)
                0x000000000800bc64                __malloc_lock
 .text.__malloc_unlock
                0x000000000800bc70        0xc C:/ST/STM32CubeIDE_1.13.1/STM32CubeIDE/plugins/com.st.stm32cube.ide.mcu.externaltools.gnu-tools-for-stm32.11.3.rel1.win32_1.1.100.202309141235/tools/bin/../lib/gcc/arm-none-eabi/11.3.1/../../../../arm-none-eabi/lib/thumb/v7e-m+dp/hard\libc_nano.a(libc_a-mlock.o)
                0x000000000800bc70                __malloc_unlock
 .text.__cvt    0x000000000800bc7c       0xa4 C:/ST/STM32CubeIDE_1.13.1/STM32CubeIDE/plugins/com.st.stm32cube.ide.mcu.externaltools.gnu-tools-for-stm32.11.3.rel1.win32_1.1.100.202309141235/tools/bin/../lib/gcc/arm-none-eabi/11.3.1/../../../../arm-none-eabi/lib/thumb/v7e-m+dp/hard\libc_nano.a(libc_a-nano-vfprintf_float.o)
                0x000000000800bc7c                __cvt
 .text.__exponent
                0x000000000800bd20       0x7c C:/ST/STM32CubeIDE_1.13.1/STM32CubeIDE/plugins/com.st.stm32cube.ide.mcu.externaltools.gnu-tools-for-stm32.11.3.rel1.win32_1.1.100.202309141235/tools/bin/../lib/gcc/arm-none-eabi/11.3.1/../../../../arm-none-eabi/lib/thumb/v7e-m+dp/hard\libc_nano.a(libc_a-nano-vfprintf_float.o)
                0x000000000800bd20                __exponent
 *fill*         0x000000000800bd9c        0x4 
 .text._printf_float
                0x000000000800bda0      0x434 C:/ST/STM32CubeIDE_1.13.1/STM32CubeIDE/plugins/com.st.stm32cube.ide.mcu.externaltools.gnu-tools-for-stm32.11.3.rel1.win32_1.1.100.202309141235/tools/bin/../lib/gcc/arm-none-eabi/11.3.1/../../../../arm-none-eabi/lib/thumb/v7e-m+dp/hard\libc_nano.a(libc_a-nano-vfprintf_float.o)
                0x000000000800bda0                _printf_float
 .text._printf_common
                0x000000000800c1d4       0xda C:/ST/STM32CubeIDE_1.13.1/STM32CubeIDE/plugins/com.st.stm32cube.ide.mcu.externaltools.gnu-tools-for-stm32.11.3.rel1.win32_1.1.100.202309141235/tools/bin/../lib/gcc/arm-none-eabi/11.3.1/../../../../arm-none-eabi/lib/thumb/v7e-m+dp/hard\libc_nano.a(libc_a-nano-vfprintf_i.o)
                0x000000000800c1d4                _printf_common
 *fill*         0x000000000800c2ae        0x2 
 .text._printf_i
                0x000000000800c2b0      0x244 C:/ST/STM32CubeIDE_1.13.1/STM32CubeIDE/plugins/com.st.stm32cube.ide.mcu.externaltools.gnu-tools-for-stm32.11.3.rel1.win32_1.1.100.202309141235/tools/bin/../lib/gcc/arm-none-eabi/11.3.1/../../../../arm-none-eabi/lib/thumb/v7e-m+dp/hard\libc_nano.a(libc_a-nano-vfprintf_i.o)
                0x000000000800c2b0                _printf_i
 .text.std      0x000000000800c4f4       0x6c C:/ST/STM32CubeIDE_1.13.1/STM32CubeIDE/plugins/com.st.stm32cube.ide.mcu.externaltools.gnu-tools-for-stm32.11.3.rel1.win32_1.1.100.202309141235/tools/bin/../lib/gcc/arm-none-eabi/11.3.1/../../../../arm-none-eabi/lib/thumb/v7e-m+dp/hard\libc_nano.a(libc_a-findfp.o)
 .text.stdio_exit_handler
                0x000000000800c560       0x18 C:/ST/STM32CubeIDE_1.13.1/STM32CubeIDE/plugins/com.st.stm32cube.ide.mcu.externaltools.gnu-tools-for-stm32.11.3.rel1.win32_1.1.100.202309141235/tools/bin/../lib/gcc/arm-none-eabi/11.3.1/../../../../arm-none-eabi/lib/thumb/v7e-m+dp/hard\libc_nano.a(libc_a-findfp.o)
 .text.cleanup_stdio
                0x000000000800c578       0x40 C:/ST/STM32CubeIDE_1.13.1/STM32CubeIDE/plugins/com.st.stm32cube.ide.mcu.externaltools.gnu-tools-for-stm32.11.3.rel1.win32_1.1.100.202309141235/tools/bin/../lib/gcc/arm-none-eabi/11.3.1/../../../../arm-none-eabi/lib/thumb/v7e-m+dp/hard\libc_nano.a(libc_a-findfp.o)
 .text.global_stdio_init.part.0
                0x000000000800c5b8       0x3c C:/ST/STM32CubeIDE_1.13.1/STM32CubeIDE/plugins/com.st.stm32cube.ide.mcu.externaltools.gnu-tools-for-stm32.11.3.rel1.win32_1.1.100.202309141235/tools/bin/../lib/gcc/arm-none-eabi/11.3.1/../../../../arm-none-eabi/lib/thumb/v7e-m+dp/hard\libc_nano.a(libc_a-findfp.o)
 .text.__sfp_lock_acquire
                0x000000000800c5f4        0xc C:/ST/STM32CubeIDE_1.13.1/STM32CubeIDE/plugins/com.st.stm32cube.ide.mcu.externaltools.gnu-tools-for-stm32.11.3.rel1.win32_1.1.100.202309141235/tools/bin/../lib/gcc/arm-none-eabi/11.3.1/../../../../arm-none-eabi/lib/thumb/v7e-m+dp/hard\libc_nano.a(libc_a-findfp.o)
                0x000000000800c5f4                __sfp_lock_acquire
 .text.__sfp_lock_release
                0x000000000800c600        0xc C:/ST/STM32CubeIDE_1.13.1/STM32CubeIDE/plugins/com.st.stm32cube.ide.mcu.externaltools.gnu-tools-for-stm32.11.3.rel1.win32_1.1.100.202309141235/tools/bin/../lib/gcc/arm-none-eabi/11.3.1/../../../../arm-none-eabi/lib/thumb/v7e-m+dp/hard\libc_nano.a(libc_a-findfp.o)
                0x000000000800c600                __sfp_lock_release
 .text.__sinit  0x000000000800c60c       0x30 C:/ST/STM32CubeIDE_1.13.1/STM32CubeIDE/plugins/com.st.stm32cube.ide.mcu.externaltools.gnu-tools-for-stm32.11.3.rel1.win32_1.1.100.202309141235/tools/bin/../lib/gcc/arm-none-eabi/11.3.1/../../../../arm-none-eabi/lib/thumb/v7e-m+dp/hard\libc_nano.a(libc_a-findfp.o)
                0x000000000800c60c                __sinit
 .text._fwalk_sglue
                0x000000000800c63c       0x3c C:/ST/STM32CubeIDE_1.13.1/STM32CubeIDE/plugins/com.st.stm32cube.ide.mcu.externaltools.gnu-tools-for-stm32.11.3.rel1.win32_1.1.100.202309141235/tools/bin/../lib/gcc/arm-none-eabi/11.3.1/../../../../arm-none-eabi/lib/thumb/v7e-m+dp/hard\libc_nano.a(libc_a-fwalk.o)
                0x000000000800c63c                _fwalk_sglue
 .text.sprintf  0x000000000800c678       0x40 C:/ST/STM32CubeIDE_1.13.1/STM32CubeIDE/plugins/com.st.stm32cube.ide.mcu.externaltools.gnu-tools-for-stm32.11.3.rel1.win32_1.1.100.202309141235/tools/bin/../lib/gcc/arm-none-eabi/11.3.1/../../../../arm-none-eabi/lib/thumb/v7e-m+dp/hard\libc_nano.a(libc_a-sprintf.o)
                0x000000000800c678                siprintf
                0x000000000800c678                sprintf
 .text.__sread  0x000000000800c6b8       0x22 C:/ST/STM32CubeIDE_1.13.1/STM32CubeIDE/plugins/com.st.stm32cube.ide.mcu.externaltools.gnu-tools-for-stm32.11.3.rel1.win32_1.1.100.202309141235/tools/bin/../lib/gcc/arm-none-eabi/11.3.1/../../../../arm-none-eabi/lib/thumb/v7e-m+dp/hard\libc_nano.a(libc_a-stdio.o)
                0x000000000800c6b8                __sread
 .text.__swrite
                0x000000000800c6da       0x38 C:/ST/STM32CubeIDE_1.13.1/STM32CubeIDE/plugins/com.st.stm32cube.ide.mcu.externaltools.gnu-tools-for-stm32.11.3.rel1.win32_1.1.100.202309141235/tools/bin/../lib/gcc/arm-none-eabi/11.3.1/../../../../arm-none-eabi/lib/thumb/v7e-m+dp/hard\libc_nano.a(libc_a-stdio.o)
                0x000000000800c6da                __swrite
 .text.__sseek  0x000000000800c712       0x24 C:/ST/STM32CubeIDE_1.13.1/STM32CubeIDE/plugins/com.st.stm32cube.ide.mcu.externaltools.gnu-tools-for-stm32.11.3.rel1.win32_1.1.100.202309141235/tools/bin/../lib/gcc/arm-none-eabi/11.3.1/../../../../arm-none-eabi/lib/thumb/v7e-m+dp/hard\libc_nano.a(libc_a-stdio.o)
                0x000000000800c712                __sseek
 .text.__sclose
                0x000000000800c736        0x8 C:/ST/STM32CubeIDE_1.13.1/STM32CubeIDE/plugins/com.st.stm32cube.ide.mcu.externaltools.gnu-tools-for-stm32.11.3.rel1.win32_1.1.100.202309141235/tools/bin/../lib/gcc/arm-none-eabi/11.3.1/../../../../arm-none-eabi/lib/thumb/v7e-m+dp/hard\libc_nano.a(libc_a-stdio.o)
                0x000000000800c736                __sclose
 .text.memset   0x000000000800c73e       0x10 C:/ST/STM32CubeIDE_1.13.1/STM32CubeIDE/plugins/com.st.stm32cube.ide.mcu.externaltools.gnu-tools-for-stm32.11.3.rel1.win32_1.1.100.202309141235/tools/bin/../lib/gcc/arm-none-eabi/11.3.1/../../../../arm-none-eabi/lib/thumb/v7e-m+dp/hard\libc_nano.a(libc_a-memset.o)
                0x000000000800c73e                memset
 .text.strcat   0x000000000800c74e       0x1e C:/ST/STM32CubeIDE_1.13.1/STM32CubeIDE/plugins/com.st.stm32cube.ide.mcu.externaltools.gnu-tools-for-stm32.11.3.rel1.win32_1.1.100.202309141235/tools/bin/../lib/gcc/arm-none-eabi/11.3.1/../../../../arm-none-eabi/lib/thumb/v7e-m+dp/hard\libc_nano.a(libc_a-strcat.o)
                0x000000000800c74e                strcat
 .text._localeconv_r
                0x000000000800c76c        0x8 C:/ST/STM32CubeIDE_1.13.1/STM32CubeIDE/plugins/com.st.stm32cube.ide.mcu.externaltools.gnu-tools-for-stm32.11.3.rel1.win32_1.1.100.202309141235/tools/bin/../lib/gcc/arm-none-eabi/11.3.1/../../../../arm-none-eabi/lib/thumb/v7e-m+dp/hard\libc_nano.a(libc_a-localeconv.o)
                0x000000000800c76c                _localeconv_r
 .text._close_r
                0x000000000800c774       0x20 C:/ST/STM32CubeIDE_1.13.1/STM32CubeIDE/plugins/com.st.stm32cube.ide.mcu.externaltools.gnu-tools-for-stm32.11.3.rel1.win32_1.1.100.202309141235/tools/bin/../lib/gcc/arm-none-eabi/11.3.1/../../../../arm-none-eabi/lib/thumb/v7e-m+dp/hard\libc_nano.a(libc_a-closer.o)
                0x000000000800c774                _close_r
 .text._lseek_r
                0x000000000800c794       0x24 C:/ST/STM32CubeIDE_1.13.1/STM32CubeIDE/plugins/com.st.stm32cube.ide.mcu.externaltools.gnu-tools-for-stm32.11.3.rel1.win32_1.1.100.202309141235/tools/bin/../lib/gcc/arm-none-eabi/11.3.1/../../../../arm-none-eabi/lib/thumb/v7e-m+dp/hard\libc_nano.a(libc_a-lseekr.o)
                0x000000000800c794                _lseek_r
 .text._read_r  0x000000000800c7b8       0x24 C:/ST/STM32CubeIDE_1.13.1/STM32CubeIDE/plugins/com.st.stm32cube.ide.mcu.externaltools.gnu-tools-for-stm32.11.3.rel1.win32_1.1.100.202309141235/tools/bin/../lib/gcc/arm-none-eabi/11.3.1/../../../../arm-none-eabi/lib/thumb/v7e-m+dp/hard\libc_nano.a(libc_a-readr.o)
                0x000000000800c7b8                _read_r
 .text._sbrk_r  0x000000000800c7dc       0x20 C:/ST/STM32CubeIDE_1.13.1/STM32CubeIDE/plugins/com.st.stm32cube.ide.mcu.externaltools.gnu-tools-for-stm32.11.3.rel1.win32_1.1.100.202309141235/tools/bin/../lib/gcc/arm-none-eabi/11.3.1/../../../../arm-none-eabi/lib/thumb/v7e-m+dp/hard\libc_nano.a(libc_a-sbrkr.o)
                0x000000000800c7dc                _sbrk_r
 .text._write_r
                0x000000000800c7fc       0x24 C:/ST/STM32CubeIDE_1.13.1/STM32CubeIDE/plugins/com.st.stm32cube.ide.mcu.externaltools.gnu-tools-for-stm32.11.3.rel1.win32_1.1.100.202309141235/tools/bin/../lib/gcc/arm-none-eabi/11.3.1/../../../../arm-none-eabi/lib/thumb/v7e-m+dp/hard\libc_nano.a(libc_a-writer.o)
                0x000000000800c7fc                _write_r
 .text.__errno  0x000000000800c820        0xc C:/ST/STM32CubeIDE_1.13.1/STM32CubeIDE/plugins/com.st.stm32cube.ide.mcu.externaltools.gnu-tools-for-stm32.11.3.rel1.win32_1.1.100.202309141235/tools/bin/../lib/gcc/arm-none-eabi/11.3.1/../../../../arm-none-eabi/lib/thumb/v7e-m+dp/hard\libc_nano.a(libc_a-errno.o)
                0x000000000800c820                __errno
 .text.__libc_init_array
                0x000000000800c82c       0x48 C:/ST/STM32CubeIDE_1.13.1/STM32CubeIDE/plugins/com.st.stm32cube.ide.mcu.externaltools.gnu-tools-for-stm32.11.3.rel1.win32_1.1.100.202309141235/tools/bin/../lib/gcc/arm-none-eabi/11.3.1/../../../../arm-none-eabi/lib/thumb/v7e-m+dp/hard\libc_nano.a(libc_a-init.o)
                0x000000000800c82c                __libc_init_array
 .text.__retarget_lock_init_recursive
                0x000000000800c874        0x2 C:/ST/STM32CubeIDE_1.13.1/STM32CubeIDE/plugins/com.st.stm32cube.ide.mcu.externaltools.gnu-tools-for-stm32.11.3.rel1.win32_1.1.100.202309141235/tools/bin/../lib/gcc/arm-none-eabi/11.3.1/../../../../arm-none-eabi/lib/thumb/v7e-m+dp/hard\libc_nano.a(libc_a-lock.o)
                0x000000000800c874                __retarget_lock_init_recursive
 .text.__retarget_lock_acquire_recursive
                0x000000000800c876        0x2 C:/ST/STM32CubeIDE_1.13.1/STM32CubeIDE/plugins/com.st.stm32cube.ide.mcu.externaltools.gnu-tools-for-stm32.11.3.rel1.win32_1.1.100.202309141235/tools/bin/../lib/gcc/arm-none-eabi/11.3.1/../../../../arm-none-eabi/lib/thumb/v7e-m+dp/hard\libc_nano.a(libc_a-lock.o)
                0x000000000800c876                __retarget_lock_acquire_recursive
 .text.__retarget_lock_release_recursive
                0x000000000800c878        0x2 C:/ST/STM32CubeIDE_1.13.1/STM32CubeIDE/plugins/com.st.stm32cube.ide.mcu.externaltools.gnu-tools-for-stm32.11.3.rel1.win32_1.1.100.202309141235/tools/bin/../lib/gcc/arm-none-eabi/11.3.1/../../../../arm-none-eabi/lib/thumb/v7e-m+dp/hard\libc_nano.a(libc_a-lock.o)
                0x000000000800c878                __retarget_lock_release_recursive
 .text.strcpy   0x000000000800c87a       0x10 C:/ST/STM32CubeIDE_1.13.1/STM32CubeIDE/plugins/com.st.stm32cube.ide.mcu.externaltools.gnu-tools-for-stm32.11.3.rel1.win32_1.1.100.202309141235/tools/bin/../lib/gcc/arm-none-eabi/11.3.1/../../../../arm-none-eabi/lib/thumb/v7e-m+dp/hard\libc_nano.a(libc_a-strcpy.o)
                0x000000000800c87a                strcpy
 .text.quorem   0x000000000800c88a      0x110 C:/ST/STM32CubeIDE_1.13.1/STM32CubeIDE/plugins/com.st.stm32cube.ide.mcu.externaltools.gnu-tools-for-stm32.11.3.rel1.win32_1.1.100.202309141235/tools/bin/../lib/gcc/arm-none-eabi/11.3.1/../../../../arm-none-eabi/lib/thumb/v7e-m+dp/hard\libc_nano.a(libc_a-dtoa.o)
 *fill*         0x000000000800c99a        0x6 
 .text._dtoa_r  0x000000000800c9a0      0xad8 C:/ST/STM32CubeIDE_1.13.1/STM32CubeIDE/plugins/com.st.stm32cube.ide.mcu.externaltools.gnu-tools-for-stm32.11.3.rel1.win32_1.1.100.202309141235/tools/bin/../lib/gcc/arm-none-eabi/11.3.1/../../../../arm-none-eabi/lib/thumb/v7e-m+dp/hard\libc_nano.a(libc_a-dtoa.o)
                0x000000000800c9a0                _dtoa_r
 .text._free_r  0x000000000800d478       0x98 C:/ST/STM32CubeIDE_1.13.1/STM32CubeIDE/plugins/com.st.stm32cube.ide.mcu.externaltools.gnu-tools-for-stm32.11.3.rel1.win32_1.1.100.202309141235/tools/bin/../lib/gcc/arm-none-eabi/11.3.1/../../../../arm-none-eabi/lib/thumb/v7e-m+dp/hard\libc_nano.a(libc_a-freer.o)
                0x000000000800d478                _free_r
 .text._Balloc  0x000000000800d510       0x80 C:/ST/STM32CubeIDE_1.13.1/STM32CubeIDE/plugins/com.st.stm32cube.ide.mcu.externaltools.gnu-tools-for-stm32.11.3.rel1.win32_1.1.100.202309141235/tools/bin/../lib/gcc/arm-none-eabi/11.3.1/../../../../arm-none-eabi/lib/thumb/v7e-m+dp/hard\libc_nano.a(libc_a-mprec.o)
                0x000000000800d510                _Balloc
 .text._Bfree   0x000000000800d590       0x44 C:/ST/STM32CubeIDE_1.13.1/STM32CubeIDE/plugins/com.st.stm32cube.ide.mcu.externaltools.gnu-tools-for-stm32.11.3.rel1.win32_1.1.100.202309141235/tools/bin/../lib/gcc/arm-none-eabi/11.3.1/../../../../arm-none-eabi/lib/thumb/v7e-m+dp/hard\libc_nano.a(libc_a-mprec.o)
                0x000000000800d590                _Bfree
 .text.__multadd
                0x000000000800d5d4       0x8c C:/ST/STM32CubeIDE_1.13.1/STM32CubeIDE/plugins/com.st.stm32cube.ide.mcu.externaltools.gnu-tools-for-stm32.11.3.rel1.win32_1.1.100.202309141235/tools/bin/../lib/gcc/arm-none-eabi/11.3.1/../../../../arm-none-eabi/lib/thumb/v7e-m+dp/hard\libc_nano.a(libc_a-mprec.o)
                0x000000000800d5d4                __multadd
 .text.__hi0bits
                0x000000000800d660       0x40 C:/ST/STM32CubeIDE_1.13.1/STM32CubeIDE/plugins/com.st.stm32cube.ide.mcu.externaltools.gnu-tools-for-stm32.11.3.rel1.win32_1.1.100.202309141235/tools/bin/../lib/gcc/arm-none-eabi/11.3.1/../../../../arm-none-eabi/lib/thumb/v7e-m+dp/hard\libc_nano.a(libc_a-mprec.o)
                0x000000000800d660                __hi0bits
 .text.__lo0bits
                0x000000000800d6a0       0x5a C:/ST/STM32CubeIDE_1.13.1/STM32CubeIDE/plugins/com.st.stm32cube.ide.mcu.externaltools.gnu-tools-for-stm32.11.3.rel1.win32_1.1.100.202309141235/tools/bin/../lib/gcc/arm-none-eabi/11.3.1/../../../../arm-none-eabi/lib/thumb/v7e-m+dp/hard\libc_nano.a(libc_a-mprec.o)
                0x000000000800d6a0                __lo0bits
 *fill*         0x000000000800d6fa        0x2 
 .text.__i2b    0x000000000800d6fc       0x2c C:/ST/STM32CubeIDE_1.13.1/STM32CubeIDE/plugins/com.st.stm32cube.ide.mcu.externaltools.gnu-tools-for-stm32.11.3.rel1.win32_1.1.100.202309141235/tools/bin/../lib/gcc/arm-none-eabi/11.3.1/../../../../arm-none-eabi/lib/thumb/v7e-m+dp/hard\libc_nano.a(libc_a-mprec.o)
                0x000000000800d6fc                __i2b
 .text.__multiply
                0x000000000800d728      0x154 C:/ST/STM32CubeIDE_1.13.1/STM32CubeIDE/plugins/com.st.stm32cube.ide.mcu.externaltools.gnu-tools-for-stm32.11.3.rel1.win32_1.1.100.202309141235/tools/bin/../lib/gcc/arm-none-eabi/11.3.1/../../../../arm-none-eabi/lib/thumb/v7e-m+dp/hard\libc_nano.a(libc_a-mprec.o)
                0x000000000800d728                __multiply
 .text.__pow5mult
                0x000000000800d87c       0xb4 C:/ST/STM32CubeIDE_1.13.1/STM32CubeIDE/plugins/com.st.stm32cube.ide.mcu.externaltools.gnu-tools-for-stm32.11.3.rel1.win32_1.1.100.202309141235/tools/bin/../lib/gcc/arm-none-eabi/11.3.1/../../../../arm-none-eabi/lib/thumb/v7e-m+dp/hard\libc_nano.a(libc_a-mprec.o)
                0x000000000800d87c                __pow5mult
 .text.__lshift
                0x000000000800d930       0xd8 C:/ST/STM32CubeIDE_1.13.1/STM32CubeIDE/plugins/com.st.stm32cube.ide.mcu.externaltools.gnu-tools-for-stm32.11.3.rel1.win32_1.1.100.202309141235/tools/bin/../lib/gcc/arm-none-eabi/11.3.1/../../../../arm-none-eabi/lib/thumb/v7e-m+dp/hard\libc_nano.a(libc_a-mprec.o)
                0x000000000800d930                __lshift
 .text.__mcmp   0x000000000800da08       0x38 C:/ST/STM32CubeIDE_1.13.1/STM32CubeIDE/plugins/com.st.stm32cube.ide.mcu.externaltools.gnu-tools-for-stm32.11.3.rel1.win32_1.1.100.202309141235/tools/bin/../lib/gcc/arm-none-eabi/11.3.1/../../../../arm-none-eabi/lib/thumb/v7e-m+dp/hard\libc_nano.a(libc_a-mprec.o)
                0x000000000800da08                __mcmp
 .text.__mdiff  0x000000000800da40      0x114 C:/ST/STM32CubeIDE_1.13.1/STM32CubeIDE/plugins/com.st.stm32cube.ide.mcu.externaltools.gnu-tools-for-stm32.11.3.rel1.win32_1.1.100.202309141235/tools/bin/../lib/gcc/arm-none-eabi/11.3.1/../../../../arm-none-eabi/lib/thumb/v7e-m+dp/hard\libc_nano.a(libc_a-mprec.o)
                0x000000000800da40                __mdiff
 .text.__d2b    0x000000000800db54       0xb4 C:/ST/STM32CubeIDE_1.13.1/STM32CubeIDE/plugins/com.st.stm32cube.ide.mcu.externaltools.gnu-tools-for-stm32.11.3.rel1.win32_1.1.100.202309141235/tools/bin/../lib/gcc/arm-none-eabi/11.3.1/../../../../arm-none-eabi/lib/thumb/v7e-m+dp/hard\libc_nano.a(libc_a-mprec.o)
                0x000000000800db54                __d2b
 .text.__ssputs_r
                0x000000000800dc08       0xb4 C:/ST/STM32CubeIDE_1.13.1/STM32CubeIDE/plugins/com.st.stm32cube.ide.mcu.externaltools.gnu-tools-for-stm32.11.3.rel1.win32_1.1.100.202309141235/tools/bin/../lib/gcc/arm-none-eabi/11.3.1/../../../../arm-none-eabi/lib/thumb/v7e-m+dp/hard\libc_nano.a(libc_a-nano-svfprintf.o)
                0x000000000800dc08                __ssputs_r
 .text._svfprintf_r
                0x000000000800dcbc      0x1fc C:/ST/STM32CubeIDE_1.13.1/STM32CubeIDE/plugins/com.st.stm32cube.ide.mcu.externaltools.gnu-tools-for-stm32.11.3.rel1.win32_1.1.100.202309141235/tools/bin/../lib/gcc/arm-none-eabi/11.3.1/../../../../arm-none-eabi/lib/thumb/v7e-m+dp/hard\libc_nano.a(libc_a-nano-svfprintf.o)
                0x000000000800dcbc                _svfiprintf_r
                0x000000000800dcbc                _svfprintf_r
 .text.__sflush_r
                0x000000000800deb8      0x10c C:/ST/STM32CubeIDE_1.13.1/STM32CubeIDE/plugins/com.st.stm32cube.ide.mcu.externaltools.gnu-tools-for-stm32.11.3.rel1.win32_1.1.100.202309141235/tools/bin/../lib/gcc/arm-none-eabi/11.3.1/../../../../arm-none-eabi/lib/thumb/v7e-m+dp/hard\libc_nano.a(libc_a-fflush.o)
                0x000000000800deb8                __sflush_r
 .text._fflush_r
                0x000000000800dfc4       0x50 C:/ST/STM32CubeIDE_1.13.1/STM32CubeIDE/plugins/com.st.stm32cube.ide.mcu.externaltools.gnu-tools-for-stm32.11.3.rel1.win32_1.1.100.202309141235/tools/bin/../lib/gcc/arm-none-eabi/11.3.1/../../../../arm-none-eabi/lib/thumb/v7e-m+dp/hard\libc_nano.a(libc_a-fflush.o)
                0x000000000800dfc4                _fflush_r
 .text.memmove  0x000000000800e014       0x34 C:/ST/STM32CubeIDE_1.13.1/STM32CubeIDE/plugins/com.st.stm32cube.ide.mcu.externaltools.gnu-tools-for-stm32.11.3.rel1.win32_1.1.100.202309141235/tools/bin/../lib/gcc/arm-none-eabi/11.3.1/../../../../arm-none-eabi/lib/thumb/v7e-m+dp/hard\libc_nano.a(libc_a-memmove.o)
                0x000000000800e014                memmove
 .text.memcpy   0x000000000800e048       0x1c C:/ST/STM32CubeIDE_1.13.1/STM32CubeIDE/plugins/com.st.stm32cube.ide.mcu.externaltools.gnu-tools-for-stm32.11.3.rel1.win32_1.1.100.202309141235/tools/bin/../lib/gcc/arm-none-eabi/11.3.1/../../../../arm-none-eabi/lib/thumb/v7e-m+dp/hard\libc_nano.a(libc_a-memcpy-stub.o)
                0x000000000800e048                memcpy
 .text.__assert_func
                0x000000000800e064       0x3c C:/ST/STM32CubeIDE_1.13.1/STM32CubeIDE/plugins/com.st.stm32cube.ide.mcu.externaltools.gnu-tools-for-stm32.11.3.rel1.win32_1.1.100.202309141235/tools/bin/../lib/gcc/arm-none-eabi/11.3.1/../../../../arm-none-eabi/lib/thumb/v7e-m+dp/hard\libc_nano.a(libc_a-assert.o)
                0x000000000800e064                __assert_func
 .text._calloc_r
                0x000000000800e0a0       0x2c C:/ST/STM32CubeIDE_1.13.1/STM32CubeIDE/plugins/com.st.stm32cube.ide.mcu.externaltools.gnu-tools-for-stm32.11.3.rel1.win32_1.1.100.202309141235/tools/bin/../lib/gcc/arm-none-eabi/11.3.1/../../../../arm-none-eabi/lib/thumb/v7e-m+dp/hard\libc_nano.a(libc_a-callocr.o)
                0x000000000800e0a0                _calloc_r
 .text.__ascii_mbtowc
                0x000000000800e0cc       0x24 C:/ST/STM32CubeIDE_1.13.1/STM32CubeIDE/plugins/com.st.stm32cube.ide.mcu.externaltools.gnu-tools-for-stm32.11.3.rel1.win32_1.1.100.202309141235/tools/bin/../lib/gcc/arm-none-eabi/11.3.1/../../../../arm-none-eabi/lib/thumb/v7e-m+dp/hard\libc_nano.a(libc_a-mbtowc_r.o)
                0x000000000800e0cc                __ascii_mbtowc
 .text._realloc_r
                0x000000000800e0f0       0x5e C:/ST/STM32CubeIDE_1.13.1/STM32CubeIDE/plugins/com.st.stm32cube.ide.mcu.externaltools.gnu-tools-for-stm32.11.3.rel1.win32_1.1.100.202309141235/tools/bin/../lib/gcc/arm-none-eabi/11.3.1/../../../../arm-none-eabi/lib/thumb/v7e-m+dp/hard\libc_nano.a(libc_a-reallocr.o)
                0x000000000800e0f0                _realloc_r
 .text.__ascii_wctomb
                0x000000000800e14e       0x1a C:/ST/STM32CubeIDE_1.13.1/STM32CubeIDE/plugins/com.st.stm32cube.ide.mcu.externaltools.gnu-tools-for-stm32.11.3.rel1.win32_1.1.100.202309141235/tools/bin/../lib/gcc/arm-none-eabi/11.3.1/../../../../arm-none-eabi/lib/thumb/v7e-m+dp/hard\libc_nano.a(libc_a-wctomb_r.o)
                0x000000000800e14e                __ascii_wctomb
 .text.fprintf  0x000000000800e168       0x24 C:/ST/STM32CubeIDE_1.13.1/STM32CubeIDE/plugins/com.st.stm32cube.ide.mcu.externaltools.gnu-tools-for-stm32.11.3.rel1.win32_1.1.100.202309141235/tools/bin/../lib/gcc/arm-none-eabi/11.3.1/../../../../arm-none-eabi/lib/thumb/v7e-m+dp/hard\libc_nano.a(libc_a-fprintf.o)
                0x000000000800e168                fiprintf
                0x000000000800e168                fprintf
 .text.abort    0x000000000800e18c        0xe C:/ST/STM32CubeIDE_1.13.1/STM32CubeIDE/plugins/com.st.stm32cube.ide.mcu.externaltools.gnu-tools-for-stm32.11.3.rel1.win32_1.1.100.202309141235/tools/bin/../lib/gcc/arm-none-eabi/11.3.1/../../../../arm-none-eabi/lib/thumb/v7e-m+dp/hard\libc_nano.a(libc_a-abort.o)
                0x000000000800e18c                abort
 .text._malloc_usable_size_r
                0x000000000800e19a       0x10 C:/ST/STM32CubeIDE_1.13.1/STM32CubeIDE/plugins/com.st.stm32cube.ide.mcu.externaltools.gnu-tools-for-stm32.11.3.rel1.win32_1.1.100.202309141235/tools/bin/../lib/gcc/arm-none-eabi/11.3.1/../../../../arm-none-eabi/lib/thumb/v7e-m+dp/hard\libc_nano.a(libc_a-msizer.o)
                0x000000000800e19a                _malloc_usable_size_r
 .text.__sfputc_r
                0x000000000800e1aa       0x2e C:/ST/STM32CubeIDE_1.13.1/STM32CubeIDE/plugins/com.st.stm32cube.ide.mcu.externaltools.gnu-tools-for-stm32.11.3.rel1.win32_1.1.100.202309141235/tools/bin/../lib/gcc/arm-none-eabi/11.3.1/../../../../arm-none-eabi/lib/thumb/v7e-m+dp/hard\libc_nano.a(libc_a-nano-vfprintf.o)
 .text.__sfputs_r
                0x000000000800e1d8       0x24 C:/ST/STM32CubeIDE_1.13.1/STM32CubeIDE/plugins/com.st.stm32cube.ide.mcu.externaltools.gnu-tools-for-stm32.11.3.rel1.win32_1.1.100.202309141235/tools/bin/../lib/gcc/arm-none-eabi/11.3.1/../../../../arm-none-eabi/lib/thumb/v7e-m+dp/hard\libc_nano.a(libc_a-nano-vfprintf.o)
                0x000000000800e1d8                __sfputs_r
 .text._vfprintf_r
                0x000000000800e1fc      0x234 C:/ST/STM32CubeIDE_1.13.1/STM32CubeIDE/plugins/com.st.stm32cube.ide.mcu.externaltools.gnu-tools-for-stm32.11.3.rel1.win32_1.1.100.202309141235/tools/bin/../lib/gcc/arm-none-eabi/11.3.1/../../../../arm-none-eabi/lib/thumb/v7e-m+dp/hard\libc_nano.a(libc_a-nano-vfprintf.o)
                0x000000000800e1fc                _vfprintf_r
                0x000000000800e1fc                _vfiprintf_r
 .text.__swbuf_r
                0x000000000800e430       0x7a C:/ST/STM32CubeIDE_1.13.1/STM32CubeIDE/plugins/com.st.stm32cube.ide.mcu.externaltools.gnu-tools-for-stm32.11.3.rel1.win32_1.1.100.202309141235/tools/bin/../lib/gcc/arm-none-eabi/11.3.1/../../../../arm-none-eabi/lib/thumb/v7e-m+dp/hard\libc_nano.a(libc_a-wbuf.o)
                0x000000000800e430                __swbuf_r
 *fill*         0x000000000800e4aa        0x2 
 .text.__swsetup_r
                0x000000000800e4ac       0xb0 C:/ST/STM32CubeIDE_1.13.1/STM32CubeIDE/plugins/com.st.stm32cube.ide.mcu.externaltools.gnu-tools-for-stm32.11.3.rel1.win32_1.1.100.202309141235/tools/bin/../lib/gcc/arm-none-eabi/11.3.1/../../../../arm-none-eabi/lib/thumb/v7e-m+dp/hard\libc_nano.a(libc_a-wsetup.o)
                0x000000000800e4ac                __swsetup_r
 .text._raise_r
                0x000000000800e55c       0x50 C:/ST/STM32CubeIDE_1.13.1/STM32CubeIDE/plugins/com.st.stm32cube.ide.mcu.externaltools.gnu-tools-for-stm32.11.3.rel1.win32_1.1.100.202309141235/tools/bin/../lib/gcc/arm-none-eabi/11.3.1/../../../../arm-none-eabi/lib/thumb/v7e-m+dp/hard\libc_nano.a(libc_a-signal.o)
                0x000000000800e55c                _raise_r
 .text.raise    0x000000000800e5ac       0x10 C:/ST/STM32CubeIDE_1.13.1/STM32CubeIDE/plugins/com.st.stm32cube.ide.mcu.externaltools.gnu-tools-for-stm32.11.3.rel1.win32_1.1.100.202309141235/tools/bin/../lib/gcc/arm-none-eabi/11.3.1/../../../../arm-none-eabi/lib/thumb/v7e-m+dp/hard\libc_nano.a(libc_a-signal.o)
                0x000000000800e5ac                raise
 .text._kill_r  0x000000000800e5bc       0x24 C:/ST/STM32CubeIDE_1.13.1/STM32CubeIDE/plugins/com.st.stm32cube.ide.mcu.externaltools.gnu-tools-for-stm32.11.3.rel1.win32_1.1.100.202309141235/tools/bin/../lib/gcc/arm-none-eabi/11.3.1/../../../../arm-none-eabi/lib/thumb/v7e-m+dp/hard\libc_nano.a(libc_a-signalr.o)
                0x000000000800e5bc                _kill_r
 .text._getpid_r
                0x000000000800e5e0        0x4 C:/ST/STM32CubeIDE_1.13.1/STM32CubeIDE/plugins/com.st.stm32cube.ide.mcu.externaltools.gnu-tools-for-stm32.11.3.rel1.win32_1.1.100.202309141235/tools/bin/../lib/gcc/arm-none-eabi/11.3.1/../../../../arm-none-eabi/lib/thumb/v7e-m+dp/hard\libc_nano.a(libc_a-signalr.o)
                0x000000000800e5e0                _getpid_r
 .text.__swhatbuf_r
                0x000000000800e5e4       0x4c C:/ST/STM32CubeIDE_1.13.1/STM32CubeIDE/plugins/com.st.stm32cube.ide.mcu.externaltools.gnu-tools-for-stm32.11.3.rel1.win32_1.1.100.202309141235/tools/bin/../lib/gcc/arm-none-eabi/11.3.1/../../../../arm-none-eabi/lib/thumb/v7e-m+dp/hard\libc_nano.a(libc_a-makebuf.o)
                0x000000000800e5e4                __swhatbuf_r
 .text.__smakebuf_r
                0x000000000800e630       0x78 C:/ST/STM32CubeIDE_1.13.1/STM32CubeIDE/plugins/com.st.stm32cube.ide.mcu.externaltools.gnu-tools-for-stm32.11.3.rel1.win32_1.1.100.202309141235/tools/bin/../lib/gcc/arm-none-eabi/11.3.1/../../../../arm-none-eabi/lib/thumb/v7e-m+dp/hard\libc_nano.a(libc_a-makebuf.o)
                0x000000000800e630                __smakebuf_r
 .text._fstat_r
                0x000000000800e6a8       0x24 C:/ST/STM32CubeIDE_1.13.1/STM32CubeIDE/plugins/com.st.stm32cube.ide.mcu.externaltools.gnu-tools-for-stm32.11.3.rel1.win32_1.1.100.202309141235/tools/bin/../lib/gcc/arm-none-eabi/11.3.1/../../../../arm-none-eabi/lib/thumb/v7e-m+dp/hard\libc_nano.a(libc_a-fstatr.o)
                0x000000000800e6a8                _fstat_r
 .text._isatty_r
                0x000000000800e6cc       0x20 C:/ST/STM32CubeIDE_1.13.1/STM32CubeIDE/plugins/com.st.stm32cube.ide.mcu.externaltools.gnu-tools-for-stm32.11.3.rel1.win32_1.1.100.202309141235/tools/bin/../lib/gcc/arm-none-eabi/11.3.1/../../../../arm-none-eabi/lib/thumb/v7e-m+dp/hard\libc_nano.a(libc_a-isattyr.o)
                0x000000000800e6cc                _isatty_r
 *(.glue_7)
 .glue_7        0x000000000800e6ec        0x0 linker stubs
 *(.glue_7t)
 .glue_7t       0x000000000800e6ec        0x0 linker stubs
 *(.eh_frame)
 .eh_frame      0x000000000800e6ec        0x0 C:/ST/STM32CubeIDE_1.13.1/STM32CubeIDE/plugins/com.st.stm32cube.ide.mcu.externaltools.gnu-tools-for-stm32.11.3.rel1.win32_1.1.100.202309141235/tools/bin/../lib/gcc/arm-none-eabi/11.3.1/thumb/v7e-m+dp/hard/crtbegin.o
 *(.init)
 .init          0x000000000800e6ec        0x4 C:/ST/STM32CubeIDE_1.13.1/STM32CubeIDE/plugins/com.st.stm32cube.ide.mcu.externaltools.gnu-tools-for-stm32.11.3.rel1.win32_1.1.100.202309141235/tools/bin/../lib/gcc/arm-none-eabi/11.3.1/thumb/v7e-m+dp/hard/crti.o
                0x000000000800e6ec                _init
 .init          0x000000000800e6f0        0x8 C:/ST/STM32CubeIDE_1.13.1/STM32CubeIDE/plugins/com.st.stm32cube.ide.mcu.externaltools.gnu-tools-for-stm32.11.3.rel1.win32_1.1.100.202309141235/tools/bin/../lib/gcc/arm-none-eabi/11.3.1/thumb/v7e-m+dp/hard/crtn.o
 *(.fini)
 .fini          0x000000000800e6f8        0x4 C:/ST/STM32CubeIDE_1.13.1/STM32CubeIDE/plugins/com.st.stm32cube.ide.mcu.externaltools.gnu-tools-for-stm32.11.3.rel1.win32_1.1.100.202309141235/tools/bin/../lib/gcc/arm-none-eabi/11.3.1/thumb/v7e-m+dp/hard/crti.o
                0x000000000800e6f8                _fini
 .fini          0x000000000800e6fc        0x8 C:/ST/STM32CubeIDE_1.13.1/STM32CubeIDE/plugins/com.st.stm32cube.ide.mcu.externaltools.gnu-tools-for-stm32.11.3.rel1.win32_1.1.100.202309141235/tools/bin/../lib/gcc/arm-none-eabi/11.3.1/thumb/v7e-m+dp/hard/crtn.o
                0x000000000800e704                . = ALIGN (0x4)
                0x000000000800e704                _etext = .

.vfp11_veneer   0x000000000800e704        0x0
 .vfp11_veneer  0x000000000800e704        0x0 linker stubs

.v4_bx          0x000000000800e704        0x0
 .v4_bx         0x000000000800e704        0x0 linker stubs

.iplt           0x000000000800e704        0x0
 .iplt          0x000000000800e704        0x0 C:/ST/STM32CubeIDE_1.13.1/STM32CubeIDE/plugins/com.st.stm32cube.ide.mcu.externaltools.gnu-tools-for-stm32.11.3.rel1.win32_1.1.100.202309141235/tools/bin/../lib/gcc/arm-none-eabi/11.3.1/thumb/v7e-m+dp/hard/crtbegin.o

.rodata         0x000000000800e708      0x404
                0x000000000800e708                . = ALIGN (0x4)
 *(.rodata)
 .rodata        0x000000000800e708       0x33 ./Core/Src/cubemonitor.o
 *fill*         0x000000000800e73b        0x1 
 .rodata        0x000000000800e73c        0x6 ./Core/Src/main.o
 *fill*         0x000000000800e742        0x2 
 .rodata        0x000000000800e744       0x46 ./USB_DEVICE/App/usbd_desc.o
 *(.rodata*)
 *fill*         0x000000000800e78a        0x2 
 .rodata.D1CorePrescTable
                0x000000000800e78c       0x10 ./Core/Src/system_stm32h7xx.o
                0x000000000800e78c                D1CorePrescTable
 .rodata._printf_float.str1.1