Archive member included to satisfy reference by file (symbol)

E:/STM32CubeIDE/STM32CubeIDE/plugins/com.st.stm32cube.ide.mcu.externaltools.gnu-tools-for-stm32.11.3.rel1.win32_1.1.100.202309141235/tools/bin/../lib/gcc/arm-none-eabi/11.3.1/../../../../arm-none-eabi/lib/thumb/v7e-m+dp/hard\libc_nano.a(libc_a-exit.o)
                              E:/STM32CubeIDE/STM32CubeIDE/plugins/com.st.stm32cube.ide.mcu.externaltools.gnu-tools-for-stm32.11.3.rel1.win32_1.1.100.202309141235/tools/bin/../lib/gcc/arm-none-eabi/11.3.1/../../../../arm-none-eabi/lib/thumb/v7e-m+dp/hard/crt0.o (exit)
E:/STM32CubeIDE/STM32CubeIDE/plugins/com.st.stm32cube.ide.mcu.externaltools.gnu-tools-for-stm32.11.3.rel1.win32_1.1.100.202309141235/tools/bin/../lib/gcc/arm-none-eabi/11.3.1/../../../../arm-none-eabi/lib/thumb/v7e-m+dp/hard\libc_nano.a(libc_a-malloc.o)
                              ./Core/Src/cubemonitor.o (malloc)
E:/STM32CubeIDE/STM32CubeIDE/plugins/com.st.stm32cube.ide.mcu.externaltools.gnu-tools-for-stm32.11.3.rel1.win32_1.1.100.202309141235/tools/bin/../lib/gcc/arm-none-eabi/11.3.1/../../../../arm-none-eabi/lib/thumb/v7e-m+dp/hard\libc_nano.a(libc_a-mallocr.o)
                              E:/STM32CubeIDE/STM32CubeIDE/plugins/com.st.stm32cube.ide.mcu.externaltools.gnu-tools-for-stm32.11.3.rel1.win32_1.1.100.202309141235/tools/bin/../lib/gcc/arm-none-eabi/11.3.1/../../../../arm-none-eabi/lib/thumb/v7e-m+dp/hard\libc_nano.a(libc_a-malloc.o) (_malloc_r)
E:/STM32CubeIDE/STM32CubeIDE/plugins/com.st.stm32cube.ide.mcu.externaltools.gnu-tools-for-stm32.11.3.rel1.win32_1.1.100.202309141235/tools/bin/../lib/gcc/arm-none-eabi/11.3.1/../../../../arm-none-eabi/lib/thumb/v7e-m+dp/hard\libc_nano.a(libc_a-mlock.o)
                              E:/STM32CubeIDE/STM32CubeIDE/plugins/com.st.stm32cube.ide.mcu.externaltools.gnu-tools-for-stm32.11.3.rel1.win32_1.1.100.202309141235/tools/bin/../lib/gcc/arm-none-eabi/11.3.1/../../../../arm-none-eabi/lib/thumb/v7e-m+dp/hard\libc_nano.a(libc_a-mallocr.o) (__malloc_lock)
E:/STM32CubeIDE/STM32CubeIDE/plugins/com.st.stm32cube.ide.mcu.externaltools.gnu-tools-for-stm32.11.3.rel1.win32_1.1.100.202309141235/tools/bin/../lib/gcc/arm-none-eabi/11.3.1/../../../../arm-none-eabi/lib/thumb/v7e-m+dp/hard\libc_nano.a(libc_a-nano-vfprintf_float.o)
                              (_printf_float)
E:/STM32CubeIDE/STM32CubeIDE/plugins/com.st.stm32cube.ide.mcu.externaltools.gnu-tools-for-stm32.11.3.rel1.win32_1.1.100.202309141235/tools/bin/../lib/gcc/arm-none-eabi/11.3.1/../../../../arm-none-eabi/lib/thumb/v7e-m+dp/hard\libc_nano.a(libc_a-nano-vfprintf_i.o)
                              E:/STM32CubeIDE/STM32CubeIDE/plugins/com.st.stm32cube.ide.mcu.externaltools.gnu-tools-for-stm32.11.3.rel1.win32_1.1.100.202309141235/tools/bin/../lib/gcc/arm-none-eabi/11.3.1/../../../../arm-none-eabi/lib/thumb/v7e-m+dp/hard\libc_nano.a(libc_a-nano-vfprintf_float.o) (_printf_common)
E:/STM32CubeIDE/STM32CubeIDE/plugins/com.st.stm32cube.ide.mcu.externaltools.gnu-tools-for-stm32.11.3.rel1.win32_1.1.100.202309141235/tools/bin/../lib/gcc/arm-none-eabi/11.3.1/../../../../arm-none-eabi/lib/thumb/v7e-m+dp/hard\libc_nano.a(libc_a-findfp.o)
                              E:/STM32CubeIDE/STM32CubeIDE/plugins/com.st.stm32cube.ide.mcu.externaltools.gnu-tools-for-stm32.11.3.rel1.win32_1.1.100.202309141235/tools/bin/../lib/gcc/arm-none-eabi/11.3.1/../../../../arm-none-eabi/lib/thumb/v7e-m+dp/hard\libc_nano.a(libc_a-exit.o) (__stdio_exit_handler)
E:/STM32CubeIDE/STM32CubeIDE/plugins/com.st.stm32cube.ide.mcu.externaltools.gnu-tools-for-stm32.11.3.rel1.win32_1.1.100.202309141235/tools/bin/../lib/gcc/arm-none-eabi/11.3.1/../../../../arm-none-eabi/lib/thumb/v7e-m+dp/hard\libc_nano.a(libc_a-fwalk.o)
                              E:/STM32CubeIDE/STM32CubeIDE/plugins/com.st.stm32cube.ide.mcu.externaltools.gnu-tools-for-stm32.11.3.rel1.win32_1.1.100.202309141235/tools/bin/../lib/gcc/arm-none-eabi/11.3.1/../../../../arm-none-eabi/lib/thumb/v7e-m+dp/hard\libc_nano.a(libc_a-findfp.o) (_fwalk_sglue)
E:/STM32CubeIDE/STM32CubeIDE/plugins/com.st.stm32cube.ide.mcu.externaltools.gnu-tools-for-stm32.11.3.rel1.win32_1.1.100.202309141235/tools/bin/../lib/gcc/arm-none-eabi/11.3.1/../../../../arm-none-eabi/lib/thumb/v7e-m+dp/hard\libc_nano.a(libc_a-sprintf.o)
                              ./Core/Src/cubemonitor.o (sprintf)
E:/STM32CubeIDE/STM32CubeIDE/plugins/com.st.stm32cube.ide.mcu.externaltools.gnu-tools-for-stm32.11.3.rel1.win32_1.1.100.202309141235/tools/bin/../lib/gcc/arm-none-eabi/11.3.1/../../../../arm-none-eabi/lib/thumb/v7e-m+dp/hard\libc_nano.a(libc_a-stdio.o)
                              E:/STM32CubeIDE/STM32CubeIDE/plugins/com.st.stm32cube.ide.mcu.externaltools.gnu-tools-for-stm32.11.3.rel1.win32_1.1.100.202309141235/tools/bin/../lib/gcc/arm-none-eabi/11.3.1/../../../../arm-none-eabi/lib/thumb/v7e-m+dp/hard\libc_nano.a(libc_a-findfp.o) (__sread)
[...]
Memory Configuration

Name             Origin             Length             Attributes
FLASH            0x0000000008000000 0x0000000000020000 xr
DTCMRAM          0x0000000020000000 0x0000000000020000 xrw
RAM_D1           0x0000000024000000 0x0000000000080000 xrw
RAM_D2           0x0000000030000000 0x0000000000048000 xrw
RAM_D3           0x0000000038000000 0x0000000000010000 xrw
ITCMRAM          0x0000000000000000 0x0000000000010000 xrw
*default*        0x0000000000000000 0xffffffffffffffff

Linker script and memory map

LOAD E:/STM32CubeIDE/STM32CubeIDE/plugins/com.st.stm32cube.ide.mcu.externaltools.gnu-tools-for-stm32.11.3.rel1.win32_1.1.100.202309141235/tools/bin/../lib/gcc/arm-none-eabi/11.3.1/thumb/v7e-m+dp/hard/crti.o
LOAD E:/STM32CubeIDE/STM32CubeIDE/plugins/com.st.stm32cube.ide.mcu.externaltools.gnu-tools-for-stm32.11.3.rel1.win32_1.1.100.202309141235/tools/bin/../lib/gcc/arm-none-eabi/11.3.1/thumb/v7e-m+dp/hard/crtbegin.o
LOAD E:/STM32CubeIDE/STM32CubeIDE/plugins/com.st.stm32cube.ide.mcu.externaltools.gnu-tools-for-stm32.11.3.rel1.win32_1.1.100.202309141235/tools/bin/../lib/gcc/arm-none-eabi/11.3.1/../../../../arm-none-eabi/lib/thumb/v7e-m+dp/hard/crt0.o
LOAD ./Core/Src/cubemonitor.o
LOAD ./Core/Src/main.o
LOAD ./Core/Src/stm32h7xx_hal_msp.o
LOAD ./Core/Src/stm32h7xx_it.o
LOAD ./Core/Src/syscalls.o
LOAD ./Core/Src/sysmem.o
LOAD ./Core/Src/system_stm32h7xx.o
LOAD ./Core/Startup/startup_stm32h750vbtx.o
LOAD ./Drivers/STM32H7xx_HAL_Driver/Src/stm32h7xx_hal.o
LOAD ./Drivers/STM32H7xx_HAL_Driver/Src/stm32h7xx_hal_adc.o
LOAD ./Drivers/STM32H7xx_HAL_Driver/Src/stm32h7xx_hal_adc_ex.o
LOAD ./Drivers/STM32H7xx_HAL_Driver/Src/stm32h7xx_hal_cortex.o
LOAD ./Drivers/STM32H7xx_HAL_Driver/Src/stm32h7xx_hal_dma.o
LOAD ./Drivers/STM32H7xx_HAL_Driver/Src/stm32h7xx_hal_dma_ex.o
LOAD ./Drivers/STM32H7xx_HAL_Driver/Src/stm32h7xx_hal_exti.o
LOAD ./Drivers/STM32H7xx_HAL_Driver/Src/stm32h7xx_hal_flash.o
LOAD ./Drivers/STM32H7xx_HAL_Driver/Src/stm32h7xx_hal_flash_ex.o
LOAD ./Drivers/STM32H7xx_HAL_Driver/Src/stm32h7xx_hal_gpio.o
LOAD ./Drivers/STM32H7xx_HAL_Driver/Src/stm32h7xx_hal_hsem.o
LOAD ./Drivers/STM32H7xx_HAL_Driver/Src/stm32h7xx_hal_i2c.o
LOAD ./Drivers/STM32H7xx_HAL_Driver/Src/stm32h7xx_hal_i2c_ex.o
LOAD ./Drivers/STM32H7xx_HAL_Driver/Src/stm32h7xx_hal_mdma.o
LOAD ./Drivers/STM32H7xx_HAL_Driver/Src/stm32h7xx_hal_pcd.o
LOAD ./Drivers/STM32H7xx_HAL_Driver/Src/stm32h7xx_hal_pcd_ex.o
LOAD ./Drivers/STM32H7xx_HAL_Driver/Src/stm32h7xx_hal_pwr.o
LOAD ./Drivers/STM32H7xx_HAL_Driver/Src/stm32h7xx_hal_pwr_ex.o
LOAD ./Drivers/STM32H7xx_HAL_Driver/Src/stm32h7xx_hal_rcc.o
LOAD ./Drivers/STM32H7xx_HAL_Driver/Src/stm32h7xx_hal_rcc_ex.o
LOAD ./Drivers/STM32H7xx_HAL_Driver/Src/stm32h7xx_hal_tim.o
LOAD ./Drivers/STM32H7xx_HAL_Driver/Src/stm32h7xx_hal_tim_ex.o
LOAD ./Drivers/STM32H7xx_HAL_Driver/Src/stm32h7xx_ll_usb.o
LOAD ./Middlewares/ST/STM32_USB_Device_Library/Class/CDC/Src/usbd_cdc.o
LOAD ./Middlewares/ST/STM32_USB_Device_Library/Core/Src/usbd_core.o
LOAD ./Middlewares/ST/STM32_USB_Device_Library/Core/Src/usbd_ctlreq.o
LOAD ./Middlewares/ST/STM32_USB_Device_Library/Core/Src/usbd_ioreq.o
LOAD ./USB_DEVICE/App/usb_device.o
LOAD ./USB_DEVICE/App/usbd_cdc_if.o
LOAD ./USB_DEVICE/App/usbd_desc.o
LOAD ./USB_DEVICE/Target/usbd_conf.o
START GROUP
LOAD E:/STM32CubeIDE/STM32CubeIDE/plugins/com.st.stm32cube.ide.mcu.externaltools.gnu-tools-for-stm32.11.3.rel1.win32_1.1.100.202309141235/tools/bin/../lib/gcc/arm-none-eabi/11.3.1/../../../../arm-none-eabi/lib/thumb/v7e-m+dp/hard\libc_nano.a
LOAD E:/STM32CubeIDE/STM32CubeIDE/plugins/com.st.stm32cube.ide.mcu.externaltools.gnu-tools-for-stm32.11.3.rel1.win32_1.1.100.202309141235/tools/bin/../lib/gcc/arm-none-eabi/11.3.1/../../../../arm-none-eabi/lib/thumb/v7e-m+dp/hard\libm.a
END GROUP
START GROUP
LOAD E:/STM32CubeIDE/STM32CubeIDE/plugins/com.st.stm32cube.ide.mcu.externaltools.gnu-tools-for-stm32.11.3.rel1.win32_1.1.100.202309141235/tools/bin/../lib/gcc/arm-none-eabi/11.3.1/thumb/v7e-m+dp/hard\libgcc.a
LOAD E:/STM32CubeIDE/STM32CubeIDE/plugins/com.st.stm32cube.ide.mcu.externaltools.gnu-tools-for-stm32.11.3.rel1.win32_1.1.100.202309141235/tools/bin/../lib/gcc/arm-none-eabi/11.3.1/../../../../arm-none-eabi/lib/thumb/v7e-m+dp/hard\libc_nano.a
END GROUP
START GROUP
LOAD E:/STM32CubeIDE/STM32CubeIDE/plugins/com.st.stm32cube.ide.mcu.externaltools.gnu-tools-for-stm32.11.3.rel1.win32_1.1.100.202309141235/tools/bin/../lib/gcc/arm-none-eabi/11.3.1/thumb/v7e-m+dp/hard\libgcc.a
LOAD E:/STM32CubeIDE/STM32CubeIDE/plugins/com.st.stm32cube.ide.mcu.externaltools.gnu-tools-for-stm32.11.3.rel1.win32_1.1.100.202309141235/tools/bin/../lib/gcc/arm-none-eabi/11.3.1/../../../../arm-none-eabi/lib/thumb/v7e-m+dp/hard\libc_nano.a
LOAD E:/STM32CubeIDE/STM32CubeIDE/plugins/com.st.stm32cube.ide.mcu.externaltools.gnu-tools-for-stm32.11.3.rel1.win32_1.1.100.202309141235/tools/bin/../lib/gcc/arm-none-eabi/11.3.1/../../../../arm-none-eabi/lib/thumb/v7e-m+dp/hard\libnosys.a
END GROUP
START GROUP
LOAD E:/STM32CubeIDE/STM32CubeIDE/plugins/com.st.stm32cube.ide.mcu.externaltools.gnu-tools-for-stm32.11.3.rel1.win32_1.1.100.202309141235/tools/bin/../lib/gcc/arm-none-eabi/11.3.1/thumb/v7e-m+dp/hard\libgcc.a
LOAD E:/STM32CubeIDE/STM32CubeIDE/plugins/com.st.stm32cube.ide.mcu.externaltools.gnu-tools-for-stm32.11.3.rel1.win32_1.1.100.202309141235/tools/bin/../lib/gcc/arm-none-eabi/11.3.1/../../../../arm-none-eabi/lib/thumb/v7e-m+dp/hard\libc_nano.a
LOAD E:/STM32CubeIDE/STM32CubeIDE/plugins/com.st.stm32cube.ide.mcu.externaltools.gnu-tools-for-stm32.11.3.rel1.win32_1.1.100.202309141235/tools/bin/../lib/gcc/arm-none-eabi/11.3.1/../../../../arm-none-eabi/lib/thumb/v7e-m+dp/hard\libnosys.a
END GROUP
LOAD E:/STM32CubeIDE/STM32CubeIDE/plugins/com.st.stm32cube.ide.mcu.externaltools.gnu-tools-for-stm32.11.3.rel1.win32_1.1.100.202309141235/tools/bin/../lib/gcc/arm-none-eabi/11.3.1/thumb/v7e-m+dp/hard/crtend.o
LOAD E:/STM32CubeIDE/STM32CubeIDE/plugins/com.st.stm32cube.ide.mcu.externaltools.gnu-tools-for-stm32.11.3.rel1.win32_1.1.100.202309141235/tools/bin/../lib/gcc/arm-none-eabi/11.3.1/thumb/v7e-m+dp/hard/crtn.o
                0x0000000024080000                _estack = (ORIGIN (RAM_D1) + LENGTH (RAM_D1))
                0x0000000000000200                _Min_Heap_Size = 0x200
                0x0000000000000400                _Min_Stack_Size = 0x400

.isr_vector     0x0000000008000000      0x298
                0x0000000008000000                . = ALIGN (0x4)
 *(.isr_vector)
 .isr_vector    0x0000000008000000      0x298 ./Core/Startup/startup_stm32h750vbtx.o
                0x0000000008000000                g_pfnVectors
                0x0000000008000298                . = ALIGN (0x4)

.text           0x00000000080002a0     0xe514
                0x00000000080002a0                . = ALIGN (0x4)
 *(.text)
 .text          0x00000000080002a0       0x40 E:/STM32CubeIDE/STM32CubeIDE/plugins/com.st.stm32cube.ide.mcu.externaltools.gnu-tools-for-stm32.11.3.rel1.win32_1.1.100.202309141235/tools/bin/../lib/gcc/arm-none-eabi/11.3.1/thumb/v7e-m+dp/hard/crtbegin.o
 .text          0x00000000080002e0       0xa0 E:/STM32CubeIDE/STM32CubeIDE/plugins/com.st.stm32cube.ide.mcu.externaltools.gnu-tools-for-stm32.11.3.rel1.win32_1.1.100.202309141235/tools/bin/../lib/gcc/arm-none-eabi/11.3.1/../../../../arm-none-eabi/lib/thumb/v7e-m+dp/hard\libc_nano.a(libc_a-memchr.o)
                0x00000000080002e0                memchr
 .text          0x0000000008000380       0x10 E:/STM32CubeIDE/STM32CubeIDE/plugins/com.st.stm32cube.ide.mcu.externaltools.gnu-tools-for-stm32.11.3.rel1.win32_1.1.100.202309141235/tools/bin/../lib/gcc/arm-none-eabi/11.3.1/../../../../arm-none-eabi/lib/thumb/v7e-m+dp/hard\libc_nano.a(libc_a-strlen.o)
                0x0000000008000380                strlen
 *(.text*)
 .text.CubeM_DefChNamesInit
                0x0000000008000390       0x64 ./Core/Src/cubemonitor.o
                0x0000000008000390                CubeM_DefChNamesInit
 .text.CubeM_getStrLengths
                0x00000000080003f4       0x4c ./Core/Src/cubemonitor.o
                0x00000000080003f4                CubeM_getStrLengths
 .text.CubeM_Init
                0x0000000008000440       0x44 ./Core/Src/cubemonitor.o
                0x0000000008000440                CubeM_Init
 .text.CubeM_setBufferSize
                0x0000000008000484       0x68 ./Core/Src/cubemonitor.o
                0x0000000008000484                CubeM_setBufferSize
 .text.CubeM_setChannelname
                0x00000000080004ec       0x70 ./Core/Src/cubemonitor.o
                0x00000000080004ec                CubeM_setChannelname
 .text.CubeM_attendUIntValue
                0x000000000800055c       0xcc ./Core/Src/cubemonitor.o
                0x000000000800055c                CubeM_attendUIntValue
 .text.CubeM_attendIntValue
                0x0000000008000628       0xd0 ./Core/Src/cubemonitor.o
                0x0000000008000628                CubeM_attendIntValue
 .text.CubeM_attendFloatValue
                0x00000000080006f8       0xe4 ./Core/Src/cubemonitor.o
                0x00000000080006f8                CubeM_attendFloatValue
 .text.CubeM_sendBuffer
                0x00000000080007dc       0x3c ./Core/Src/cubemonitor.o
                0x00000000080007dc                CubeM_sendBuffer
 .text.CubeM_runDebugTests
                0x0000000008000818       0xb8 ./Core/Src/cubemonitor.o
                0x0000000008000818                CubeM_runDebugTests
 .text.main     0x00000000080008d0       0x2a ./Core/Src/main.o
                0x00000000080008d0                main
 *fill*         0x00000000080008fa        0x2 
 .text.SystemClock_Config
                0x00000000080008fc      0x15c ./Core/Src/main.o
                0x00000000080008fc                SystemClock_Config
 .text.PeriphCommonClock_Config
                0x0000000008000a58       0x5e ./Core/Src/main.o
                0x0000000008000a58                PeriphCommonClock_Config
 *fill*         0x0000000008000ab6        0x2 
 .text.MX_ADC1_Init
                0x0000000008000ab8       0xf4 ./Core/Src/main.o
 .text.MX_ADC2_Init
                0x0000000008000bac       0xd0 ./Core/Src/main.o
 .text.MX_ADC3_Init
                0x0000000008000c7c       0xd0 ./Core/Src/main.o
 .text.MX_GPIO_Init
                0x0000000008000d4c       0x70 ./Core/Src/main.o
 .text.Error_Handler
                0x0000000008000dbc        0xa ./Core/Src/main.o
                0x0000000008000dbc                Error_Handler
 *fill*         0x0000000008000dc6        0x2 
 .text.HAL_MspInit
                0x0000000008000dc8       0x34 ./Core/Src/stm32h7xx_hal_msp.o
                0x0000000008000dc8                HAL_MspInit
 .text.HAL_ADC_MspInit
                0x0000000008000dfc      0x180 ./Core/Src/stm32h7xx_hal_msp.o
                0x0000000008000dfc                HAL_ADC_MspInit
 .text.NMI_Handler
                0x0000000008000f7c        0x6 ./Core/Src/stm32h7xx_it.o
                0x0000000008000f7c                NMI_Handler
 .text.HardFault_Handler
                0x0000000008000f82        0x6 ./Core/Src/stm32h7xx_it.o
                0x0000000008000f82                HardFault_Handler
 .text.MemManage_Handler
                0x0000000008000f88        0x6 ./Core/Src/stm32h7xx_it.o
                0x0000000008000f88                MemManage_Handler
 .text.BusFault_Handler
                0x0000000008000f8e        0x6 ./Core/Src/stm32h7xx_it.o
                0x0000000008000f8e                BusFault_Handler
 .text.UsageFault_Handler
                0x0000000008000f94        0x6 ./Core/Src/stm32h7xx_it.o
                0x0000000008000f94                UsageFault_Handler
 .text.SVC_Handler
                0x0000000008000f9a        0xe ./Core/Src/stm32h7xx_it.o
                0x0000000008000f9a                SVC_Handler
 .text.DebugMon_Handler
                0x0000000008000fa8        0xe ./Core/Src/stm32h7xx_it.o
                0x0000000008000fa8                DebugMon_Handler
 .text.PendSV_Handler
                0x0000000008000fb6        0xe ./Core/Src/stm32h7xx_it.o
                0x0000000008000fb6                PendSV_Handler
 .text.SysTick_Handler
                0x0000000008000fc4        0xc ./Core/Src/stm32h7xx_it.o
                0x0000000008000fc4                SysTick_Handler
 .text.OTG_FS_IRQHandler
                0x0000000008000fd0       0x14 ./Core/Src/stm32h7xx_it.o
                0x0000000008000fd0                OTG_FS_IRQHandler
 .text._getpid  0x0000000008000fe4       0x10 ./Core/Src/syscalls.o
                0x0000000008000fe4                _getpid
 .text._kill    0x0000000008000ff4       0x20 ./Core/Src/syscalls.o
                0x0000000008000ff4                _kill
 .text._exit    0x0000000008001014       0x14 ./Core/Src/syscalls.o
                0x0000000008001014                _exit
 .text._read    0x0000000008001028       0x3a ./Core/Src/syscalls.o
                0x0000000008001028                _read
 .text._write   0x0000000008001062       0x38 ./Core/Src/syscalls.o
                0x0000000008001062                _write
 .text._close   0x000000000800109a       0x18 ./Core/Src/syscalls.o
                0x000000000800109a                _close
 .text._fstat   0x00000000080010b2       0x20 ./Core/Src/syscalls.o
                0x00000000080010b2                _fstat
 .text._isatty  0x00000000080010d2       0x16 ./Core/Src/syscalls.o
                0x00000000080010d2                _isatty
 .text._lseek   0x00000000080010e8       0x1a ./Core/Src/syscalls.o
                0x00000000080010e8                _lseek
 *fill*         0x0000000008001102        0x2 
 .text._sbrk    0x0000000008001104       0x6c ./Core/Src/sysmem.o
                0x0000000008001104                _sbrk
 .text.SystemInit
                0x0000000008001170      0x110 ./Core/Src/system_stm32h7xx.o
                0x0000000008001170                SystemInit
 .text.Reset_Handler
                0x0000000008001280       0x50 ./Core/Startup/startup_stm32h750vbtx.o
                0x0000000008001280                Reset_Handler
 .text.Default_Handler
                0x00000000080012d0        0x2 ./Core/Startup/startup_stm32h750vbtx.o
                0x00000000080012d0                RTC_Alarm_IRQHandler
                0x00000000080012d0                HASH_RNG_IRQHandler
                0x00000000080012d0                EXTI2_IRQHandler
                0x00000000080012d0                TIM8_CC_IRQHandler
                0x00000000080012d0                HRTIM1_Master_IRQHandler
                0x00000000080012d0                UART8_IRQHandler
                0x00000000080012d0                SPI4_IRQHandler
                0x00000000080012d0                TIM1_CC_IRQHandler
                0x00000000080012d0                BDMA_Channel6_IRQHandler
                0x00000000080012d0                DMA2_Stream5_IRQHandler
                0x00000000080012d0                HRTIM1_FLT_IRQHandler
                0x00000000080012d0                JPEG_IRQHandler
                0x00000000080012d0                DMA1_Stream5_IRQHandler
                0x00000000080012d0                BDMA_Channel1_IRQHandler
                0x00000000080012d0                HRTIM1_TIMD_IRQHandler
                0x00000000080012d0                TAMP_STAMP_IRQHandler
                0x00000000080012d0                EXTI3_IRQHandler
                0x00000000080012d0                LPTIM4_IRQHandler
                0x00000000080012d0                TIM8_TRG_COM_TIM14_IRQHandler
                0x00000000080012d0                LPTIM2_IRQHandler
                0x00000000080012d0                DFSDM1_FLT1_IRQHandler
                0x00000000080012d0                DMAMUX2_OVR_IRQHandler
                0x00000000080012d0                TIM8_UP_TIM13_IRQHandler
                0x00000000080012d0                I2C3_ER_IRQHandler
                0x00000000080012d0                DFSDM1_FLT2_IRQHandler
                0x00000000080012d0                MDMA_IRQHandler
                0x00000000080012d0                LPTIM3_IRQHandler
                0x00000000080012d0                HSEM1_IRQHandler
                0x00000000080012d0                EXTI0_IRQHandler
                0x00000000080012d0                I2C2_EV_IRQHandler
                0x00000000080012d0                DMA1_Stream2_IRQHandler
                0x00000000080012d0                FPU_IRQHandler
                0x00000000080012d0                OTG_HS_WKUP_IRQHandler
                0x00000000080012d0                FDCAN1_IT1_IRQHandler
                0x00000000080012d0                LTDC_ER_IRQHandler
                0x00000000080012d0                DMA2_Stream2_IRQHandler
                0x00000000080012d0                HRTIM1_TIME_IRQHandler
                0x00000000080012d0                SPI1_IRQHandler
                0x00000000080012d0                TIM6_DAC_IRQHandler
                0x00000000080012d0                DCMI_IRQHandler
                0x00000000080012d0                HRTIM1_TIMC_IRQHandler
                0x00000000080012d0                DMA2_Stream3_IRQHandler
                0x00000000080012d0                SAI2_IRQHandler
                0x00000000080012d0                DFSDM1_FLT3_IRQHandler
                0x00000000080012d0                USART6_IRQHandler
                0x00000000080012d0                TIM17_IRQHandler
                0x00000000080012d0                USART3_IRQHandler
                0x00000000080012d0                BDMA_Channel7_IRQHandler
                0x00000000080012d0                CRYP_IRQHandler
                0x00000000080012d0                LPTIM5_IRQHandler
                0x00000000080012d0                UART5_IRQHandler
                0x00000000080012d0                ADC3_IRQHandler
                0x00000000080012d0                DMA2_Stream0_IRQHandler
                0x00000000080012d0                TIM4_IRQHandler
                0x00000000080012d0                BDMA_Channel2_IRQHandler
                0x00000000080012d0                QUADSPI_IRQHandler
                0x00000000080012d0                I2C1_EV_IRQHandler
                0x00000000080012d0                DMA1_Stream6_IRQHandler
                0x00000000080012d0                DMAMUX1_OVR_IRQHandler
                0x00000000080012d0                DMA1_Stream1_IRQHandler
                0x00000000080012d0                TIM16_IRQHandler
                0x00000000080012d0                UART4_IRQHandler
                0x00000000080012d0                BDMA_Channel5_IRQHandler
                0x00000000080012d0                TIM3_IRQHandler
                0x00000000080012d0                RCC_IRQHandler
                0x00000000080012d0                TIM8_BRK_TIM12_IRQHandler
                0x00000000080012d0                TIM1_TRG_COM_IRQHandler
                0x00000000080012d0                Default_Handler
                0x00000000080012d0                ECC_IRQHandler
                0x00000000080012d0                CEC_IRQHandler
                0x00000000080012d0                EXTI15_10_IRQHandler
                0x00000000080012d0                BDMA_Channel0_IRQHandler
                0x00000000080012d0                ADC_IRQHandler
                0x00000000080012d0                DMA1_Stream7_IRQHandler
                0x00000000080012d0                HRTIM1_TIMA_IRQHandler
                0x00000000080012d0                SPI5_IRQHandler
                0x00000000080012d0                TIM7_IRQHandler
                0x00000000080012d0                SDMMC1_IRQHandler
                0x00000000080012d0                TIM5_IRQHandler
                0x00000000080012d0                DMA2_Stream7_IRQHandler
                0x00000000080012d0                TIM15_IRQHandler
                0x00000000080012d0                PVD_AVD_IRQHandler
                0x00000000080012d0                I2C3_EV_IRQHandler
                0x00000000080012d0                EXTI9_5_IRQHandler
                0x00000000080012d0                RTC_WKUP_IRQHandler
                0x00000000080012d0                LTDC_IRQHandler
                0x00000000080012d0                SAI3_IRQHandler
                0x00000000080012d0                ETH_WKUP_IRQHandler
                0x00000000080012d0                SPDIF_RX_IRQHandler
                0x00000000080012d0                SPI2_IRQHandler
                0x00000000080012d0                OTG_HS_EP1_IN_IRQHandler
                0x00000000080012d0                DMA1_Stream0_IRQHandler
                0x00000000080012d0                CRS_IRQHandler
                0x00000000080012d0                EXTI4_IRQHandler
                0x00000000080012d0                HRTIM1_TIMB_IRQHandler
                0x00000000080012d0                FDCAN2_IT1_IRQHandler
                0x00000000080012d0                ETH_IRQHandler
                0x00000000080012d0                TIM1_UP_IRQHandler
                0x00000000080012d0                BDMA_Channel4_IRQHandler
                0x00000000080012d0                OTG_HS_EP1_OUT_IRQHandler
                0x00000000080012d0                WWDG_IRQHandler
                0x00000000080012d0                SPI6_IRQHandler
                0x00000000080012d0                MDIOS_IRQHandler
                0x00000000080012d0                I2C4_EV_IRQHandler
                0x00000000080012d0                FDCAN2_IT0_IRQHandler
                0x00000000080012d0                LPUART1_IRQHandler
                0x00000000080012d0                FDCAN1_IT0_IRQHandler
                0x00000000080012d0                TIM2_IRQHandler
                0x00000000080012d0                OTG_FS_WKUP_IRQHandler
                0x00000000080012d0                OTG_HS_IRQHandler
                0x00000000080012d0                DMA2D_IRQHandler
                0x00000000080012d0                TIM1_BRK_IRQHandler
                0x00000000080012d0                EXTI1_IRQHandler
                0x00000000080012d0                SDMMC2_IRQHandler
                0x00000000080012d0                OTG_FS_EP1_OUT_IRQHandler
                0x00000000080012d0                BDMA_Channel3_IRQHandler
                0x00000000080012d0                UART7_IRQHandler
                0x00000000080012d0                MDIOS_WKUP_IRQHandler
                0x00000000080012d0                USART2_IRQHandler
                0x00000000080012d0                DFSDM1_FLT0_IRQHandler
                0x00000000080012d0                SAI4_IRQHandler
                0x00000000080012d0                I2C2_ER_IRQHandler
                0x00000000080012d0                DMA2_Stream1_IRQHandler
                0x00000000080012d0                FLASH_IRQHandler
                0x00000000080012d0                DMA2_Stream4_IRQHandler
                0x00000000080012d0                USART1_IRQHandler
                0x00000000080012d0                SPI3_IRQHandler
                0x00000000080012d0                WAKEUP_PIN_IRQHandler
                0x00000000080012d0                DMA1_Stream4_IRQHandler
                0x00000000080012d0                OTG_FS_EP1_IN_IRQHandler
                0x00000000080012d0                I2C1_ER_IRQHandler
                0x00000000080012d0                FMC_IRQHandler
                0x00000000080012d0                FDCAN_CAL_IRQHandler
                0x00000000080012d0                SWPMI1_IRQHandler
                0x00000000080012d0                COMP1_IRQHandler
                0x00000000080012d0                LPTIM1_IRQHandler
                0x00000000080012d0                I2C4_ER_IRQHandler
                0x00000000080012d0                DMA2_Stream6_IRQHandler
                0x00000000080012d0                SAI1_IRQHandler
                0x00000000080012d0                DMA1_Stream3_IRQHandler
 *fill*         0x00000000080012d2        0x2 
 .text.HAL_Init
                0x00000000080012d4       0x78 ./Drivers/STM32H7xx_HAL_Driver/Src/stm32h7xx_hal.o
                0x00000000080012d4                HAL_Init
 .text.HAL_InitTick
                0x000000000800134c       0x6c ./Drivers/STM32H7xx_HAL_Driver/Src/stm32h7xx_hal.o
                0x000000000800134c                HAL_InitTick
 .text.HAL_IncTick
                0x00000000080013b8       0x28 ./Drivers/STM32H7xx_HAL_Driver/Src/stm32h7xx_hal.o
                0x00000000080013b8                HAL_IncTick
 .text.HAL_GetTick
                0x00000000080013e0       0x18 ./Drivers/STM32H7xx_HAL_Driver/Src/stm32h7xx_hal.o
                0x00000000080013e0                HAL_GetTick
 .text.HAL_Delay
                0x00000000080013f8       0x48 ./Drivers/STM32H7xx_HAL_Driver/Src/stm32h7xx_hal.o
                0x00000000080013f8                HAL_Delay
 .text.HAL_GetREVID
                0x0000000008001440       0x18 ./Drivers/STM32H7xx_HAL_Driver/Src/stm32h7xx_hal.o
                0x0000000008001440                HAL_GetREVID
 .text.HAL_SYSCFG_AnalogSwitchConfig
                0x0000000008001458       0x2c ./Drivers/STM32H7xx_HAL_Driver/Src/stm32h7xx_hal.o
                0x0000000008001458                HAL_SYSCFG_AnalogSwitchConfig
 .text.LL_ADC_SetCommonClock
                0x0000000008001484       0x26 ./Drivers/STM32H7xx_HAL_Driver/Src/stm32h7xx_hal_adc.o
 .text.LL_ADC_SetCommonPathInternalCh
                0x00000000080014aa       0x26 ./Drivers/STM32H7xx_HAL_Driver/Src/stm32h7xx_hal_adc.o
 .text.LL_ADC_GetCommonPathInternalCh
                0x00000000080014d0       0x1c ./Drivers/STM32H7xx_HAL_Driver/Src/stm32h7xx_hal_adc.o
 .text.LL_ADC_SetOffset
                0x00000000080014ec       0x40 ./Drivers/STM32H7xx_HAL_Driver/Src/stm32h7xx_hal_adc.o
 .text.LL_ADC_SetDataRightShift
                0x000000000800152c       0x32 ./Drivers/STM32H7xx_HAL_Driver/Src/stm32h7xx_hal_adc.o
 .text.LL_ADC_SetOffsetSignedSaturation
                0x000000000800155e       0x36 ./Drivers/STM32H7xx_HAL_Driver/Src/stm32h7xx_hal_adc.o
 .text.LL_ADC_REG_SetSequencerRanks
                0x0000000008001594       0x58 ./Drivers/STM32H7xx_HAL_Driver/Src/stm32h7xx_hal_adc.o
 .text.LL_ADC_SetChannelSamplingTime
                0x00000000080015ec       0x56 ./Drivers/STM32H7xx_HAL_Driver/Src/stm32h7xx_hal_adc.o
 *fill*         0x0000000008001642        0x2 
 .text.LL_ADC_SetChannelSingleDiff
                0x0000000008001644       0x48 ./Drivers/STM32H7xx_HAL_Driver/Src/stm32h7xx_hal_adc.o
 .text.LL_ADC_DisableDeepPowerDown
                0x000000000800168c       0x24 ./Drivers/STM32H7xx_HAL_Driver/Src/stm32h7xx_hal_adc.o
 .text.LL_ADC_IsDeepPowerDownEnabled
                0x00000000080016b0       0x28 ./Drivers/STM32H7xx_HAL_Driver/Src/stm32h7xx_hal_adc.o
 .text.LL_ADC_EnableInternalRegulator
                0x00000000080016d8       0x28 ./Drivers/STM32H7xx_HAL_Driver/Src/stm32h7xx_hal_adc.o
 .text.LL_ADC_IsInternalRegulatorEnabled
                0x0000000008001700       0x28 ./Drivers/STM32H7xx_HAL_Driver/Src/stm32h7xx_hal_adc.o
 .text.LL_ADC_IsEnabled
                0x0000000008001728       0x26 ./Drivers/STM32H7xx_HAL_Driver/Src/stm32h7xx_hal_adc.o
 .text.LL_ADC_REG_IsConversionOngoing
                0x000000000800174e       0x26 ./Drivers/STM32H7xx_HAL_Driver/Src/stm32h7xx_hal_adc.o
 .text.LL_ADC_INJ_IsConversionOngoing
                0x0000000008001774       0x26 ./Drivers/STM32H7xx_HAL_Driver/Src/stm32h7xx_hal_adc.o
 *fill*         0x000000000800179a        0x2 
 .text.HAL_ADC_Init
                0x000000000800179c      0x344 ./Drivers/STM32H7xx_HAL_Driver/Src/stm32h7xx_hal_adc.o
                0x000000000800179c                HAL_ADC_Init
 .text.HAL_ADC_ConfigChannel
                0x0000000008001ae0      0x6a0 ./Drivers/STM32H7xx_HAL_Driver/Src/stm32h7xx_hal_adc.o
                0x0000000008001ae0                HAL_ADC_ConfigChannel
 .text.ADC_ConfigureBoostMode
                0x0000000008002180      0x218 ./Drivers/STM32H7xx_HAL_Driver/Src/stm32h7xx_hal_adc.o
                0x0000000008002180                ADC_ConfigureBoostMode
 .text.LL_ADC_IsEnabled
                0x0000000008002398       0x26 ./Drivers/STM32H7xx_HAL_Driver/Src/stm32h7xx_hal_adc_ex.o
 .text.LL_ADC_REG_IsConversionOngoing
                0x00000000080023be       0x26 ./Drivers/STM32H7xx_HAL_Driver/Src/stm32h7xx_hal_adc_ex.o
 .text.HAL_ADCEx_MultiModeConfigChannel
                0x00000000080023e4      0x1bc ./Drivers/STM32H7xx_HAL_Driver/Src/stm32h7xx_hal_adc_ex.o
                0x00000000080023e4                HAL_ADCEx_MultiModeConfigChannel
 .text.__NVIC_SetPriorityGrouping
                0x00000000080025a0       0x48 ./Drivers/STM32H7xx_HAL_Driver/Src/stm32h7xx_hal_cortex.o
 .text.__NVIC_GetPriorityGrouping
                0x00000000080025e8       0x1c ./Drivers/STM32H7xx_HAL_Driver/Src/stm32h7xx_hal_cortex.o
 .text.__NVIC_EnableIRQ
                0x0000000008002604       0x3c ./Drivers/STM32H7xx_HAL_Driver/Src/stm32h7xx_hal_cortex.o
 .text.__NVIC_SetPriority
                0x0000000008002640       0x54 ./Drivers/STM32H7xx_HAL_Driver/Src/stm32h7xx_hal_cortex.o
 .text.NVIC_EncodePriority
                0x0000000008002694       0x66 ./Drivers/STM32H7xx_HAL_Driver/Src/stm32h7xx_hal_cortex.o
 *fill*         0x00000000080026fa        0x2 
 .text.SysTick_Config
                0x00000000080026fc       0x44 ./Drivers/STM32H7xx_HAL_Driver/Src/stm32h7xx_hal_cortex.o
 .text.HAL_NVIC_SetPriorityGrouping
                0x0000000008002740       0x16 ./Drivers/STM32H7xx_HAL_Driver/Src/stm32h7xx_hal_cortex.o
                0x0000000008002740                HAL_NVIC_SetPriorityGrouping
 .text.HAL_NVIC_SetPriority
                0x0000000008002756       0x34 ./Drivers/STM32H7xx_HAL_Driver/Src/stm32h7xx_hal_cortex.o
                0x0000000008002756                HAL_NVIC_SetPriority
 .text.HAL_NVIC_EnableIRQ
                0x000000000800278a       0x1c ./Drivers/STM32H7xx_HAL_Driver/Src/stm32h7xx_hal_cortex.o
                0x000000000800278a                HAL_NVIC_EnableIRQ
 .text.HAL_SYSTICK_Config
                0x00000000080027a6       0x18 ./Drivers/STM32H7xx_HAL_Driver/Src/stm32h7xx_hal_cortex.o
                0x00000000080027a6                HAL_SYSTICK_Config
 *fill*         0x00000000080027be        0x2 
 .text.HAL_GPIO_Init
                0x00000000080027c0      0x360 ./Drivers/STM32H7xx_HAL_Driver/Src/stm32h7xx_hal_gpio.o
                0x00000000080027c0                HAL_GPIO_Init
 .text.HAL_PCD_Init
                0x0000000008002b20      0x248 ./Drivers/STM32H7xx_HAL_Driver/Src/stm32h7xx_hal_pcd.o
                0x0000000008002b20                HAL_PCD_Init
 .text.HAL_PCD_Start
                0x0000000008002d68       0x6a ./Drivers/STM32H7xx_HAL_Driver/Src/stm32h7xx_hal_pcd.o
                0x0000000008002d68                HAL_PCD_Start
 .text.HAL_PCD_IRQHandler
                0x0000000008002dd2      0x998 ./Drivers/STM32H7xx_HAL_Driver/Src/stm32h7xx_hal_pcd.o
                0x0000000008002dd2                HAL_PCD_IRQHandler
 .text.HAL_PCD_SetAddress
                0x000000000800376a       0x4a ./Drivers/STM32H7xx_HAL_Driver/Src/stm32h7xx_hal_pcd.o
                0x000000000800376a                HAL_PCD_SetAddress
 .text.HAL_PCD_EP_Open
                0x00000000080037b4       0xd0 ./Drivers/STM32H7xx_HAL_Driver/Src/stm32h7xx_hal_pcd.o
                0x00000000080037b4                HAL_PCD_EP_Open
 .text.HAL_PCD_EP_Close
                0x0000000008003884       0x94 ./Drivers/STM32H7xx_HAL_Driver/Src/stm32h7xx_hal_pcd.o
                0x0000000008003884                HAL_PCD_EP_Close
 .text.HAL_PCD_EP_Receive
                0x0000000008003918       0x78 ./Drivers/STM32H7xx_HAL_Driver/Src/stm32h7xx_hal_pcd.o
                0x0000000008003918                HAL_PCD_EP_Receive
 .text.HAL_PCD_EP_GetRxCount
                0x0000000008003990       0x30 ./Drivers/STM32H7xx_HAL_Driver/Src/stm32h7xx_hal_pcd.o
                0x0000000008003990                HAL_PCD_EP_GetRxCount
 .text.HAL_PCD_EP_Transmit
                0x00000000080039c0       0x76 ./Drivers/STM32H7xx_HAL_Driver/Src/stm32h7xx_hal_pcd.o
                0x00000000080039c0                HAL_PCD_EP_Transmit
 .text.HAL_PCD_EP_SetStall
                0x0000000008003a36       0xc8 ./Drivers/STM32H7xx_HAL_Driver/Src/stm32h7xx_hal_pcd.o
                0x0000000008003a36                HAL_PCD_EP_SetStall
 .text.HAL_PCD_EP_ClrStall
                0x0000000008003afe       0xac ./Drivers/STM32H7xx_HAL_Driver/Src/stm32h7xx_hal_pcd.o
                0x0000000008003afe                HAL_PCD_EP_ClrStall
 .text.HAL_PCD_EP_Abort
                0x0000000008003baa       0x62 ./Drivers/STM32H7xx_HAL_Driver/Src/stm32h7xx_hal_pcd.o
                0x0000000008003baa                HAL_PCD_EP_Abort
 .text.PCD_WriteEmptyTxFifo
                0x0000000008003c0c      0x11a ./Drivers/STM32H7xx_HAL_Driver/Src/stm32h7xx_hal_pcd.o
 *fill*         0x0000000008003d26        0x2 
 .text.PCD_EP_OutXfrComplete_int
                0x0000000008003d28      0x1d0 ./Drivers/STM32H7xx_HAL_Driver/Src/stm32h7xx_hal_pcd.o
 .text.PCD_EP_OutSetupPacket_int
                0x0000000008003ef8       0x8c ./Drivers/STM32H7xx_HAL_Driver/Src/stm32h7xx_hal_pcd.o
 .text.HAL_PCDEx_SetTxFiFo
                0x0000000008003f84       0x8e ./Drivers/STM32H7xx_HAL_Driver/Src/stm32h7xx_hal_pcd_ex.o
                0x0000000008003f84                HAL_PCDEx_SetTxFiFo
 .text.HAL_PCDEx_SetRxFiFo
                0x0000000008004012       0x22 ./Drivers/STM32H7xx_HAL_Driver/Src/stm32h7xx_hal_pcd_ex.o
                0x0000000008004012                HAL_PCDEx_SetRxFiFo
 .text.HAL_PCDEx_ActivateLPM
                0x0000000008004034       0x48 ./Drivers/STM32H7xx_HAL_Driver/Src/stm32h7xx_hal_pcd_ex.o
                0x0000000008004034                HAL_PCDEx_ActivateLPM
 .text.HAL_PCDEx_LPM_Callback
                0x000000000800407c       0x18 ./Drivers/STM32H7xx_HAL_Driver/Src/stm32h7xx_hal_pcd_ex.o
                0x000000000800407c                HAL_PCDEx_LPM_Callback
 .text.HAL_PWREx_ConfigSupply
                0x0000000008004094       0x74 ./Drivers/STM32H7xx_HAL_Driver/Src/stm32h7xx_hal_pwr_ex.o
                0x0000000008004094                HAL_PWREx_ConfigSupply
 .text.HAL_PWREx_EnableUSBVoltageDetector
                0x0000000008004108       0x20 ./Drivers/STM32H7xx_HAL_Driver/Src/stm32h7xx_hal_pwr_ex.o
                0x0000000008004108                HAL_PWREx_EnableUSBVoltageDetector
 .text.HAL_RCC_OscConfig
                0x0000000008004128      0x8b4 ./Drivers/STM32H7xx_HAL_Driver/Src/stm32h7xx_hal_rcc.o
                0x0000000008004128                HAL_RCC_OscConfig
 .text.HAL_RCC_ClockConfig
                0x00000000080049dc      0x36c ./Drivers/STM32H7xx_HAL_Driver/Src/stm32h7xx_hal_rcc.o
                0x00000000080049dc                HAL_RCC_ClockConfig
 .text.HAL_RCC_GetSysClockFreq
                0x0000000008004d48      0x2f4 ./Drivers/STM32H7xx_HAL_Driver/Src/stm32h7xx_hal_rcc.o
                0x0000000008004d48                HAL_RCC_GetSysClockFreq
 .text.HAL_RCC_GetHCLKFreq
                0x000000000800503c       0x60 ./Drivers/STM32H7xx_HAL_Driver/Src/stm32h7xx_hal_rcc.o
                0x000000000800503c                HAL_RCC_GetHCLKFreq
 .text.HAL_RCC_GetPCLK1Freq
                0x000000000800509c       0x2c ./Drivers/STM32H7xx_HAL_Driver/Src/stm32h7xx_hal_rcc.o
                0x000000000800509c                HAL_RCC_GetPCLK1Freq
 .text.HAL_RCCEx_PeriphCLKConfig
                0x00000000080050c8     0x1414 ./Drivers/STM32H7xx_HAL_Driver/Src/stm32h7xx_hal_rcc_ex.o
                0x00000000080050c8                HAL_RCCEx_PeriphCLKConfig
 .text.HAL_RCCEx_GetPeriphCLKFreq
                0x00000000080064dc      0xb00 ./Drivers/STM32H7xx_HAL_Driver/Src/stm32h7xx_hal_rcc_ex.o
                0x00000000080064dc                HAL_RCCEx_GetPeriphCLKFreq
 .text.HAL_RCCEx_GetD3PCLK1Freq
                0x0000000008006fdc       0x2c ./Drivers/STM32H7xx_HAL_Driver/Src/stm32h7xx_hal_rcc_ex.o
                0x0000000008006fdc                HAL_RCCEx_GetD3PCLK1Freq
 .text.HAL_RCCEx_GetPLL2ClockFreq
                0x0000000008007008      0x2a8 ./Drivers/STM32H7xx_HAL_Driver/Src/stm32h7xx_hal_rcc_ex.o
                0x0000000008007008                HAL_RCCEx_GetPLL2ClockFreq
 .text.HAL_RCCEx_GetPLL3ClockFreq
                0x00000000080072b0      0x2a8 ./Drivers/STM32H7xx_HAL_Driver/Src/stm32h7xx_hal_rcc_ex.o
                0x00000000080072b0                HAL_RCCEx_GetPLL3ClockFreq
 .text.HAL_RCCEx_GetPLL1ClockFreq
                0x0000000008007558      0x2a4 ./Drivers/STM32H7xx_HAL_Driver/Src/stm32h7xx_hal_rcc_ex.o
                0x0000000008007558                HAL_RCCEx_GetPLL1ClockFreq
 .text.RCCEx_PLL2_Config
                0x00000000080077fc      0x164 ./Drivers/STM32H7xx_HAL_Driver/Src/stm32h7xx_hal_rcc_ex.o
 .text.RCCEx_PLL3_Config
                0x0000000008007960      0x164 ./Drivers/STM32H7xx_HAL_Driver/Src/stm32h7xx_hal_rcc_ex.o
 .text.USB_CoreInit
                0x0000000008007ac4       0xdc ./Drivers/STM32H7xx_HAL_Driver/Src/stm32h7xx_ll_usb.o
                0x0000000008007ac4                USB_CoreInit
 .text.USB_SetTurnaroundTime
                0x0000000008007ba0      0x144 ./Drivers/STM32H7xx_HAL_Driver/Src/stm32h7xx_ll_usb.o
                0x0000000008007ba0                USB_SetTurnaroundTime
 .text.USB_EnableGlobalInt
                0x0000000008007ce4       0x22 ./Drivers/STM32H7xx_HAL_Driver/Src/stm32h7xx_ll_usb.o
                0x0000000008007ce4                USB_EnableGlobalInt
 .text.USB_DisableGlobalInt
                0x0000000008007d06       0x22 ./Drivers/STM32H7xx_HAL_Driver/Src/stm32h7xx_ll_usb.o
                0x0000000008007d06                USB_DisableGlobalInt
 .text.USB_SetCurrentMode
                0x0000000008007d28       0x98 ./Drivers/STM32H7xx_HAL_Driver/Src/stm32h7xx_ll_usb.o
                0x0000000008007d28                USB_SetCurrentMode
 .text.USB_DevInit
                0x0000000008007dc0      0x2bc ./Drivers/STM32H7xx_HAL_Driver/Src/stm32h7xx_ll_usb.o
                0x0000000008007dc0                USB_DevInit
 .text.USB_FlushTxFifo
                0x000000000800807c       0x68 ./Drivers/STM32H7xx_HAL_Driver/Src/stm32h7xx_ll_usb.o
                0x000000000800807c                USB_FlushTxFifo
 .text.USB_FlushRxFifo
                0x00000000080080e4       0x60 ./Drivers/STM32H7xx_HAL_Driver/Src/stm32h7xx_ll_usb.o
                0x00000000080080e4                USB_FlushRxFifo
 .text.USB_SetDevSpeed
                0x0000000008008144       0x32 ./Drivers/STM32H7xx_HAL_Driver/Src/stm32h7xx_ll_usb.o
                0x0000000008008144                USB_SetDevSpeed
 .text.USB_GetDevSpeed
                0x0000000008008176       0x4a ./Drivers/STM32H7xx_HAL_Driver/Src/stm32h7xx_ll_usb.o
                0x0000000008008176                USB_GetDevSpeed
 .text.USB_ActivateEndpoint
                0x00000000080081c0      0x110 ./Drivers/STM32H7xx_HAL_Driver/Src/stm32h7xx_ll_usb.o
                0x00000000080081c0                USB_ActivateEndpoint
 .text.USB_DeactivateEndpoint
                0x00000000080082d0      0x1b8 ./Drivers/STM32H7xx_HAL_Driver/Src/stm32h7xx_ll_usb.o
                0x00000000080082d0                USB_DeactivateEndpoint
 .text.USB_EPStartXfer
                0x0000000008008488      0x540 ./Drivers/STM32H7xx_HAL_Driver/Src/stm32h7xx_ll_usb.o
                0x0000000008008488                USB_EPStartXfer
 .text.USB_EPStopXfer
                0x00000000080089c8      0x154 ./Drivers/STM32H7xx_HAL_Driver/Src/stm32h7xx_ll_usb.o
                0x00000000080089c8                USB_EPStopXfer
 .text.USB_WritePacket
                0x0000000008008b1c       0x7c ./Drivers/STM32H7xx_HAL_Driver/Src/stm32h7xx_ll_usb.o
                0x0000000008008b1c                USB_WritePacket
 .text.USB_ReadPacket
                0x0000000008008b98       0xb0 ./Drivers/STM32H7xx_HAL_Driver/Src/stm32h7xx_ll_usb.o
                0x0000000008008b98                USB_ReadPacket
 .text.USB_EPSetStall
                0x0000000008008c48       0xdc ./Drivers/STM32H7xx_HAL_Driver/Src/stm32h7xx_ll_usb.o
                0x0000000008008c48                USB_EPSetStall
 .text.USB_EPClearStall
                0x0000000008008d24       0xcc ./Drivers/STM32H7xx_HAL_Driver/Src/stm32h7xx_ll_usb.o
                0x0000000008008d24                USB_EPClearStall
 .text.USB_SetDevAddress
                0x0000000008008df0       0x4c ./Drivers/STM32H7xx_HAL_Driver/Src/stm32h7xx_ll_usb.o
                0x0000000008008df0                USB_SetDevAddress
 .text.USB_DevConnect
                0x0000000008008e3c       0x42 ./Drivers/STM32H7xx_HAL_Driver/Src/stm32h7xx_ll_usb.o
                0x0000000008008e3c                USB_DevConnect
 .text.USB_DevDisconnect
                0x0000000008008e7e       0x42 ./Drivers/STM32H7xx_HAL_Driver/Src/stm32h7xx_ll_usb.o
                0x0000000008008e7e                USB_DevDisconnect
 .text.USB_ReadInterrupts
                0x0000000008008ec0       0x26 ./Drivers/STM32H7xx_HAL_Driver/Src/stm32h7xx_ll_usb.o
                0x0000000008008ec0                USB_ReadInterrupts
 .text.USB_ReadDevAllOutEpInterrupt
                0x0000000008008ee6       0x34 ./Drivers/STM32H7xx_HAL_Driver/Src/stm32h7xx_ll_usb.o
                0x0000000008008ee6                USB_ReadDevAllOutEpInterrupt
 .text.USB_ReadDevAllInEpInterrupt
                0x0000000008008f1a       0x34 ./Drivers/STM32H7xx_HAL_Driver/Src/stm32h7xx_ll_usb.o
                0x0000000008008f1a                USB_ReadDevAllInEpInterrupt
 .text.USB_ReadDevOutEPInterrupt
                0x0000000008008f4e       0x3c ./Drivers/STM32H7xx_HAL_Driver/Src/stm32h7xx_ll_usb.o
                0x0000000008008f4e                USB_ReadDevOutEPInterrupt
 .text.USB_ReadDevInEPInterrupt
                0x0000000008008f8a       0x5c ./Drivers/STM32H7xx_HAL_Driver/Src/stm32h7xx_ll_usb.o
                0x0000000008008f8a                USB_ReadDevInEPInterrupt
 .text.USB_GetMode
                0x0000000008008fe6       0x1c ./Drivers/STM32H7xx_HAL_Driver/Src/stm32h7xx_ll_usb.o
                0x0000000008008fe6                USB_GetMode
 *fill*         0x0000000008009002        0x2 
 .text.USB_ActivateSetup
                0x0000000008009004       0x48 ./Drivers/STM32H7xx_HAL_Driver/Src/stm32h7xx_ll_usb.o
                0x0000000008009004                USB_ActivateSetup
 .text.USB_EP0_OutStart
                0x000000000800904c       0xbc ./Drivers/STM32H7xx_HAL_Driver/Src/stm32h7xx_ll_usb.o
                0x000000000800904c                USB_EP0_OutStart
 .text.USB_CoreReset
                0x0000000008009108       0x68 ./Drivers/STM32H7xx_HAL_Driver/Src/stm32h7xx_ll_usb.o
 .text.USBD_CDC_Init
                0x0000000008009170      0x1f0 ./Middlewares/ST/STM32_USB_Device_Library/Class/CDC/Src/usbd_cdc.o
 .text.USBD_CDC_DeInit
                0x0000000008009360      0x104 ./Middlewares/ST/STM32_USB_Device_Library/Class/CDC/Src/usbd_cdc.o
 .text.USBD_CDC_Setup
                0x0000000008009464      0x1b8 ./Middlewares/ST/STM32_USB_Device_Library/Class/CDC/Src/usbd_cdc.o
 .text.USBD_CDC_DataIn
                0x000000000800961c       0xfe ./Middlewares/ST/STM32_USB_Device_Library/Class/CDC/Src/usbd_cdc.o
 .text.USBD_CDC_DataOut
                0x000000000800971a       0x70 ./Middlewares/ST/STM32_USB_Device_Library/Class/CDC/Src/usbd_cdc.o
 .text.USBD_CDC_EP0_RxReady
                0x000000000800978a       0x76 ./Middlewares/ST/STM32_USB_Device_Library/Class/CDC/Src/usbd_cdc.o
 .text.USBD_CDC_GetFSCfgDesc
                0x0000000008009800       0x70 ./Middlewares/ST/STM32_USB_Device_Library/Class/CDC/Src/usbd_cdc.o
 .text.USBD_CDC_GetHSCfgDesc
                0x0000000008009870       0x70 ./Middlewares/ST/STM32_USB_Device_Library/Class/CDC/Src/usbd_cdc.o
 .text.USBD_CDC_GetOtherSpeedCfgDesc
                0x00000000080098e0       0x70 ./Middlewares/ST/STM32_USB_Device_Library/Class/CDC/Src/usbd_cdc.o
 .text.USBD_CDC_GetDeviceQualifierDescriptor
                0x0000000008009950       0x20 ./Middlewares/ST/STM32_USB_Device_Library/Class/CDC/Src/usbd_cdc.o
                0x0000000008009950                USBD_CDC_GetDeviceQualifierDescriptor
 .text.USBD_CDC_RegisterInterface
                0x0000000008009970       0x34 ./Middlewares/ST/STM32_USB_Device_Library/Class/CDC/Src/usbd_cdc.o
                0x0000000008009970                USBD_CDC_RegisterInterface
 .text.USBD_CDC_SetTxBuffer
                0x00000000080099a4       0x44 ./Middlewares/ST/STM32_USB_Device_Library/Class/CDC/Src/usbd_cdc.o
                0x00000000080099a4                USBD_CDC_SetTxBuffer
 .text.USBD_CDC_SetRxBuffer
                0x00000000080099e8       0x3a ./Middlewares/ST/STM32_USB_Device_Library/Class/CDC/Src/usbd_cdc.o
                0x00000000080099e8                USBD_CDC_SetRxBuffer
 *fill*         0x0000000008009a22        0x2 
 .text.USBD_CDC_TransmitPacket
                0x0000000008009a24       0x80 ./Middlewares/ST/STM32_USB_Device_Library/Class/CDC/Src/usbd_cdc.o
                0x0000000008009a24                USBD_CDC_TransmitPacket
 .text.USBD_CDC_ReceivePacket
                0x0000000008009aa4       0x6c ./Middlewares/ST/STM32_USB_Device_Library/Class/CDC/Src/usbd_cdc.o
                0x0000000008009aa4                USBD_CDC_ReceivePacket
 .text.USBD_Init
                0x0000000008009b10       0x60 ./Middlewares/ST/STM32_USB_Device_Library/Core/Src/usbd_core.o
                0x0000000008009b10                USBD_Init
 .text.USBD_RegisterClass
                0x0000000008009b70       0x6c ./Middlewares/ST/STM32_USB_Device_Library/Core/Src/usbd_core.o
                0x0000000008009b70                USBD_RegisterClass
 .text.USBD_Start
                0x0000000008009bdc       0x18 ./Middlewares/ST/STM32_USB_Device_Library/Core/Src/usbd_core.o
                0x0000000008009bdc                USBD_Start
 .text.USBD_RunTestMode
                0x0000000008009bf4       0x16 ./Middlewares/ST/STM32_USB_Device_Library/Core/Src/usbd_core.o
                0x0000000008009bf4                USBD_RunTestMode
 .text.USBD_SetClassConfig
                0x0000000008009c0a       0x38 ./Middlewares/ST/STM32_USB_Device_Library/Core/Src/usbd_core.o
                0x0000000008009c0a                USBD_SetClassConfig
 .text.USBD_ClrClassConfig
                0x0000000008009c42       0x34 ./Middlewares/ST/STM32_USB_Device_Library/Core/Src/usbd_core.o
                0x0000000008009c42                USBD_ClrClassConfig
 .text.USBD_LL_SetupStage
                0x0000000008009c76       0xaa ./Middlewares/ST/STM32_USB_Device_Library/Core/Src/usbd_core.o
                0x0000000008009c76                USBD_LL_SetupStage
 .text.USBD_LL_DataOutStage
                0x0000000008009d20      0x166 ./Middlewares/ST/STM32_USB_Device_Library/Core/Src/usbd_core.o
                0x0000000008009d20                USBD_LL_DataOutStage
 .text.USBD_LL_DataInStage
                0x0000000008009e86      0x164 ./Middlewares/ST/STM32_USB_Device_Library/Core/Src/usbd_core.o
                0x0000000008009e86                USBD_LL_DataInStage
 .text.USBD_LL_Reset
                0x0000000008009fea       0xa4 ./Middlewares/ST/STM32_USB_Device_Library/Core/Src/usbd_core.o
                0x0000000008009fea                USBD_LL_Reset
 .text.USBD_LL_SetSpeed
                0x000000000800a08e       0x20 ./Middlewares/ST/STM32_USB_Device_Library/Core/Src/usbd_core.o
                0x000000000800a08e                USBD_LL_SetSpeed
 .text.USBD_LL_Suspend
                0x000000000800a0ae       0x38 ./Middlewares/ST/STM32_USB_Device_Library/Core/Src/usbd_core.o
                0x000000000800a0ae                USBD_LL_Suspend
 .text.USBD_LL_Resume
                0x000000000800a0e6       0x30 ./Middlewares/ST/STM32_USB_Device_Library/Core/Src/usbd_core.o
                0x000000000800a0e6                USBD_LL_Resume
 .text.USBD_LL_SOF
                0x000000000800a116       0x40 ./Middlewares/ST/STM32_USB_Device_Library/Core/Src/usbd_core.o
                0x000000000800a116                USBD_LL_SOF
 .text.USBD_LL_IsoINIncomplete
                0x000000000800a156       0x64 ./Middlewares/ST/STM32_USB_Device_Library/Core/Src/usbd_core.o
                0x000000000800a156                USBD_LL_IsoINIncomplete
 .text.USBD_LL_IsoOUTIncomplete
                0x000000000800a1ba       0x64 ./Middlewares/ST/STM32_USB_Device_Library/Core/Src/usbd_core.o
                0x000000000800a1ba                USBD_LL_IsoOUTIncomplete
 .text.USBD_LL_DevConnected
                0x000000000800a21e       0x16 ./Middlewares/ST/STM32_USB_Device_Library/Core/Src/usbd_core.o
                0x000000000800a21e                USBD_LL_DevConnected
 .text.USBD_LL_DevDisconnected
                0x000000000800a234       0x46 ./Middlewares/ST/STM32_USB_Device_Library/Core/Src/usbd_core.o
                0x000000000800a234                USBD_LL_DevDisconnected
 .text.USBD_CoreFindIF
                0x000000000800a27a       0x1a ./Middlewares/ST/STM32_USB_Device_Library/Core/Src/usbd_core.o
                0x000000000800a27a                USBD_CoreFindIF
 .text.USBD_CoreFindEP
                0x000000000800a294       0x1a ./Middlewares/ST/STM32_USB_Device_Library/Core/Src/usbd_core.o
                0x000000000800a294                USBD_CoreFindEP
 .text.USBD_GetEpDesc
                0x000000000800a2ae       0x74 ./Middlewares/ST/STM32_USB_Device_Library/Core/Src/usbd_core.o
                0x000000000800a2ae                USBD_GetEpDesc
 .text.USBD_GetNextDesc
                0x000000000800a322       0x3a ./Middlewares/ST/STM32_USB_Device_Library/Core/Src/usbd_core.o
                0x000000000800a322                USBD_GetNextDesc
 .text.SWAPBYTE
                0x000000000800a35c       0x3c ./Middlewares/ST/STM32_USB_Device_Library/Core/Src/usbd_ctlreq.o
 .text.USBD_StdDevReq
                0x000000000800a398       0xe4 ./Middlewares/ST/STM32_USB_Device_Library/Core/Src/usbd_ctlreq.o
                0x000000000800a398                USBD_StdDevReq
 .text.USBD_StdItfReq
                0x000000000800a47c       0xd8 ./Middlewares/ST/STM32_USB_Device_Library/Core/Src/usbd_ctlreq.o
                0x000000000800a47c                USBD_StdItfReq
 .text.USBD_StdEPReq
                0x000000000800a554      0x33a ./Middlewares/ST/STM32_USB_Device_Library/Core/Src/usbd_ctlreq.o
                0x000000000800a554                USBD_StdEPReq
 *fill*         0x000000000800a88e        0x2 
 .text.USBD_GetDescriptor
                0x000000000800a890      0x328 ./Middlewares/ST/STM32_USB_Device_Library/Core/Src/usbd_ctlreq.o
 .text.USBD_SetAddress
                0x000000000800abb8       0x88 ./Middlewares/ST/STM32_USB_Device_Library/Core/Src/usbd_ctlreq.o
 .text.USBD_SetConfig
                0x000000000800ac40      0x154 ./Middlewares/ST/STM32_USB_Device_Library/Core/Src/usbd_ctlreq.o
 .text.USBD_GetConfig
                0x000000000800ad94       0x6c ./Middlewares/ST/STM32_USB_Device_Library/Core/Src/usbd_ctlreq.o
 .text.USBD_GetStatus
                0x000000000800ae00       0x68 ./Middlewares/ST/STM32_USB_Device_Library/Core/Src/usbd_ctlreq.o
 .text.USBD_SetFeature
                0x000000000800ae68       0x52 ./Middlewares/ST/STM32_USB_Device_Library/Core/Src/usbd_ctlreq.o
 .text.USBD_ClrFeature
                0x000000000800aeba       0x44 ./Middlewares/ST/STM32_USB_Device_Library/Core/Src/usbd_ctlreq.o
 .text.USBD_ParseSetupRequest
                0x000000000800aefe       0x74 ./Middlewares/ST/STM32_USB_Device_Library/Core/Src/usbd_ctlreq.o
                0x000000000800aefe                USBD_ParseSetupRequest
 .text.USBD_CtlError
                0x000000000800af72       0x22 ./Middlewares/ST/STM32_USB_Device_Library/Core/Src/usbd_ctlreq.o
                0x000000000800af72                USBD_CtlError
 .text.USBD_GetString
                0x000000000800af94       0x8c ./Middlewares/ST/STM32_USB_Device_Library/Core/Src/usbd_ctlreq.o
                0x000000000800af94                USBD_GetString
 .text.USBD_GetLen
                0x000000000800b020       0x34 ./Middlewares/ST/STM32_USB_Device_Library/Core/Src/usbd_ctlreq.o
 .text.USBD_CtlSendData
                0x000000000800b054       0x36 ./Middlewares/ST/STM32_USB_Device_Library/Core/Src/usbd_ioreq.o
                0x000000000800b054                USBD_CtlSendData
 .text.USBD_CtlContinueSendData
                0x000000000800b08a       0x22 ./Middlewares/ST/STM32_USB_Device_Library/Core/Src/usbd_ioreq.o
                0x000000000800b08a                USBD_CtlContinueSendData
 .text.USBD_CtlPrepareRx
                0x000000000800b0ac       0x3a ./Middlewares/ST/STM32_USB_Device_Library/Core/Src/usbd_ioreq.o
                0x000000000800b0ac                USBD_CtlPrepareRx
 .text.USBD_CtlContinueRx
                0x000000000800b0e6       0x22 ./Middlewares/ST/STM32_USB_Device_Library/Core/Src/usbd_ioreq.o
                0x000000000800b0e6                USBD_CtlContinueRx
 .text.USBD_CtlSendStatus
                0x000000000800b108       0x26 ./Middlewares/ST/STM32_USB_Device_Library/Core/Src/usbd_ioreq.o
                0x000000000800b108                USBD_CtlSendStatus
 .text.USBD_CtlReceiveStatus
                0x000000000800b12e       0x26 ./Middlewares/ST/STM32_USB_Device_Library/Core/Src/usbd_ioreq.o
                0x000000000800b12e                USBD_CtlReceiveStatus
 .text.MX_USB_DEVICE_Init
                0x000000000800b154       0x64 ./USB_DEVICE/App/usb_device.o
                0x000000000800b154                MX_USB_DEVICE_Init
 .text.CDC_Init_FS
                0x000000000800b1b8       0x28 ./USB_DEVICE/App/usbd_cdc_if.o
 .text.CDC_DeInit_FS
                0x000000000800b1e0       0x10 ./USB_DEVICE/App/usbd_cdc_if.o
 .text.CDC_Control_FS
                0x000000000800b1f0       0xbc ./USB_DEVICE/App/usbd_cdc_if.o
 .text.CDC_Receive_FS
                0x000000000800b2ac       0x28 ./USB_DEVICE/App/usbd_cdc_if.o
 .text.CDC_Transmit_FS
                0x000000000800b2d4       0x4c ./USB_DEVICE/App/usbd_cdc_if.o
                0x000000000800b2d4                CDC_Transmit_FS
 .text.CDC_TransmitCplt_FS
                0x000000000800b320       0x22 ./USB_DEVICE/App/usbd_cdc_if.o
 *fill*         0x000000000800b342        0x2 
 .text.USBD_FS_DeviceDescriptor
                0x000000000800b344       0x24 ./USB_DEVICE/App/usbd_desc.o
                0x000000000800b344                USBD_FS_DeviceDescriptor
 .text.USBD_FS_LangIDStrDescriptor
                0x000000000800b368       0x24 ./USB_DEVICE/App/usbd_desc.o
                0x000000000800b368                USBD_FS_LangIDStrDescriptor
 .text.USBD_FS_ProductStrDescriptor
                0x000000000800b38c       0x3c ./USB_DEVICE/App/usbd_desc.o
                0x000000000800b38c                USBD_FS_ProductStrDescriptor
 .text.USBD_FS_ManufacturerStrDescriptor
                0x000000000800b3c8       0x28 ./USB_DEVICE/App/usbd_desc.o
                0x000000000800b3c8                USBD_FS_ManufacturerStrDescriptor
 .text.USBD_FS_SerialStrDescriptor
                0x000000000800b3f0       0x24 ./USB_DEVICE/App/usbd_desc.o
                0x000000000800b3f0                USBD_FS_SerialStrDescriptor
 .text.USBD_FS_ConfigStrDescriptor
                0x000000000800b414       0x3c ./USB_DEVICE/App/usbd_desc.o
                0x000000000800b414                USBD_FS_ConfigStrDescriptor
 .text.USBD_FS_InterfaceStrDescriptor
                0x000000000800b450       0x3c ./USB_DEVICE/App/usbd_desc.o
                0x000000000800b450                USBD_FS_InterfaceStrDescriptor
 .text.Get_SerialNum
                0x000000000800b48c       0x58 ./USB_DEVICE/App/usbd_desc.o
 .text.IntToUnicode
                0x000000000800b4e4       0x7e ./USB_DEVICE/App/usbd_desc.o
 *fill*         0x000000000800b562        0x2 
 .text.HAL_PCD_MspInit
                0x000000000800b564       0xe8 ./USB_DEVICE/Target/usbd_conf.o
                0x000000000800b564                HAL_PCD_MspInit
 .text.HAL_PCD_SetupStageCallback
                0x000000000800b64c       0x24 ./USB_DEVICE/Target/usbd_conf.o
                0x000000000800b64c                HAL_PCD_SetupStageCallback
 .text.HAL_PCD_DataOutStageCallback
                0x000000000800b670       0x36 ./USB_DEVICE/Target/usbd_conf.o
                0x000000000800b670                HAL_PCD_DataOutStageCallback
 .text.HAL_PCD_DataInStageCallback
                0x000000000800b6a6       0x34 ./USB_DEVICE/Target/usbd_conf.o
                0x000000000800b6a6                HAL_PCD_DataInStageCallback
 .text.HAL_PCD_SOFCallback
                0x000000000800b6da       0x1c ./USB_DEVICE/Target/usbd_conf.o
                0x000000000800b6da                HAL_PCD_SOFCallback
 .text.HAL_PCD_ResetCallback
                0x000000000800b6f6       0x50 ./USB_DEVICE/Target/usbd_conf.o
                0x000000000800b6f6                HAL_PCD_ResetCallback
 *fill*         0x000000000800b746        0x2 
 .text.HAL_PCD_SuspendCallback
                0x000000000800b748       0x4c ./USB_DEVICE/Target/usbd_conf.o
                0x000000000800b748                HAL_PCD_SuspendCallback
 .text.HAL_PCD_ResumeCallback
                0x000000000800b794       0x1c ./USB_DEVICE/Target/usbd_conf.o
                0x000000000800b794                HAL_PCD_ResumeCallback
 .text.HAL_PCD_ISOOUTIncompleteCallback
                0x000000000800b7b0       0x24 ./USB_DEVICE/Target/usbd_conf.o
                0x000000000800b7b0                HAL_PCD_ISOOUTIncompleteCallback
 .text.HAL_PCD_ISOINIncompleteCallback
                0x000000000800b7d4       0x24 ./USB_DEVICE/Target/usbd_conf.o
                0x000000000800b7d4                HAL_PCD_ISOINIncompleteCallback
 .text.HAL_PCD_ConnectCallback
                0x000000000800b7f8       0x1c ./USB_DEVICE/Target/usbd_conf.o
                0x000000000800b7f8                HAL_PCD_ConnectCallback
 .text.HAL_PCD_DisconnectCallback
                0x000000000800b814       0x1c ./USB_DEVICE/Target/usbd_conf.o
                0x000000000800b814                HAL_PCD_DisconnectCallback
 .text.USBD_LL_Init
                0x000000000800b830       0xa0 ./USB_DEVICE/Target/usbd_conf.o
                0x000000000800b830                USBD_LL_Init
 .text.USBD_LL_Start
                0x000000000800b8d0       0x36 ./USB_DEVICE/Target/usbd_conf.o
                0x000000000800b8d0                USBD_LL_Start
 .text.USBD_LL_OpenEP
                0x000000000800b906       0x4c ./USB_DEVICE/Target/usbd_conf.o
                0x000000000800b906                USBD_LL_OpenEP
 .text.USBD_LL_CloseEP
                0x000000000800b952       0x3e ./USB_DEVICE/Target/usbd_conf.o
                0x000000000800b952                USBD_LL_CloseEP
 .text.USBD_LL_StallEP
                0x000000000800b990       0x3e ./USB_DEVICE/Target/usbd_conf.o
                0x000000000800b990                USBD_LL_StallEP
 .text.USBD_LL_ClearStallEP
                0x000000000800b9ce       0x3e ./USB_DEVICE/Target/usbd_conf.o
                0x000000000800b9ce                USBD_LL_ClearStallEP
 .text.USBD_LL_IsStallEP
                0x000000000800ba0c       0x58 ./USB_DEVICE/Target/usbd_conf.o
                0x000000000800ba0c                USBD_LL_IsStallEP
 .text.USBD_LL_SetUSBAddress
                0x000000000800ba64       0x3e ./USB_DEVICE/Target/usbd_conf.o
                0x000000000800ba64                USBD_LL_SetUSBAddress
 .text.USBD_LL_Transmit
                0x000000000800baa2       0x42 ./USB_DEVICE/Target/usbd_conf.o
                0x000000000800baa2                USBD_LL_Transmit
 .text.USBD_LL_PrepareReceive
                0x000000000800bae4       0x42 ./USB_DEVICE/Target/usbd_conf.o
                0x000000000800bae4                USBD_LL_PrepareReceive
 .text.USBD_LL_GetRxDataSize
                0x000000000800bb26       0x26 ./USB_DEVICE/Target/usbd_conf.o
                0x000000000800bb26                USBD_LL_GetRxDataSize
 .text.USBD_static_malloc
                0x000000000800bb4c       0x1c ./USB_DEVICE/Target/usbd_conf.o
                0x000000000800bb4c                USBD_static_malloc
 .text.USBD_static_free
                0x000000000800bb68       0x14 ./USB_DEVICE/Target/usbd_conf.o
                0x000000000800bb68                USBD_static_free
 .text.USBD_Get_USB_Status
                0x000000000800bb7c       0x58 ./USB_DEVICE/Target/usbd_conf.o
                0x000000000800bb7c                USBD_Get_USB_Status
 .text.malloc   0x000000000800bbd4       0x10 E:/STM32CubeIDE/STM32CubeIDE/plugins/com.st.stm32cube.ide.mcu.externaltools.gnu-tools-for-stm32.11.3.rel1.win32_1.1.100.202309141235/tools/bin/../lib/gcc/arm-none-eabi/11.3.1/../../../../arm-none-eabi/lib/thumb/v7e-m+dp/hard\libc_nano.a(libc_a-malloc.o)
                0x000000000800bbd4                malloc
 .text.free     0x000000000800bbe4       0x10 E:/STM32CubeIDE/STM32CubeIDE/plugins/com.st.stm32cube.ide.mcu.externaltools.gnu-tools-for-stm32.11.3.rel1.win32_1.1.100.202309141235/tools/bin/../lib/gcc/arm-none-eabi/11.3.1/../../../../arm-none-eabi/lib/thumb/v7e-m+dp/hard\libc_nano.a(libc_a-malloc.o)
                0x000000000800bbe4                free
 .text.sbrk_aligned
                0x000000000800bbf4       0x40 E:/STM32CubeIDE/STM32CubeIDE/plugins/com.st.stm32cube.ide.mcu.externaltools.gnu-tools-for-stm32.11.3.rel1.win32_1.1.100.202309141235/tools/bin/../lib/gcc/arm-none-eabi/11.3.1/../../../../arm-none-eabi/lib/thumb/v7e-m+dp/hard\libc_nano.a(libc_a-mallocr.o)
 .text._malloc_r
                0x000000000800bc34      0x100 E:/STM32CubeIDE/STM32CubeIDE/plugins/com.st.stm32cube.ide.mcu.externaltools.gnu-tools-for-stm32.11.3.rel1.win32_1.1.100.202309141235/tools/bin/../lib/gcc/arm-none-eabi/11.3.1/../../../../arm-none-eabi/lib/thumb/v7e-m+dp/hard\libc_nano.a(libc_a-mallocr.o)
                0x000000000800bc34                _malloc_r
 .text.__malloc_lock
                0x000000000800bd34        0xc E:/STM32CubeIDE/STM32CubeIDE/plugins/com.st.stm32cube.ide.mcu.externaltools.gnu-tools-for-stm32.11.3.rel1.win32_1.1.100.202309141235/tools/bin/../lib/gcc/arm-none-eabi/11.3.1/../../../../arm-none-eabi/lib/thumb/v7e-m+dp/hard\libc_nano.a(libc_a-mlock.o)
                0x000000000800bd34                __malloc_lock
 .text.__malloc_unlock
                0x000000000800bd40        0xc E:/STM32CubeIDE/STM32CubeIDE/plugins/com.st.stm32cube.ide.mcu.externaltools.gnu-tools-for-stm32.11.3.rel1.win32_1.1.100.202309141235/tools/bin/../lib/gcc/arm-none-eabi/11.3.1/../../../../arm-none-eabi/lib/thumb/v7e-m+dp/hard\libc_nano.a(libc_a-mlock.o)
                0x000000000800bd40                __malloc_unlock
 .text.__cvt    0x000000000800bd4c       0xa4 E:/STM32CubeIDE/STM32CubeIDE/plugins/com.st.stm32cube.ide.mcu.externaltools.gnu-tools-for-stm32.11.3.rel1.win32_1.1.100.202309141235/tools/bin/../lib/gcc/arm-none-eabi/11.3.1/../../../../arm-none-eabi/lib/thumb/v7e-m+dp/hard\libc_nano.a(libc_a-nano-vfprintf_float.o)
                0x000000000800bd4c                __cvt
 .text.__exponent
                0x000000000800bdf0       0x7c E:/STM32CubeIDE/STM32CubeIDE/plugins/com.st.stm32cube.ide.mcu.externaltools.gnu-tools-for-stm32.11.3.rel1.win32_1.1.100.202309141235/tools/bin/../lib/gcc/arm-none-eabi/11.3.1/../../../../arm-none-eabi/lib/thumb/v7e-m+dp/hard\libc_nano.a(libc_a-nano-vfprintf_float.o)
                0x000000000800bdf0                __exponent
 *fill*         0x000000000800be6c        0x4 
 .text._printf_float
                0x000000000800be70      0x434 E:/STM32CubeIDE/STM32CubeIDE/plugins/com.st.stm32cube.ide.mcu.externaltools.gnu-tools-for-stm32.11.3.rel1.win32_1.1.100.202309141235/tools/bin/../lib/gcc/arm-none-eabi/11.3.1/../../../../arm-none-eabi/lib/thumb/v7e-m+dp/hard\libc_nano.a(libc_a-nano-vfprintf_float.o)
                0x000000000800be70                _printf_float
 .text._printf_common
                0x000000000800c2a4       0xda E:/STM32CubeIDE/STM32CubeIDE/plugins/com.st.stm32cube.ide.mcu.externaltools.gnu-tools-for-stm32.11.3.rel1.win32_1.1.100.202309141235/tools/bin/../lib/gcc/arm-none-eabi/11.3.1/../../../../arm-none-eabi/lib/thumb/v7e-m+dp/hard\libc_nano.a(libc_a-nano-vfprintf_i.o)
                0x000000000800c2a4                _printf_common
 *fill*         0x000000000800c37e        0x2 
 .text._printf_i
                0x000000000800c380      0x244 E:/STM32CubeIDE/STM32CubeIDE/plugins/com.st.stm32cube.ide.mcu.externaltools.gnu-tools-for-stm32.11.3.rel1.win32_1.1.100.202309141235/tools/bin/../lib/gcc/arm-none-eabi/11.3.1/../../../../arm-none-eabi/lib/thumb/v7e-m+dp/hard\libc_nano.a(libc_a-nano-vfprintf_i.o)
                0x000000000800c380                _printf_i
 .text.std      0x000000000800c5c4       0x6c E:/STM32CubeIDE/STM32CubeIDE/plugins/com.st.stm32cube.ide.mcu.externaltools.gnu-tools-for-stm32.11.3.rel1.win32_1.1.100.202309141235/tools/bin/../lib/gcc/arm-none-eabi/11.3.1/../../../../arm-none-eabi/lib/thumb/v7e-m+dp/hard\libc_nano.a(libc_a-findfp.o)
 .text.stdio_exit_handler
                0x000000000800c630       0x18 E:/STM32CubeIDE/STM32CubeIDE/plugins/com.st.stm32cube.ide.mcu.externaltools.gnu-tools-for-stm32.11.3.rel1.win32_1.1.100.202309141235/tools/bin/../lib/gcc/arm-none-eabi/11.3.1/../../../../arm-none-eabi/lib/thumb/v7e-m+dp/hard\libc_nano.a(libc_a-findfp.o)
 .text.cleanup_stdio
                0x000000000800c648       0x40 E:/STM32CubeIDE/STM32CubeIDE/plugins/com.st.stm32cube.ide.mcu.externaltools.gnu-tools-for-stm32.11.3.rel1.win32_1.1.100.202309141235/tools/bin/../lib/gcc/arm-none-eabi/11.3.1/../../../../arm-none-eabi/lib/thumb/v7e-m+dp/hard\libc_nano.a(libc_a-findfp.o)
 .text.global_stdio_init.part.0
                0x000000000800c688       0x3c E:/STM32CubeIDE/STM32CubeIDE/plugins/com.st.stm32cube.ide.mcu.externaltools.gnu-tools-for-stm32.11.3.rel1.win32_1.1.100.202309141235/tools/bin/../lib/gcc/arm-none-eabi/11.3.1/../../../../arm-none-eabi/lib/thumb/v7e-m+dp/hard\libc_nano.a(libc_a-findfp.o)
 .text.__sfp_lock_acquire
                0x000000000800c6c4        0xc E:/STM32CubeIDE/STM32CubeIDE/plugins/com.st.stm32cube.ide.mcu.externaltools.gnu-tools-for-stm32.11.3.rel1.win32_1.1.100.202309141235/tools/bin/../lib/gcc/arm-none-eabi/11.3.1/../../../../arm-none-eabi/lib/thumb/v7e-m+dp/hard\libc_nano.a(libc_a-findfp.o)
                0x000000000800c6c4                __sfp_lock_acquire
 .text.__sfp_lock_release
                0x000000000800c6d0        0xc E:/STM32CubeIDE/STM32CubeIDE/plugins/com.st.stm32cube.ide.mcu.externaltools.gnu-tools-for-stm32.11.3.rel1.win32_1.1.100.202309141235/tools/bin/../lib/gcc/arm-none-eabi/11.3.1/../../../../arm-none-eabi/lib/thumb/v7e-m+dp/hard\libc_nano.a(libc_a-findfp.o)
                0x000000000800c6d0                __sfp_lock_release
 .text.__sinit  0x000000000800c6dc       0x30 E:/STM32CubeIDE/STM32CubeIDE/plugins/com.st.stm32cube.ide.mcu.externaltools.gnu-tools-for-stm32.11.3.rel1.win32_1.1.100.202309141235/tools/bin/../lib/gcc/arm-none-eabi/11.3.1/../../../../arm-none-eabi/lib/thumb/v7e-m+dp/hard\libc_nano.a(libc_a-findfp.o)
                0x000000000800c6dc                __sinit
 .text._fwalk_sglue
                0x000000000800c70c       0x3c E:/STM32CubeIDE/STM32CubeIDE/plugins/com.st.stm32cube.ide.mcu.externaltools.gnu-tools-for-stm32.11.3.rel1.win32_1.1.100.202309141235/tools/bin/../lib/gcc/arm-none-eabi/11.3.1/../../../../arm-none-eabi/lib/thumb/v7e-m+dp/hard\libc_nano.a(libc_a-fwalk.o)
                0x000000000800c70c                _fwalk_sglue
 .text.sprintf  0x000000000800c748       0x40 E:/STM32CubeIDE/STM32CubeIDE/plugins/com.st.stm32cube.ide.mcu.externaltools.gnu-tools-for-stm32.11.3.rel1.win32_1.1.100.202309141235/tools/bin/../lib/gcc/arm-none-eabi/11.3.1/../../../../arm-none-eabi/lib/thumb/v7e-m+dp/hard\libc_nano.a(libc_a-sprintf.o)
                0x000000000800c748                siprintf
                0x000000000800c748                sprintf
 .text.__sread  0x000000000800c788       0x22 E:/STM32CubeIDE/STM32CubeIDE/plugins/com.st.stm32cube.ide.mcu.externaltools.gnu-tools-for-stm32.11.3.rel1.win32_1.1.100.202309141235/tools/bin/../lib/gcc/arm-none-eabi/11.3.1/../../../../arm-none-eabi/lib/thumb/v7e-m+dp/hard\libc_nano.a(libc_a-stdio.o)
                0x000000000800c788                __sread
 .text.__swrite
                0x000000000800c7aa       0x38 E:/STM32CubeIDE/STM32CubeIDE/plugins/com.st.stm32cube.ide.mcu.externaltools.gnu-tools-for-stm32.11.3.rel1.win32_1.1.100.202309141235/tools/bin/../lib/gcc/arm-none-eabi/11.3.1/../../../../arm-none-eabi/lib/thumb/v7e-m+dp/hard\libc_nano.a(libc_a-stdio.o)
                0x000000000800c7aa                __swrite
 .text.__sseek  0x000000000800c7e2       0x24 E:/STM32CubeIDE/STM32CubeIDE/plugins/com.st.stm32cube.ide.mcu.externaltools.gnu-tools-for-stm32.11.3.rel1.win32_1.1.100.202309141235/tools/bin/../lib/gcc/arm-none-eabi/11.3.1/../../../../arm-none-eabi/lib/thumb/v7e-m+dp/hard\libc_nano.a(libc_a-stdio.o)
                0x000000000800c7e2                __sseek
 .text.__sclose
                0x000000000800c806        0x8 E:/STM32CubeIDE/STM32CubeIDE/plugins/com.st.stm32cube.ide.mcu.externaltools.gnu-tools-for-stm32.11.3.rel1.win32_1.1.100.202309141235/tools/bin/../lib/gcc/arm-none-eabi/11.3.1/../../../../arm-none-eabi/lib/thumb/v7e-m+dp/hard\libc_nano.a(libc_a-stdio.o)
                0x000000000800c806                __sclose
 .text.memset   0x000000000800c80e       0x10 E:/STM32CubeIDE/STM32CubeIDE/plugins/com.st.stm32cube.ide.mcu.externaltools.gnu-tools-for-stm32.11.3.rel1.win32_1.1.100.202309141235/tools/bin/../lib/gcc/arm-none-eabi/11.3.1/../../../../arm-none-eabi/lib/thumb/v7e-m+dp/hard\libc_nano.a(libc_a-memset.o)
                0x000000000800c80e                memset
 *fill*         0x000000000800c81e        0x2 
 .text._localeconv_r
                0x000000000800c820        0x8 E:/STM32CubeIDE/STM32CubeIDE/plugins/com.st.stm32cube.ide.mcu.externaltools.gnu-tools-for-stm32.11.3.rel1.win32_1.1.100.202309141235/tools/bin/../lib/gcc/arm-none-eabi/11.3.1/../../../../arm-none-eabi/lib/thumb/v7e-m+dp/hard\libc_nano.a(libc_a-localeconv.o)
                0x000000000800c820                _localeconv_r
 .text._close_r
                0x000000000800c828       0x20 E:/STM32CubeIDE/STM32CubeIDE/plugins/com.st.stm32cube.ide.mcu.externaltools.gnu-tools-for-stm32.11.3.rel1.win32_1.1.100.202309141235/tools/bin/../lib/gcc/arm-none-eabi/11.3.1/../../../../arm-none-eabi/lib/thumb/v7e-m+dp/hard\libc_nano.a(libc_a-closer.o)
                0x000000000800c828                _close_r
 .text._lseek_r
                0x000000000800c848       0x24 E:/STM32CubeIDE/STM32CubeIDE/plugins/com.st.stm32cube.ide.mcu.externaltools.gnu-tools-for-stm32.11.3.rel1.win32_1.1.100.202309141235/tools/bin/../lib/gcc/arm-none-eabi/11.3.1/../../../../arm-none-eabi/lib/thumb/v7e-m+dp/hard\libc_nano.a(libc_a-lseekr.o)
                0x000000000800c848                _lseek_r
 .text._read_r  0x000000000800c86c       0x24 E:/STM32CubeIDE/STM32CubeIDE/plugins/com.st.stm32cube.ide.mcu.externaltools.gnu-tools-for-stm32.11.3.rel1.win32_1.1.100.202309141235/tools/bin/../lib/gcc/arm-none-eabi/11.3.1/../../../../arm-none-eabi/lib/thumb/v7e-m+dp/hard\libc_nano.a(libc_a-readr.o)
                0x000000000800c86c                _read_r
 .text._sbrk_r  0x000000000800c890       0x20 E:/STM32CubeIDE/STM32CubeIDE/plugins/com.st.stm32cube.ide.mcu.externaltools.gnu-tools-for-stm32.11.3.rel1.win32_1.1.100.202309141235/tools/bin/../lib/gcc/arm-none-eabi/11.3.1/../../../../arm-none-eabi/lib/thumb/v7e-m+dp/hard\libc_nano.a(libc_a-sbrkr.o)
                0x000000000800c890                _sbrk_r
 .text._write_r
                0x000000000800c8b0       0x24 E:/STM32CubeIDE/STM32CubeIDE/plugins/com.st.stm32cube.ide.mcu.externaltools.gnu-tools-for-stm32.11.3.rel1.win32_1.1.100.202309141235/tools/bin/../lib/gcc/arm-none-eabi/11.3.1/../../../../arm-none-eabi/lib/thumb/v7e-m+dp/hard\libc_nano.a(libc_a-writer.o)
                0x000000000800c8b0                _write_r
 .text.__errno  0x000000000800c8d4        0xc E:/STM32CubeIDE/STM32CubeIDE/plugins/com.st.stm32cube.ide.mcu.externaltools.gnu-tools-for-stm32.11.3.rel1.win32_1.1.100.202309141235/tools/bin/../lib/gcc/arm-none-eabi/11.3.1/../../../../arm-none-eabi/lib/thumb/v7e-m+dp/hard\libc_nano.a(libc_a-errno.o)
                0x000000000800c8d4                __errno
 .text.__libc_init_array
                0x000000000800c8e0       0x48 E:/STM32CubeIDE/STM32CubeIDE/plugins/com.st.stm32cube.ide.mcu.externaltools.gnu-tools-for-stm32.11.3.rel1.win32_1.1.100.202309141235/tools/bin/../lib/gcc/arm-none-eabi/11.3.1/../../../../arm-none-eabi/lib/thumb/v7e-m+dp/hard\libc_nano.a(libc_a-init.o)
                0x000000000800c8e0                __libc_init_array
 .text.__retarget_lock_init_recursive
                0x000000000800c928        0x2 E:/STM32CubeIDE/STM32CubeIDE/plugins/com.st.stm32cube.ide.mcu.externaltools.gnu-tools-for-stm32.11.3.rel1.win32_1.1.100.202309141235/tools/bin/../lib/gcc/arm-none-eabi/11.3.1/../../../../arm-none-eabi/lib/thumb/v7e-m+dp/hard\libc_nano.a(libc_a-lock.o)
                0x000000000800c928                __retarget_lock_init_recursive
 .text.__retarget_lock_acquire_recursive
                0x000000000800c92a        0x2 E:/STM32CubeIDE/STM32CubeIDE/plugins/com.st.stm32cube.ide.mcu.externaltools.gnu-tools-for-stm32.11.3.rel1.win32_1.1.100.202309141235/tools/bin/../lib/gcc/arm-none-eabi/11.3.1/../../../../arm-none-eabi/lib/thumb/v7e-m+dp/hard\libc_nano.a(libc_a-lock.o)
                0x000000000800c92a                __retarget_lock_acquire_recursive
 .text.__retarget_lock_release_recursive
                0x000000000800c92c        0x2 E:/STM32CubeIDE/STM32CubeIDE/plugins/com.st.stm32cube.ide.mcu.externaltools.gnu-tools-for-stm32.11.3.rel1.win32_1.1.100.202309141235/tools/bin/../lib/gcc/arm-none-eabi/11.3.1/../../../../arm-none-eabi/lib/thumb/v7e-m+dp/hard\libc_nano.a(libc_a-lock.o)
                0x000000000800c92c                __retarget_lock_release_recursive
 .text.strcpy   0x000000000800c92e       0x10 E:/STM32CubeIDE/STM32CubeIDE/plugins/com.st.stm32cube.ide.mcu.externaltools.gnu-tools-for-stm32.11.3.rel1.win32_1.1.100.202309141235/tools/bin/../lib/gcc/arm-none-eabi/11.3.1/../../../../arm-none-eabi/lib/thumb/v7e-m+dp/hard\libc_nano.a(libc_a-strcpy.o)
                0x000000000800c92e                strcpy
 .text.quorem   0x000000000800c93e      0x110 E:/STM32CubeIDE/STM32CubeIDE/plugins/com.st.stm32cube.ide.mcu.externaltools.gnu-tools-for-stm32.11.3.rel1.win32_1.1.100.202309141235/tools/bin/../lib/gcc/arm-none-eabi/11.3.1/../../../../arm-none-eabi/lib/thumb/v7e-m+dp/hard\libc_nano.a(libc_a-dtoa.o)
 *fill*         0x000000000800ca4e        0x2 
 .text._dtoa_r  0x000000000800ca50      0xad8 E:/STM32CubeIDE/STM32CubeIDE/plugins/com.st.stm32cube.ide.mcu.externaltools.gnu-tools-for-stm32.11.3.rel1.win32_1.1.100.202309141235/tools/bin/../lib/gcc/arm-none-eabi/11.3.1/../../../../arm-none-eabi/lib/thumb/v7e-m+dp/hard\libc_nano.a(libc_a-dtoa.o)
                0x000000000800ca50                _dtoa_r
 .text._free_r  0x000000000800d528       0x98 E:/STM32CubeIDE/STM32CubeIDE/plugins/com.st.stm32cube.ide.mcu.externaltools.gnu-tools-for-stm32.11.3.rel1.win32_1.1.100.202309141235/tools/bin/../lib/gcc/arm-none-eabi/11.3.1/../../../../arm-none-eabi/lib/thumb/v7e-m+dp/hard\libc_nano.a(libc_a-freer.o)
                0x000000000800d528                _free_r
 .text._Balloc  0x000000000800d5c0       0x80 E:/STM32CubeIDE/STM32CubeIDE/plugins/com.st.stm32cube.ide.mcu.externaltools.gnu-tools-for-stm32.11.3.rel1.win32_1.1.100.202309141235/tools/bin/../lib/gcc/arm-none-eabi/11.3.1/../../../../arm-none-eabi/lib/thumb/v7e-m+dp/hard\libc_nano.a(libc_a-mprec.o)
                0x000000000800d5c0                _Balloc
 .text._Bfree   0x000000000800d640       0x44 E:/STM32CubeIDE/STM32CubeIDE/plugins/com.st.stm32cube.ide.mcu.externaltools.gnu-tools-for-stm32.11.3.rel1.win32_1.1.100.202309141235/tools/bin/../lib/gcc/arm-none-eabi/11.3.1/../../../../arm-none-eabi/lib/thumb/v7e-m+dp/hard\libc_nano.a(libc_a-mprec.o)
                0x000000000800d640                _Bfree
 .text.__multadd
                0x000000000800d684       0x8c E:/STM32CubeIDE/STM32CubeIDE/plugins/com.st.stm32cube.ide.mcu.externaltools.gnu-tools-for-stm32.11.3.rel1.win32_1.1.100.202309141235/tools/bin/../lib/gcc/arm-none-eabi/11.3.1/../../../../arm-none-eabi/lib/thumb/v7e-m+dp/hard\libc_nano.a(libc_a-mprec.o)
                0x000000000800d684                __multadd
 .text.__hi0bits
                0x000000000800d710       0x40 E:/STM32CubeIDE/STM32CubeIDE/plugins/com.st.stm32cube.ide.mcu.externaltools.gnu-tools-for-stm32.11.3.rel1.win32_1.1.100.202309141235/tools/bin/../lib/gcc/arm-none-eabi/11.3.1/../../../../arm-none-eabi/lib/thumb/v7e-m+dp/hard\libc_nano.a(libc_a-mprec.o)
                0x000000000800d710                __hi0bits
 .text.__lo0bits
                0x000000000800d750       0x5a E:/STM32CubeIDE/STM32CubeIDE/plugins/com.st.stm32cube.ide.mcu.externaltools.gnu-tools-for-stm32.11.3.rel1.win32_1.1.100.202309141235/tools/bin/../lib/gcc/arm-none-eabi/11.3.1/../../../../arm-none-eabi/lib/thumb/v7e-m+dp/hard\libc_nano.a(libc_a-mprec.o)
                0x000000000800d750                __lo0bits
 *fill*         0x000000000800d7aa        0x2 
 .text.__i2b    0x000000000800d7ac       0x2c E:/STM32CubeIDE/STM32CubeIDE/plugins/com.st.stm32cube.ide.mcu.externaltools.gnu-tools-for-stm32.11.3.rel1.win32_1.1.100.202309141235/tools/bin/../lib/gcc/arm-none-eabi/11.3.1/../../../../arm-none-eabi/lib/thumb/v7e-m+dp/hard\libc_nano.a(libc_a-mprec.o)
                0x000000000800d7ac                __i2b
 .text.__multiply
                0x000000000800d7d8      0x154 E:/STM32CubeIDE/STM32CubeIDE/plugins/com.st.stm32cube.ide.mcu.externaltools.gnu-tools-for-stm32.11.3.rel1.win32_1.1.100.202309141235/tools/bin/../lib/gcc/arm-none-eabi/11.3.1/../../../../arm-none-eabi/lib/thumb/v7e-m+dp/hard\libc_nano.a(libc_a-mprec.o)
                0x000000000800d7d8                __multiply
 .text.__pow5mult
                0x000000000800d92c       0xb4 E:/STM32CubeIDE/STM32CubeIDE/plugins/com.st.stm32cube.ide.mcu.externaltools.gnu-tools-for-stm32.11.3.rel1.win32_1.1.100.202309141235/tools/bin/../lib/gcc/arm-none-eabi/11.3.1/../../../../arm-none-eabi/lib/thumb/v7e-m+dp/hard\libc_nano.a(libc_a-mprec.o)
                0x000000000800d92c                __pow5mult
 .text.__lshift
                0x000000000800d9e0       0xd8 E:/STM32CubeIDE/STM32CubeIDE/plugins/com.st.stm32cube.ide.mcu.externaltools.gnu-tools-for-stm32.11.3.rel1.win32_1.1.100.202309141235/tools/bin/../lib/gcc/arm-none-eabi/11.3.1/../../../../arm-none-eabi/lib/thumb/v7e-m+dp/hard\libc_nano.a(libc_a-mprec.o)
                0x000000000800d9e0                __lshift
 .text.__mcmp   0x000000000800dab8       0x38 E:/STM32CubeIDE/STM32CubeIDE/plugins/com.st.stm32cube.ide.mcu.externaltools.gnu-tools-for-stm32.11.3.rel1.win32_1.1.100.202309141235/tools/bin/../lib/gcc/arm-none-eabi/11.3.1/../../../../arm-none-eabi/lib/thumb/v7e-m+dp/hard\libc_nano.a(libc_a-mprec.o)
                0x000000000800dab8                __mcmp
 .text.__mdiff  0x000000000800daf0      0x114 E:/STM32CubeIDE/STM32CubeIDE/plugins/com.st.stm32cube.ide.mcu.externaltools.gnu-tools-for-stm32.11.3.rel1.win32_1.1.100.202309141235/tools/bin/../lib/gcc/arm-none-eabi/11.3.1/../../../../arm-none-eabi/lib/thumb/v7e-m+dp/hard\libc_nano.a(libc_a-mprec.o)
                0x000000000800daf0                __mdiff
 .text.__d2b    0x000000000800dc04       0xb4 E:/STM32CubeIDE/STM32CubeIDE/plugins/com.st.stm32cube.ide.mcu.externaltools.gnu-tools-for-stm32.11.3.rel1.win32_1.1.100.202309141235/tools/bin/../lib/gcc/arm-none-eabi/11.3.1/../../../../arm-none-eabi/lib/thumb/v7e-m+dp/hard\libc_nano.a(libc_a-mprec.o)
                0x000000000800dc04                __d2b
 .text.__ssputs_r
                0x000000000800dcb8       0xb4 E:/STM32CubeIDE/STM32CubeIDE/plugins/com.st.stm32cube.ide.mcu.externaltools.gnu-tools-for-stm32.11.3.rel1.win32_1.1.100.202309141235/tools/bin/../lib/gcc/arm-none-eabi/11.3.1/../../../../arm-none-eabi/lib/thumb/v7e-m+dp/hard\libc_nano.a(libc_a-nano-svfprintf.o)
                0x000000000800dcb8                __ssputs_r
 .text._svfprintf_r
                0x000000000800dd6c      0x1fc E:/STM32CubeIDE/STM32CubeIDE/plugins/com.st.stm32cube.ide.mcu.externaltools.gnu-tools-for-stm32.11.3.rel1.win32_1.1.100.202309141235/tools/bin/../lib/gcc/arm-none-eabi/11.3.1/../../../../arm-none-eabi/lib/thumb/v7e-m+dp/hard\libc_nano.a(libc_a-nano-svfprintf.o)
                0x000000000800dd6c                _svfiprintf_r
                0x000000000800dd6c                _svfprintf_r
 .text.__sflush_r
                0x000000000800df68      0x10c E:/STM32CubeIDE/STM32CubeIDE/plugins/com.st.stm32cube.ide.mcu.externaltools.gnu-tools-for-stm32.11.3.rel1.win32_1.1.100.202309141235/tools/bin/../lib/gcc/arm-none-eabi/11.3.1/../../../../arm-none-eabi/lib/thumb/v7e-m+dp/hard\libc_nano.a(libc_a-fflush.o)
                0x000000000800df68                __sflush_r
 .text._fflush_r
                0x000000000800e074       0x50 E:/STM32CubeIDE/STM32CubeIDE/plugins/com.st.stm32cube.ide.mcu.externaltools.gnu-tools-for-stm32.11.3.rel1.win32_1.1.100.202309141235/tools/bin/../lib/gcc/arm-none-eabi/11.3.1/../../../../arm-none-eabi/lib/thumb/v7e-m+dp/hard\libc_nano.a(libc_a-fflush.o)
                0x000000000800e074                _fflush_r
 .text.memmove  0x000000000800e0c4       0x34 E:/STM32CubeIDE/STM32CubeIDE/plugins/com.st.stm32cube.ide.mcu.externaltools.gnu-tools-for-stm32.11.3.rel1.win32_1.1.100.202309141235/tools/bin/../lib/gcc/arm-none-eabi/11.3.1/../../../../arm-none-eabi/lib/thumb/v7e-m+dp/hard\libc_nano.a(libc_a-memmove.o)
                0x000000000800e0c4                memmove
 .text.memcpy   0x000000000800e0f8       0x1c E:/STM32CubeIDE/STM32CubeIDE/plugins/com.st.stm32cube.ide.mcu.externaltools.gnu-tools-for-stm32.11.3.rel1.win32_1.1.100.202309141235/tools/bin/../lib/gcc/arm-none-eabi/11.3.1/../../../../arm-none-eabi/lib/thumb/v7e-m+dp/hard\libc_nano.a(libc_a-memcpy-stub.o)
                0x000000000800e0f8                memcpy
 .text.__assert_func
                0x000000000800e114       0x3c E:/STM32CubeIDE/STM32CubeIDE/plugins/com.st.stm32cube.ide.mcu.externaltools.gnu-tools-for-stm32.11.3.rel1.win32_1.1.100.202309141235/tools/bin/../lib/gcc/arm-none-eabi/11.3.1/../../../../arm-none-eabi/lib/thumb/v7e-m+dp/hard\libc_nano.a(libc_a-assert.o)
                0x000000000800e114                __assert_func
 .text._calloc_r
                0x000000000800e150       0x2c E:/STM32CubeIDE/STM32CubeIDE/plugins/com.st.stm32cube.ide.mcu.externaltools.gnu-tools-for-stm32.11.3.rel1.win32_1.1.100.202309141235/tools/bin/../lib/gcc/arm-none-eabi/11.3.1/../../../../arm-none-eabi/lib/thumb/v7e-m+dp/hard\libc_nano.a(libc_a-callocr.o)
                0x000000000800e150                _calloc_r
 .text.__ascii_mbtowc
                0x000000000800e17c       0x24 E:/STM32CubeIDE/STM32CubeIDE/plugins/com.st.stm32cube.ide.mcu.externaltools.gnu-tools-for-stm32.11.3.rel1.win32_1.1.100.202309141235/tools/bin/../lib/gcc/arm-none-eabi/11.3.1/../../../../arm-none-eabi/lib/thumb/v7e-m+dp/hard\libc_nano.a(libc_a-mbtowc_r.o)
                0x000000000800e17c                __ascii_mbtowc
 .text._realloc_r
                0x000000000800e1a0       0x5e E:/STM32CubeIDE/STM32CubeIDE/plugins/com.st.stm32cube.ide.mcu.externaltools.gnu-tools-for-stm32.11.3.rel1.win32_1.1.100.202309141235/tools/bin/../lib/gcc/arm-none-eabi/11.3.1/../../../../arm-none-eabi/lib/thumb/v7e-m+dp/hard\libc_nano.a(libc_a-reallocr.o)
                0x000000000800e1a0                _realloc_r
 .text.__ascii_wctomb
                0x000000000800e1fe       0x1a E:/STM32CubeIDE/STM32CubeIDE/plugins/com.st.stm32cube.ide.mcu.externaltools.gnu-tools-for-stm32.11.3.rel1.win32_1.1.100.202309141235/tools/bin/../lib/gcc/arm-none-eabi/11.3.1/../../../../arm-none-eabi/lib/thumb/v7e-m+dp/hard\libc_nano.a(libc_a-wctomb_r.o)
                0x000000000800e1fe                __ascii_wctomb
 .text.fprintf  0x000000000800e218       0x24 E:/STM32CubeIDE/STM32CubeIDE/plugins/com.st.stm32cube.ide.mcu.externaltools.gnu-tools-for-stm32.11.3.rel1.win32_1.1.100.202309141235/tools/bin/../lib/gcc/arm-none-eabi/11.3.1/../../../../arm-none-eabi/lib/thumb/v7e-m+dp/hard\libc_nano.a(libc_a-fprintf.o)
                0x000000000800e218                fiprintf
                0x000000000800e218                fprintf
 .text.abort    0x000000000800e23c        0xe E:/STM32CubeIDE/STM32CubeIDE/plugins/com.st.stm32cube.ide.mcu.externaltools.gnu-tools-for-stm32.11.3.rel1.win32_1.1.100.202309141235/tools/bin/../lib/gcc/arm-none-eabi/11.3.1/../../../../arm-none-eabi/lib/thumb/v7e-m+dp/hard\libc_nano.a(libc_a-abort.o)
                0x000000000800e23c                abort
 .text._malloc_usable_size_r
                0x000000000800e24a       0x10 E:/STM32CubeIDE/STM32CubeIDE/plugins/com.st.stm32cube.ide.mcu.externaltools.gnu-tools-for-stm32.11.3.rel1.win32_1.1.100.202309141235/tools/bin/../lib/gcc/arm-none-eabi/11.3.1/../../../../arm-none-eabi/lib/thumb/v7e-m+dp/hard\libc_nano.a(libc_a-msizer.o)
                0x000000000800e24a                _malloc_usable_size_r
 .text.__sfputc_r
                0x000000000800e25a       0x2e E:/STM32CubeIDE/STM32CubeIDE/plugins/com.st.stm32cube.ide.mcu.externaltools.gnu-tools-for-stm32.11.3.rel1.win32_1.1.100.202309141235/tools/bin/../lib/gcc/arm-none-eabi/11.3.1/../../../../arm-none-eabi/lib/thumb/v7e-m+dp/hard\libc_nano.a(libc_a-nano-vfprintf.o)
 .text.__sfputs_r
                0x000000000800e288       0x24 E:/STM32CubeIDE/STM32CubeIDE/plugins/com.st.stm32cube.ide.mcu.externaltools.gnu-tools-for-stm32.11.3.rel1.win32_1.1.100.202309141235/tools/bin/../lib/gcc/arm-none-eabi/11.3.1/../../../../arm-none-eabi/lib/thumb/v7e-m+dp/hard\libc_nano.a(libc_a-nano-vfprintf.o)
                0x000000000800e288                __sfputs_r
 .text._vfprintf_r
                0x000000000800e2ac      0x234 E:/STM32CubeIDE/STM32CubeIDE/plugins/com.st.stm32cube.ide.mcu.externaltools.gnu-tools-for-stm32.11.3.rel1.win32_1.1.100.202309141235/tools/bin/../lib/gcc/arm-none-eabi/11.3.1/../../../../arm-none-eabi/lib/thumb/v7e-m+dp/hard\libc_nano.a(libc_a-nano-vfprintf.o)
                0x000000000800e2ac                _vfprintf_r
                0x000000000800e2ac                _vfiprintf_r
 .text.__swbuf_r
                0x000000000800e4e0       0x7a E:/STM32CubeIDE/STM32CubeIDE/plugins/com.st.stm32cube.ide.mcu.externaltools.gnu-tools-for-stm32.11.3.rel1.win32_1.1.100.202309141235/tools/bin/../lib/gcc/arm-none-eabi/11.3.1/../../../../arm-none-eabi/lib/thumb/v7e-m+dp/hard\libc_nano.a(libc_a-wbuf.o)
                0x000000000800e4e0                __swbuf_r
 *fill*         0x000000000800e55a        0x2 
 .text.__swsetup_r
                0x000000000800e55c       0xb0 E:/STM32CubeIDE/STM32CubeIDE/plugins/com.st.stm32cube.ide.mcu.externaltools.gnu-tools-for-stm32.11.3.rel1.win32_1.1.100.202309141235/tools/bin/../lib/gcc/arm-none-eabi/11.3.1/../../../../arm-none-eabi/lib/thumb/v7e-m+dp/hard\libc_nano.a(libc_a-wsetup.o)
                0x000000000800e55c                __swsetup_r
 .text._raise_r
                0x000000000800e60c       0x50 E:/STM32CubeIDE/STM32CubeIDE/plugins/com.st.stm32cube.ide.mcu.externaltools.gnu-tools-for-stm32.11.3.rel1.win32_1.1.100.202309141235/tools/bin/../lib/gcc/arm-none-eabi/11.3.1/../../../../arm-none-eabi/lib/thumb/v7e-m+dp/hard\libc_nano.a(libc_a-signal.o)
                0x000000000800e60c                _raise_r
 .text.raise    0x000000000800e65c       0x10 E:/STM32CubeIDE/STM32CubeIDE/plugins/com.st.stm32cube.ide.mcu.externaltools.gnu-tools-for-stm32.11.3.rel1.win32_1.1.100.202309141235/tools/bin/../lib/gcc/arm-none-eabi/11.3.1/../../../../arm-none-eabi/lib/thumb/v7e-m+dp/hard\libc_nano.a(libc_a-signal.o)
                0x000000000800e65c                raise
 .text._kill_r  0x000000000800e66c       0x24 E:/STM32CubeIDE/STM32CubeIDE/plugins/com.st.stm32cube.ide.mcu.externaltools.gnu-tools-for-stm32.11.3.rel1.win32_1.1.100.202309141235/tools/bin/../lib/gcc/arm-none-eabi/11.3.1/../../../../arm-none-eabi/lib/thumb/v7e-m+dp/hard\libc_nano.a(libc_a-signalr.o)
                0x000000000800e66c                _kill_r
 .text._getpid_r
                0x000000000800e690        0x4 E:/STM32CubeIDE/STM32CubeIDE/plugins/com.st.stm32cube.ide.mcu.externaltools.gnu-tools-for-stm32.11.3.rel1.win32_1.1.100.202309141235/tools/bin/../lib/gcc/arm-none-eabi/11.3.1/../../../../arm-none-eabi/lib/thumb/v7e-m+dp/hard\libc_nano.a(libc_a-signalr.o)
                0x000000000800e690                _getpid_r
 .text.__swhatbuf_r
                0x000000000800e694       0x4c E:/STM32CubeIDE/STM32CubeIDE/plugins/com.st.stm32cube.ide.mcu.externaltools.gnu-tools-for-stm32.11.3.rel1.win32_1.1.100.202309141235/tools/bin/../lib/gcc/arm-none-eabi/11.3.1/../../../../arm-none-eabi/lib/thumb/v7e-m+dp/hard\libc_nano.a(libc_a-makebuf.o)
                0x000000000800e694                __swhatbuf_r
 .text.__smakebuf_r
                0x000000000800e6e0       0x78 E:/STM32CubeIDE/STM32CubeIDE/plugins/com.st.stm32cube.ide.mcu.externaltools.gnu-tools-for-stm32.11.3.rel1.win32_1.1.100.202309141235/tools/bin/../lib/gcc/arm-none-eabi/11.3.1/../../../../arm-none-eabi/lib/thumb/v7e-m+dp/hard\libc_nano.a(libc_a-makebuf.o)
                0x000000000800e6e0                __smakebuf_r
 .text._fstat_r
                0x000000000800e758       0x24 E:/STM32CubeIDE/STM32CubeIDE/plugins/com.st.stm32cube.ide.mcu.externaltools.gnu-tools-for-stm32.11.3.rel1.win32_1.1.100.202309141235/tools/bin/../lib/gcc/arm-none-eabi/11.3.1/../../../../arm-none-eabi/lib/thumb/v7e-m+dp/hard\libc_nano.a(libc_a-fstatr.o)
                0x000000000800e758                _fstat_r
 .text._isatty_r
                0x000000000800e77c       0x20 E:/STM32CubeIDE/STM32CubeIDE/plugins/com.st.stm32cube.ide.mcu.externaltools.gnu-tools-for-stm32.11.3.rel1.win32_1.1.100.202309141235/tools/bin/../lib/gcc/arm-none-eabi/11.3.1/../../../../arm-none-eabi/lib/thumb/v7e-m+dp/hard\libc_nano.a(libc_a-isattyr.o)
                0x000000000800e77c                _isatty_r
 *(.glue_7)
 .glue_7        0x000000000800e79c        0x0 linker stubs
 *(.glue_7t)
 .glue_7t       0x000000000800e79c        0x0 linker stubs
 *(.eh_frame)
 .eh_frame      0x000000000800e79c        0x0 E:/STM32CubeIDE/STM32CubeIDE/plugins/com.st.stm32cube.ide.mcu.externaltools.gnu-tools-for-stm32.11.3.rel1.win32_1.1.100.202309141235/tools/bin/../lib/gcc/arm-none-eabi/11.3.1/thumb/v7e-m+dp/hard/crtbegin.o
 *(.init)
 .init          0x000000000800e79c        0x4 E:/STM32CubeIDE/STM32CubeIDE/plugins/com.st.stm32cube.ide.mcu.externaltools.gnu-tools-for-stm32.11.3.rel1.win32_1.1.100.202309141235/tools/bin/../lib/gcc/arm-none-eabi/11.3.1/thumb/v7e-m+dp/hard/crti.o
                0x000000000800e79c                _init
 .init          0x000000000800e7a0        0x8 E:/STM32CubeIDE/STM32CubeIDE/plugins/com.st.stm32cube.ide.mcu.externaltools.gnu-tools-for-stm32.11.3.rel1.win32_1.1.100.202309141235/tools/bin/../lib/gcc/arm-none-eabi/11.3.1/thumb/v7e-m+dp/hard/crtn.o
 *(.fini)
 .fini          0x000000000800e7a8        0x4 E:/STM32CubeIDE/STM32CubeIDE/plugins/com.st.stm32cube.ide.mcu.externaltools.gnu-tools-for-stm32.11.3.rel1.win32_1.1.100.202309141235/tools/bin/../lib/gcc/arm-none-eabi/11.3.1/thumb/v7e-m+dp/hard/crti.o
                0x000000000800e7a8                _fini
 .fini          0x000000000800e7ac        0x8 E:/STM32CubeIDE/STM32CubeIDE/plugins/com.st.stm32cube.ide.mcu.externaltools.gnu-tools-for-stm32.11.3.rel1.win32_1.1.100.202309141235/tools/bin/../lib/gcc/arm-none-eabi/11.3.1/thumb/v7e-m+dp/hard/crtn.o
                0x000000000800e7b4                . = ALIGN (0x4)
                0x000000000800e7b4                _etext = .

.vfp11_veneer   0x000000000800e7b4        0x0
 .vfp11_veneer  0x000000000800e7b4        0x0 linker stubs

.v4_bx          0x000000000800e7b4        0x0
 .v4_bx         0x000000000800e7b4        0x0 linker stubs

.iplt           0x000000000800e7b4        0x0
 .iplt          0x000000000800e7b4        0x0 E:/STM32CubeIDE/STM32CubeIDE/plugins/com.st.stm32cube.ide.mcu.externaltools.gnu-tools-for-stm32.11.3.rel1.win32_1.1.100.202309141235/tools/bin/../lib/gcc/arm-none-eabi/11.3.1/thumb/v7e-m+dp/hard/crtbegin.o

.rodata         0x000000000800e7b8      0x3f4
                0x000000000800e7b8                . = ALIGN (0x4)
 *(.rodata)
 .rodata        0x000000000800e7b8       0x26 ./Core/Src/cubemonitor.o
 *fill*         0x000000000800e7de        0x2 
 .rodata        0x000000000800e7e0       0x46 ./USB_DEVICE/App/usbd_desc.o
 *(.rodata*)
 *fill*         0x000000000800e826        0x2 
 .rodata.D1CorePrescTable
                0x000000000800e828       0x10 ./Core/Src/system_stm32h7xx.o
                0x000000000800e828                D1CorePrescTable
 .rodata._printf_float.str1.1
                0x000000000800e838       0x12 E:/STM32CubeIDE/STM32CubeIDE/plugins/com.st.stm32cube.ide.mcu.externaltools.gnu-tools-for-stm32.11.3.rel1.win32_1.1.100.202309141235/tools/bin/../lib/gcc/arm-none-eabi/11.3.1/../../../../arm-none-eabi/lib/thumb/v7e-m+dp/hard\libc_nano.a(libc_a-nano-vfprintf_float.o)
 .rodata._printf_i.str1.1
                0x000000000800e84a       0x22 E:/STM32CubeIDE/STM32CubeIDE/plugins/com.st.stm32cube.ide.mcu.externaltools.gnu-tools-for-stm32.11.3.rel1.win32_1.1.100.202309141235/tools/bin/../lib/gcc/arm-none-eabi/11.3.1/../../../../arm-none-eabi/lib/thumb/v7e-m+dp/hard\libc_nano.a(libc_a-nano-vfprintf_i.o)
 .rodata._dtoa_r.str1.1
                0x000000000800e86c       0x8d E:/STM32CubeIDE/STM32CubeIDE/plugins/com.st.stm32cube.ide.mcu.externaltools.gnu-tools-for-stm32.11.3.rel1.win32_1.1.100.202309141235/tools/bin/../lib/gcc/arm-none-eabi/11.3.1/../../../../arm-none-eabi/lib/thumb/v7e-m+dp/hard\libc_nano.a(libc_a-dtoa.o)
                                         0x8f (size before relaxing)
 .rodata._Balloc.str1.1
                0x000000000800e8f9       0x59 E:/STM32CubeIDE/STM32CubeIDE/plugins/com.st.stm32cube.ide.mcu.externaltools.gnu-tools-for-stm32.11.3.rel1.win32_1.1.100.202309141235/tools/bin/../lib/gcc/arm-none-eabi/11.3.1/../../../../arm-none-eabi/lib/thumb/v7e-m+dp/hard\libc_nano.a(libc_a-mprec.o)
                                         0x70 (size before relaxing)
 .rodata.__multadd.str1.1