../Core/Src/cubemonitor.c:31:6:CubeM_DefChNamesInit	16	static
../Core/Src/cubemonitor.c:37:6:CubeM_init	8	static
../Core/Src/cubemonitor.c:47:6:CubeM_setUART	4	static
../Core/Src/cubemonitor.c:51:6:CubeM_checkIsSent	4	static
../Core/Src/cubemonitor.c:59:9:CubeM_checkFirstValue	4	static
../Core/Src/cubemonitor.c:67:10:CubeM_setBufferSize	24	static
../Core/Src/cubemonitor.c:79:9:CubeM_setChannelname	24	static
../Core/Src/cubemonitor.c:89:10:CubeM_getChannelname	16	static
../Core/Src/cubemonitor.c:93:9:CubeM_setBuffer	16	static
../Core/Src/cubemonitor.c:104:9:CubeM_attendBuffer	24	static
../Core/Src/cubemonitor.c:116:9:CubeM_attendUIntValue	112	static
../Core/Src/cubemonitor.c:136:9:CubeM_attendIntValue	112	static
../Core/Src/cubemonitor.c:156:9:CubeM_attendFloatValue	120	static
../Core/Src/cubemonitor.c:176:9:CubeM_setDelimiter	16	static
../Core/Src/cubemonitor.c:185:9:CubeM_setEOL	16	static
../Core/Src/cubemonitor.c:194:9:CubeM_sendBuffer	8	static
