../Core/Src/cubemonitor.c:33:6:CubeM_DefChInit	16	static
../Core/Src/cubemonitor.c:42:6:CubeM_getStrLengths	8	static
../Core/Src/cubemonitor.c:48:10:CubeM_defInit	8	static
../Core/Src/cubemonitor.c:52:10:CubeM_Init	24	static
../Core/Src/cubemonitor.c:68:6:CubeM_setUART	4	static
../Core/Src/cubemonitor.c:72:10:CubeM_setBufferSize	24	static
../Core/Src/cubemonitor.c:88:9:CubeM_clearBuffer	4	static
../Core/Src/cubemonitor.c:97:9:CubeM_setChannelname	24	static
../Core/Src/cubemonitor.c:107:10:CubeM_getChannelname	16	static
../Core/Src/cubemonitor.c:111:9:CubeM_setBuffer	24	static
../Core/Src/cubemonitor.c:130:9:CubeM_attendBuffer	24	static
../Core/Src/cubemonitor.c:141:9:CubeM_attendUIntValue	112	static
../Core/Src/cubemonitor.c:159:9:CubeM_attendIntValue	112	static
../Core/Src/cubemonitor.c:177:9:CubeM_attendFloatValue	120	static
../Core/Src/cubemonitor.c:195:9:CubeM_setDelimiter	16	static
../Core/Src/cubemonitor.c:204:9:CubeM_setEOL	16	static
../Core/Src/cubemonitor.c:213:9:CubeM_sendBuffer	8	static
../Core/Src/cubemonitor.c:223:9:CubeM_setDataType	16	static
../Core/Src/cubemonitor.c:230:9:CubeM_setUINTValue	16	static
../Core/Src/cubemonitor.c:238:9:CubeM_setINTValue	16	static
../Core/Src/cubemonitor.c:246:9:CubeM_setFLOATValue	16	static
../Core/Src/cubemonitor.c:254:9:CubeM_setDOUBLEValue	24	static
../Core/Src/cubemonitor.c:262:9:CubeM_setLDOUBLEValue	24	static
../Core/Src/cubemonitor.c:270:9:CubeM_sendCurValues	120	static
../Core/Src/cubemonitor.c:320:6:CubeM_DEBUGERRORHANDLER	16	static,ignoring_inline_asm
../Core/Src/cubemonitor.c:324:9:CubeM_runDebugTests	24	static
