../Core/Src/cubemonitor.c:33:6:CubeM_DefChInit	16	static
../Core/Src/cubemonitor.c:43:6:CubeM_getStrLengths	8	static
../Core/Src/cubemonitor.c:49:10:CubeM_defInit	8	static
../Core/Src/cubemonitor.c:53:10:CubeM_Init	24	static
../Core/Src/cubemonitor.c:69:6:CubeM_setUART	4	static
../Core/Src/cubemonitor.c:73:10:CubeM_setBufferSize	24	static
../Core/Src/cubemonitor.c:89:9:CubeM_clearBuffer	4	static
../Core/Src/cubemonitor.c:98:9:CubeM_setChannelname	24	static
../Core/Src/cubemonitor.c:108:10:CubeM_getChannelname	16	static
../Core/Src/cubemonitor.c:112:9:CubeM_setBuffer	24	static
../Core/Src/cubemonitor.c:131:9:CubeM_attendBuffer	24	static
../Core/Src/cubemonitor.c:142:9:CubeM_attendUIntValue	112	static
../Core/Src/cubemonitor.c:160:9:CubeM_attendIntValue	112	static
../Core/Src/cubemonitor.c:178:9:CubeM_attendFloatValue	120	static
../Core/Src/cubemonitor.c:196:9:CubeM_setDelimiter	16	static
../Core/Src/cubemonitor.c:205:9:CubeM_setEOL	16	static
../Core/Src/cubemonitor.c:214:9:CubeM_sendBuffer	8	static
../Core/Src/cubemonitor.c:224:9:CubeM_setDataType	16	static
../Core/Src/cubemonitor.c:231:9:CubeM_setPrecision	16	static
../Core/Src/cubemonitor.c:238:9:CubeM_setUINTValue	16	static
../Core/Src/cubemonitor.c:246:9:CubeM_setINTValue	16	static
../Core/Src/cubemonitor.c:254:9:CubeM_setFLOATValue	16	static
../Core/Src/cubemonitor.c:262:9:CubeM_setDOUBLEValue	24	static
../Core/Src/cubemonitor.c:270:9:CubeM_setLDOUBLEValue	24	static
../Core/Src/cubemonitor.c:278:9:CubeM_sendCurValues	120	static
../Core/Src/cubemonitor.c:328:6:CubeM_DEBUGERRORHANDLER	16	static,ignoring_inline_asm
../Core/Src/cubemonitor.c:332:9:CubeM_runDebugTests	48	static
