../Core/Src/cubemonitor.c:28:6:CubeM_DefChNamesInit	16	static
../Core/Src/cubemonitor.c:34:6:CubeM_init	8	static
../Core/Src/cubemonitor.c:43:6:CubeM_setUART	4	static
../Core/Src/cubemonitor.c:47:10:CubeM_setBufferSize	24	static
../Core/Src/cubemonitor.c:59:9:CubeM_setChannelname	24	static
../Core/Src/cubemonitor.c:69:10:CubeM_getChannelname	16	static
../Core/Src/cubemonitor.c:73:9:CubeM_setBuffer	16	static
../Core/Src/cubemonitor.c:84:9:CubeM_attendBuffer	24	static
../Core/Src/cubemonitor.c:95:9:CubeM_attendUIntValue	112	static
../Core/Src/cubemonitor.c:110:9:CubeM_attendIntValue	112	static
../Core/Src/cubemonitor.c:125:9:CubeM_attendFloatValue	120	static
../Core/Src/cubemonitor.c:140:9:CubeM_setDelimiter	16	static
../Core/Src/cubemonitor.c:149:9:CubeM_setEOL	16	static
../Core/Src/cubemonitor.c:158:9:CubeM_sendBuffer	8	static
