../Core/Src/cubemonitor.c:33:6:CubeM_DefChNamesInit	16	static
../Core/Src/cubemonitor.c:40:6:CubeM_init	8	static
../Core/Src/cubemonitor.c:49:6:CubeM_setUART	4	static
../Core/Src/cubemonitor.c:53:10:CubeM_setBufferSize	24	static
../Core/Src/cubemonitor.c:68:9:CubeM_setChannelname	24	static
../Core/Src/cubemonitor.c:79:10:CubeM_getChannelname	16	static
../Core/Src/cubemonitor.c:83:9:CubeM_setBuffer	16	static
../Core/Src/cubemonitor.c:94:9:CubeM_attendBuffer	24	static
../Core/Src/cubemonitor.c:105:9:CubeM_attendUIntValue	112	static
../Core/Src/cubemonitor.c:127:9:CubeM_attendIntValue	112	static
../Core/Src/cubemonitor.c:149:9:CubeM_attendFloatValue	120	static
../Core/Src/cubemonitor.c:171:9:CubeM_setDelimiter	16	static
../Core/Src/cubemonitor.c:180:9:CubeM_setEOL	16	static
../Core/Src/cubemonitor.c:189:9:CubeM_sendBuffer	8	static
../Core/Src/cubemonitor.c:198:9:CubeM_runDebugTests	16	static
