../Core/Src/cubemonitor.c:34:6:CubeM_DefChNamesInit	16	static
../Core/Src/cubemonitor.c:41:6:CubeM_getStrLengths	8	static
../Core/Src/cubemonitor.c:47:10:CubeM_defInit	16	static
../Core/Src/cubemonitor.c:58:10:CubeM_Init	24	static
../Core/Src/cubemonitor.c:74:6:CubeM_setUART	4	static
../Core/Src/cubemonitor.c:78:10:CubeM_setBufferSize	24	static
../Core/Src/cubemonitor.c:94:9:CubeM_setChannelname	24	static
../Core/Src/cubemonitor.c:105:10:CubeM_getChannelname	16	static
../Core/Src/cubemonitor.c:109:9:CubeM_setBuffer	24	static
../Core/Src/cubemonitor.c:128:9:CubeM_attendBuffer	24	static
../Core/Src/cubemonitor.c:161:9:CubeM_attendUIntValue	112	static
../Core/Src/cubemonitor.c:179:9:CubeM_attendIntValue	112	static
../Core/Src/cubemonitor.c:197:9:CubeM_attendFloatValue	120	static
../Core/Src/cubemonitor.c:215:9:CubeM_setDelimiter	16	static
../Core/Src/cubemonitor.c:224:9:CubeM_setEOL	16	static
../Core/Src/cubemonitor.c:233:9:CubeM_sendBuffer	8	static
../Core/Src/cubemonitor.c:242:9:CubeM_runDebugTests	16	static
