../Core/Src/filters.c:15:9:initAvgFilter	16	static
../Core/Src/filters.c:26:9:initMedFilter	8	static
../Core/Src/filters.c:32:9:initAvgMedFilter	8	static
../Core/Src/filters.c:38:9:initFIRFilter	8	static
../Core/Src/filters.c:44:9:initIIRFilter	8	static
../Core/Src/filters.c:50:9:initFilterBuffer	24	static
../Core/Src/filters.c:63:9:addInternalFilter	8	static
../Core/Src/filters.c:68:9:applyFilter	32	static
../Core/Src/filters.c:137:9:filterdebug_checkWithTolerance	40	static
../Core/Src/filters.c:142:6:filterdebug_fillDebugBuffer	32	static
../Core/Src/filters.c:150:9:testFilters	136	static
